179.48.76.178 - - [29/Oct/2023:09:35:00 -0300] "GET /pastaonline/arquivo/20200821-192957-1-0-2613.jpg HTTP/1.1" 200 36760 "https://www.canopusconstrucoes.com.br/pastaonline/consultaproposta.php?codigo=2613" "" 57215
179.48.76.178 - - [29/Oct/2023:09:35:01 -0300] "GET /pastaonline/arquivo/20200821-192957-1-0-2613.jpg HTTP/1.1" 200 36760 "https://www.canopusconstrucoes.com.br/pastaonline/consultaproposta.php?codigo=2613" "" 57225
179.48.76.178 - - [29/Oct/2023:09:35:01 -0300] "GET /pastaonline/arquivo/20200821-192957-1-0-2613.jpg HTTP/1.1" 200 36760 "https://www.canopusconstrucoes.com.br/pastaonline/consultaproposta.php?codigo=2613" "" 57226
179.48.76.178 - - [29/Oct/2023:09:35:01 -0300] "GET /pastaonline/arquivo/20200821-192957-1-0-2613.jpg HTTP/1.1" 200 36760 "https://www.canopusconstrucoes.com.br/pastaonline/consultaproposta.php?codigo=2613" "" 57238
179.48.76.178 - - [29/Oct/2023:09:35:01 -0300] "GET /pastaonline/arquivo/20200821-192957-1-0-2613.jpg HTTP/1.1" 200 36760 "https://www.canopusconstrucoes.com.br/pastaonline/consultaproposta.php?codigo=2613" "" 57239
179.48.76.178 - - [29/Oct/2023:09:35:01 -0300] "GET /pastaonline/arquivo/20200821-192957-1-0-2613.jpg HTTP/1.1" 200 36760 "https://www.canopusconstrucoes.com.br/pastaonline/consultaproposta.php?codigo=2613" "" 57244
179.48.76.178 - - [29/Oct/2023:09:35:01 -0300] "GET /pastaonline/arquivo/20200821-192957-1-0-2613.jpg HTTP/1.1" 200 36760 "https://www.canopusconstrucoes.com.br/pastaonline/consultaproposta.php?codigo=2613" "" 57246
179.48.76.178 - - [29/Oct/2023:09:35:02 -0300] "GET /pastaonline/arquivo/20200821-192957-1-0-2613.jpg HTTP/1.1" 200 36760 "https://www.canopusconstrucoes.com.br/pastaonline/consultaproposta.php?codigo=2613" "" 57254
179.48.76.178 - - [29/Oct/2023:09:35:02 -0300] "GET /pastaonline/arquivo/20200821-192957-1-0-2613.jpg HTTP/1.1" 200 36760 "https://www.canopusconstrucoes.com.br/pastaonline/consultaproposta.php?codigo=2613" "" 57255
179.48.76.178 - - [29/Oct/2023:09:35:02 -0300] "GET /pastaonline/arquivo/20200821-192957-1-0-2613.jpg HTTP/1.1" 200 36760 "https://www.canopusconstrucoes.com.br/pastaonline/consultaproposta.php?codigo=2613" "" 57275
179.48.76.178 - - [29/Oct/2023:09:36:07 -0300] "GET /pastaonline/arquivo/20201214-133720-6-0-5462.pdf HTTP/1.1" 200 9929 "https://www.canopusconstrucoes.com.br/pastaonline/consultaproposta.php?codigo=5462" "Mozilla/5.0 (Linux; U; Android 9; pt-br; Redmi Note 8 Build/PKQ1.190616.001) AppleWebKit/537.36 (KHTML, like Gecko) Version/4.0 Chrome/71.0.3578.141 Mobile Safari/537.36 XiaoMi/MiuiBrowser/12.7.4-gn" 55497
179.48.76.178 - - [29/Oct/2023:09:36:07 -0300] "GET /pastaonline/arquivo/20201214-133720-6-0-5462.pdf HTTP/1.1" 200 9929 "https://www.canopusconstrucoes.com.br/pastaonline/consultaproposta.php?codigo=5462" "Mozilla/5.0 (Linux; U; Android 9; pt-br; Redmi Note 8 Build/PKQ1.190616.001) AppleWebKit/537.36 (KHTML, like Gecko) Version/4.0 Chrome/71.0.3578.141 Mobile Safari/537.36 XiaoMi/MiuiBrowser/12.7.4-gn" 55496
179.48.76.178 - - [29/Oct/2023:09:36:08 -0300] "GET /pastaonline/arquivo/20201214-133720-6-0-5462.pdf HTTP/1.1" 200 9929 "https://www.canopusconstrucoes.com.br/pastaonline/consultaproposta.php?codigo=5462" "Mozilla/5.0 (Linux; U; Android 9; pt-br; Redmi Note 8 Build/PKQ1.190616.001) AppleWebKit/537.36 (KHTML, like Gecko) Version/4.0 Chrome/71.0.3578.141 Mobile Safari/537.36 XiaoMi/MiuiBrowser/12.7.4-gn" 55602
179.48.76.178 - - [29/Oct/2023:09:36:08 -0300] "GET /pastaonline/arquivo/20201214-133720-6-0-5462.pdf HTTP/1.1" 200 9929 "https://www.canopusconstrucoes.com.br/pastaonline/consultaproposta.php?codigo=5462" "Mozilla/5.0 (Linux; U; Android 9; pt-br; Redmi Note 8 Build/PKQ1.190616.001) AppleWebKit/537.36 (KHTML, like Gecko) Version/4.0 Chrome/71.0.3578.141 Mobile Safari/537.36 XiaoMi/MiuiBrowser/12.7.4-gn" 55601
179.48.76.178 - - [29/Oct/2023:09:36:09 -0300] "GET /pastaonline/arquivo/20201214-133720-6-0-5462.pdf HTTP/1.1" 200 9929 "https://www.canopusconstrucoes.com.br/pastaonline/consultaproposta.php?codigo=5462" "Mozilla/5.0 (Linux; U; Android 9; pt-br; Redmi Note 8 Build/PKQ1.190616.001) AppleWebKit/537.36 (KHTML, like Gecko) Version/4.0 Chrome/71.0.3578.141 Mobile Safari/537.36 XiaoMi/MiuiBrowser/12.7.4-gn" 55629
179.48.76.178 - - [29/Oct/2023:09:36:09 -0300] "GET /pastaonline/arquivo/20201214-133720-6-0-5462.pdf HTTP/1.1" 200 9929 "https://www.canopusconstrucoes.com.br/pastaonline/consultaproposta.php?codigo=5462" "Mozilla/5.0 (Linux; U; Android 9; pt-br; Redmi Note 8 Build/PKQ1.190616.001) AppleWebKit/537.36 (KHTML, like Gecko) Version/4.0 Chrome/71.0.3578.141 Mobile Safari/537.36 XiaoMi/MiuiBrowser/12.7.4-gn" 55628
179.48.76.178 - - [29/Oct/2023:09:36:09 -0300] "GET /pastaonline/arquivo/20201214-133720-6-0-5462.pdf HTTP/1.1" 200 9929 "https://www.canopusconstrucoes.com.br/pastaonline/consultaproposta.php?codigo=5462" "Mozilla/5.0 (Linux; U; Android 9; pt-br; Redmi Note 8 Build/PKQ1.190616.001) AppleWebKit/537.36 (KHTML, like Gecko) Version/4.0 Chrome/71.0.3578.141 Mobile Safari/537.36 XiaoMi/MiuiBrowser/12.7.4-gn" 55637
179.48.76.178 - - [29/Oct/2023:09:36:09 -0300] "GET /pastaonline/arquivo/20201214-133720-6-0-5462.pdf HTTP/1.1" 200 9929 "https://www.canopusconstrucoes.com.br/pastaonline/consultaproposta.php?codigo=5462" "Mozilla/5.0 (Linux; U; Android 9; pt-br; Redmi Note 8 Build/PKQ1.190616.001) AppleWebKit/537.36 (KHTML, like Gecko) Version/4.0 Chrome/71.0.3578.141 Mobile Safari/537.36 XiaoMi/MiuiBrowser/12.7.4-gn" 55636
179.48.76.178 - - [29/Oct/2023:09:36:09 -0300] "GET /pastaonline/arquivo/20201214-133720-6-0-5462.pdf HTTP/1.1" 200 9929 "https://www.canopusconstrucoes.com.br/pastaonline/consultaproposta.php?codigo=5462" "Mozilla/5.0 (Linux; U; Android 9; pt-br; Redmi Note 8 Build/PKQ1.190616.001) AppleWebKit/537.36 (KHTML, like Gecko) Version/4.0 Chrome/71.0.3578.141 Mobile Safari/537.36 XiaoMi/MiuiBrowser/12.7.4-gn" 55652
179.48.76.178 - - [29/Oct/2023:09:36:09 -0300] "GET /pastaonline/arquivo/20201214-133720-6-0-5462.pdf HTTP/1.1" 200 9929 "https://www.canopusconstrucoes.com.br/pastaonline/consultaproposta.php?codigo=5462" "Mozilla/5.0 (Linux; U; Android 9; pt-br; Redmi Note 8 Build/PKQ1.190616.001) AppleWebKit/537.36 (KHTML, like Gecko) Version/4.0 Chrome/71.0.3578.141 Mobile Safari/537.36 XiaoMi/MiuiBrowser/12.7.4-gn" 55653
179.48.76.178 - - [29/Oct/2023:09:36:10 -0300] "GET /pastaonline/arquivo/20201214-133720-6-0-5462.pdf HTTP/1.1" 200 9929 "https://www.canopusconstrucoes.com.br/pastaonline/consultaproposta.php?codigo=5462" "Mozilla/5.0 (Linux; U; Android 9; pt-br; Redmi Note 8 Build/PKQ1.190616.001) AppleWebKit/537.36 (KHTML, like Gecko) Version/4.0 Chrome/71.0.3578.141 Mobile Safari/537.36 XiaoMi/MiuiBrowser/12.7.4-gn" 55659
179.48.76.178 - - [29/Oct/2023:09:36:10 -0300] "GET /pastaonline/arquivo/20201214-133720-6-0-5462.pdf HTTP/1.1" 200 9929 "https://www.canopusconstrucoes.com.br/pastaonline/consultaproposta.php?codigo=5462" "Mozilla/5.0 (Linux; U; Android 9; pt-br; Redmi Note 8 Build/PKQ1.190616.001) AppleWebKit/537.36 (KHTML, like Gecko) Version/4.0 Chrome/71.0.3578.141 Mobile Safari/537.36 XiaoMi/MiuiBrowser/12.7.4-gn" 55660
181.222.1.25 - - [29/Oct/2023:09:36:17 -0300] "GET / HTTP/1.1" 200 44257 "https://l.facebook.com/" "Mozilla/5.0 (Linux; Android 12; M2102J20SG Build/SKQ1.211006.001; wv) AppleWebKit/537.36 (KHTML, like Gecko) Version/4.0 Chrome/117.0.0.0 Mobile Safari/537.36 Instagram 305.0.0.34.110 Android (31/12; 440dpi; 1080x2179; Xiaomi/POCO; M2102J20SG; vayu; qcom; pt_PT; 527673577)" 15370
181.222.1.25 - - [29/Oct/2023:09:36:18 -0300] "GET /fonts/fonts.css HTTP/1.1" 200 1955 "https://www.canopusconstrucoes.com.br/" "Mozilla/5.0 (Linux; Android 12; M2102J20SG Build/SKQ1.211006.001; wv) AppleWebKit/537.36 (KHTML, like Gecko) Version/4.0 Chrome/117.0.0.0 Mobile Safari/537.36 Instagram 305.0.0.34.110 Android (31/12; 440dpi; 1080x2179; Xiaomi/POCO; M2102J20SG; vayu; qcom; pt_PT; 527673577)" 15372
181.222.1.25 - - [29/Oct/2023:09:36:18 -0300] "GET /css/site/app.css?v=4 HTTP/1.1" 200 35660 "https://www.canopusconstrucoes.com.br/" "Mozilla/5.0 (Linux; Android 12; M2102J20SG Build/SKQ1.211006.001; wv) AppleWebKit/537.36 (KHTML, like Gecko) Version/4.0 Chrome/117.0.0.0 Mobile Safari/537.36 Instagram 305.0.0.34.110 Android (31/12; 440dpi; 1080x2179; Xiaomi/POCO; M2102J20SG; vayu; qcom; pt_PT; 527673577)" 15374
181.222.1.25 - - [29/Oct/2023:09:36:18 -0300] "GET /css/site/media-queries.css HTTP/1.1" 200 6437 "https://www.canopusconstrucoes.com.br/" "Mozilla/5.0 (Linux; Android 12; M2102J20SG Build/SKQ1.211006.001; wv) AppleWebKit/537.36 (KHTML, like Gecko) Version/4.0 Chrome/117.0.0.0 Mobile Safari/537.36 Instagram 305.0.0.34.110 Android (31/12; 440dpi; 1080x2179; Xiaomi/POCO; M2102J20SG; vayu; qcom; pt_PT; 527673577)" 15378
181.222.1.25 - - [29/Oct/2023:09:36:18 -0300] "GET /css/site/vendor.css HTTP/1.1" 200 142562 "https://www.canopusconstrucoes.com.br/" "Mozilla/5.0 (Linux; Android 12; M2102J20SG Build/SKQ1.211006.001; wv) AppleWebKit/537.36 (KHTML, like Gecko) Version/4.0 Chrome/117.0.0.0 Mobile Safari/537.36 Instagram 305.0.0.34.110 Android (31/12; 440dpi; 1080x2179; Xiaomi/POCO; M2102J20SG; vayu; qcom; pt_PT; 527673577)" 15376
181.222.1.25 - - [29/Oct/2023:09:36:19 -0300] "GET /fonts/rubik-regular-webfont.woff2 HTTP/1.1" 200 27212 "https://www.canopusconstrucoes.com.br/fonts/fonts.css" "Mozilla/5.0 (Linux; Android 12; M2102J20SG Build/SKQ1.211006.001; wv) AppleWebKit/537.36 (KHTML, like Gecko) Version/4.0 Chrome/117.0.0.0 Mobile Safari/537.36 Instagram 305.0.0.34.110 Android (31/12; 440dpi; 1080x2179; Xiaomi/POCO; M2102J20SG; vayu; qcom; pt_PT; 527673577)" 15386
181.222.1.25 - - [29/Oct/2023:09:36:19 -0300] "GET /fonts/rubik-bold-webfont.woff2 HTTP/1.1" 200 26692 "https://www.canopusconstrucoes.com.br/fonts/fonts.css" "Mozilla/5.0 (Linux; Android 12; M2102J20SG Build/SKQ1.211006.001; wv) AppleWebKit/537.36 (KHTML, like Gecko) Version/4.0 Chrome/117.0.0.0 Mobile Safari/537.36 Instagram 305.0.0.34.110 Android (31/12; 440dpi; 1080x2179; Xiaomi/POCO; M2102J20SG; vayu; qcom; pt_PT; 527673577)" 15382
181.222.1.25 - - [29/Oct/2023:09:36:19 -0300] "GET /fonts/rubik-medium-webfont.woff2 HTTP/1.1" 200 26508 "https://www.canopusconstrucoes.com.br/fonts/fonts.css" "Mozilla/5.0 (Linux; Android 12; M2102J20SG Build/SKQ1.211006.001; wv) AppleWebKit/537.36 (KHTML, like Gecko) Version/4.0 Chrome/117.0.0.0 Mobile Safari/537.36 Instagram 305.0.0.34.110 Android (31/12; 440dpi; 1080x2179; Xiaomi/POCO; M2102J20SG; vayu; qcom; pt_PT; 527673577)" 15388
181.222.1.25 - - [29/Oct/2023:09:36:19 -0300] "GET /fonts/rubik-light-webfont.woff2 HTTP/1.1" 200 26500 "https://www.canopusconstrucoes.com.br/fonts/fonts.css" "Mozilla/5.0 (Linux; Android 12; M2102J20SG Build/SKQ1.211006.001; wv) AppleWebKit/537.36 (KHTML, like Gecko) Version/4.0 Chrome/117.0.0.0 Mobile Safari/537.36 Instagram 305.0.0.34.110 Android (31/12; 440dpi; 1080x2179; Xiaomi/POCO; M2102J20SG; vayu; qcom; pt_PT; 527673577)" 15384
181.222.1.25 - - [29/Oct/2023:09:36:19 -0300] "GET /img/icons/logo-nav.png HTTP/1.1" 200 9394 "https://www.canopusconstrucoes.com.br/" "Mozilla/5.0 (Linux; Android 12; M2102J20SG Build/SKQ1.211006.001; wv) AppleWebKit/537.36 (KHTML, like Gecko) Version/4.0 Chrome/117.0.0.0 Mobile Safari/537.36 Instagram 305.0.0.34.110 Android (31/12; 440dpi; 1080x2179; Xiaomi/POCO; M2102J20SG; vayu; qcom; pt_PT; 527673577)" 15392
179.48.76.178 - - [29/Oct/2023:09:36:19 -0300] "GET /pastaonline/arquivo/20201214-133720-6-1-5462.pdf HTTP/1.1" 200 10570 "https://www.canopusconstrucoes.com.br/pastaonline/consultaproposta.php?codigo=5462" "Mozilla/5.0 (Linux; U; Android 9; pt-br; Redmi Note 8 Build/PKQ1.190616.001) AppleWebKit/537.36 (KHTML, like Gecko) Version/4.0 Chrome/71.0.3578.141 Mobile Safari/537.36 XiaoMi/MiuiBrowser/12.7.4-gn" 55985
179.48.76.178 - - [29/Oct/2023:09:36:19 -0300] "GET /pastaonline/arquivo/20201214-133720-6-1-5462.pdf HTTP/1.1" 200 10570 "https://www.canopusconstrucoes.com.br/pastaonline/consultaproposta.php?codigo=5462" "Mozilla/5.0 (Linux; U; Android 9; pt-br; Redmi Note 8 Build/PKQ1.190616.001) AppleWebKit/537.36 (KHTML, like Gecko) Version/4.0 Chrome/71.0.3578.141 Mobile Safari/537.36 XiaoMi/MiuiBrowser/12.7.4-gn" 55986
179.48.76.178 - - [29/Oct/2023:09:36:19 -0300] "GET /pastaonline/arquivo/20201214-133720-6-1-5462.pdf HTTP/1.1" 200 10570 "https://www.canopusconstrucoes.com.br/pastaonline/consultaproposta.php?codigo=5462" "Mozilla/5.0 (Linux; U; Android 9; pt-br; Redmi Note 8 Build/PKQ1.190616.001) AppleWebKit/537.36 (KHTML, like Gecko) Version/4.0 Chrome/71.0.3578.141 Mobile Safari/537.36 XiaoMi/MiuiBrowser/12.7.4-gn" 55987
181.222.1.25 - - [29/Oct/2023:09:36:19 -0300] "GET /img-render/imovel_imagem/m/guarita-3_9870.jpg HTTP/1.1" 200 53376 "https://www.canopusconstrucoes.com.br/" "Mozilla/5.0 (Linux; Android 12; M2102J20SG Build/SKQ1.211006.001; wv) AppleWebKit/537.36 (KHTML, like Gecko) Version/4.0 Chrome/117.0.0.0 Mobile Safari/537.36 Instagram 305.0.0.34.110 Android (31/12; 440dpi; 1080x2179; Xiaomi/POCO; M2102J20SG; vayu; qcom; pt_PT; 527673577)" 15390
181.222.1.25 - - [29/Oct/2023:09:36:19 -0300] "GET /js/site/site.js HTTP/1.1" 200 4249 "https://www.canopusconstrucoes.com.br/" "Mozilla/5.0 (Linux; Android 12; M2102J20SG Build/SKQ1.211006.001; wv) AppleWebKit/537.36 (KHTML, like Gecko) Version/4.0 Chrome/117.0.0.0 Mobile Safari/537.36 Instagram 305.0.0.34.110 Android (31/12; 440dpi; 1080x2179; Xiaomi/POCO; M2102J20SG; vayu; qcom; pt_PT; 527673577)" 15400
181.222.1.25 - - [29/Oct/2023:09:36:19 -0300] "GET /js/controle.js HTTP/1.1" 200 3083 "https://www.canopusconstrucoes.com.br/" "Mozilla/5.0 (Linux; Android 12; M2102J20SG Build/SKQ1.211006.001; wv) AppleWebKit/537.36 (KHTML, like Gecko) Version/4.0 Chrome/117.0.0.0 Mobile Safari/537.36 Instagram 305.0.0.34.110 Android (31/12; 440dpi; 1080x2179; Xiaomi/POCO; M2102J20SG; vayu; qcom; pt_PT; 527673577)" 15406
181.222.1.25 - - [29/Oct/2023:09:36:19 -0300] "GET /img/icons/clock.png HTTP/1.1" 200 3206 "https://www.canopusconstrucoes.com.br/" "Mozilla/5.0 (Linux; Android 12; M2102J20SG Build/SKQ1.211006.001; wv) AppleWebKit/537.36 (KHTML, like Gecko) Version/4.0 Chrome/117.0.0.0 Mobile Safari/537.36 Instagram 305.0.0.34.110 Android (31/12; 440dpi; 1080x2179; Xiaomi/POCO; M2102J20SG; vayu; qcom; pt_PT; 527673577)" 15410
181.222.1.25 - - [29/Oct/2023:09:36:19 -0300] "GET /js/site/vendor.js HTTP/1.1" 200 254960 "https://www.canopusconstrucoes.com.br/" "Mozilla/5.0 (Linux; Android 12; M2102J20SG Build/SKQ1.211006.001; wv) AppleWebKit/537.36 (KHTML, like Gecko) Version/4.0 Chrome/117.0.0.0 Mobile Safari/537.36 Instagram 305.0.0.34.110 Android (31/12; 440dpi; 1080x2179; Xiaomi/POCO; M2102J20SG; vayu; qcom; pt_PT; 527673577)" 15404
181.222.1.25 - - [29/Oct/2023:09:36:19 -0300] "GET /js/admin/vendor.js HTTP/1.1" 200 214368 "https://www.canopusconstrucoes.com.br/" "Mozilla/5.0 (Linux; Android 12; M2102J20SG Build/SKQ1.211006.001; wv) AppleWebKit/537.36 (KHTML, like Gecko) Version/4.0 Chrome/117.0.0.0 Mobile Safari/537.36 Instagram 305.0.0.34.110 Android (31/12; 440dpi; 1080x2179; Xiaomi/POCO; M2102J20SG; vayu; qcom; pt_PT; 527673577)" 15402
181.222.1.25 - - [29/Oct/2023:09:36:19 -0300] "GET /img/icons/location.png HTTP/1.1" 200 3113 "https://www.canopusconstrucoes.com.br/" "Mozilla/5.0 (Linux; Android 12; M2102J20SG Build/SKQ1.211006.001; wv) AppleWebKit/537.36 (KHTML, like Gecko) Version/4.0 Chrome/117.0.0.0 Mobile Safari/537.36 Instagram 305.0.0.34.110 Android (31/12; 440dpi; 1080x2179; Xiaomi/POCO; M2102J20SG; vayu; qcom; pt_PT; 527673577)" 15416
181.222.1.25 - - [29/Oct/2023:09:36:19 -0300] "GET /img/icons/phone.png HTTP/1.1" 200 3145 "https://www.canopusconstrucoes.com.br/" "Mozilla/5.0 (Linux; Android 12; M2102J20SG Build/SKQ1.211006.001; wv) AppleWebKit/537.36 (KHTML, like Gecko) Version/4.0 Chrome/117.0.0.0 Mobile Safari/537.36 Instagram 305.0.0.34.110 Android (31/12; 440dpi; 1080x2179; Xiaomi/POCO; M2102J20SG; vayu; qcom; pt_PT; 527673577)" 15414
181.222.1.25 - - [29/Oct/2023:09:36:20 -0300] "GET /img/icons/whatsapp.png HTTP/1.1" 200 3215 "https://www.canopusconstrucoes.com.br/" "Mozilla/5.0 (Linux; Android 12; M2102J20SG Build/SKQ1.211006.001; wv) AppleWebKit/537.36 (KHTML, like Gecko) Version/4.0 Chrome/117.0.0.0 Mobile Safari/537.36 Instagram 305.0.0.34.110 Android (31/12; 440dpi; 1080x2179; Xiaomi/POCO; M2102J20SG; vayu; qcom; pt_PT; 527673577)" 15418
181.222.1.25 - - [29/Oct/2023:09:36:20 -0300] "GET /img/icons/email.png HTTP/1.1" 200 3128 "https://www.canopusconstrucoes.com.br/" "Mozilla/5.0 (Linux; Android 12; M2102J20SG Build/SKQ1.211006.001; wv) AppleWebKit/537.36 (KHTML, like Gecko) Version/4.0 Chrome/117.0.0.0 Mobile Safari/537.36 Instagram 305.0.0.34.110 Android (31/12; 440dpi; 1080x2179; Xiaomi/POCO; M2102J20SG; vayu; qcom; pt_PT; 527673577)" 15420
181.222.1.25 - - [29/Oct/2023:09:36:20 -0300] "GET /img/icons/person.png HTTP/1.1" 200 3243 "https://www.canopusconstrucoes.com.br/" "Mozilla/5.0 (Linux; Android 12; M2102J20SG Build/SKQ1.211006.001; wv) AppleWebKit/537.36 (KHTML, like Gecko) Version/4.0 Chrome/117.0.0.0 Mobile Safari/537.36 Instagram 305.0.0.34.110 Android (31/12; 440dpi; 1080x2179; Xiaomi/POCO; M2102J20SG; vayu; qcom; pt_PT; 527673577)" 15424
181.222.1.25 - - [29/Oct/2023:09:36:20 -0300] "GET /img/icons/location2.png HTTP/1.1" 200 49540 "https://www.canopusconstrucoes.com.br/" "Mozilla/5.0 (Linux; Android 12; M2102J20SG Build/SKQ1.211006.001; wv) AppleWebKit/537.36 (KHTML, like Gecko) Version/4.0 Chrome/117.0.0.0 Mobile Safari/537.36 Instagram 305.0.0.34.110 Android (31/12; 440dpi; 1080x2179; Xiaomi/POCO; M2102J20SG; vayu; qcom; pt_PT; 527673577)" 15422
181.222.1.25 - - [29/Oct/2023:09:36:20 -0300] "GET /img/icons/btt.png HTTP/1.1" 200 3799 "https://www.canopusconstrucoes.com.br/" "Mozilla/5.0 (Linux; Android 12; M2102J20SG Build/SKQ1.211006.001; wv) AppleWebKit/537.36 (KHTML, like Gecko) Version/4.0 Chrome/117.0.0.0 Mobile Safari/537.36 Instagram 305.0.0.34.110 Android (31/12; 440dpi; 1080x2179; Xiaomi/POCO; M2102J20SG; vayu; qcom; pt_PT; 527673577)" 15430
181.222.1.25 - - [29/Oct/2023:09:36:20 -0300] "GET /img/icons/instagram.png HTTP/1.1" 200 820 "https://www.canopusconstrucoes.com.br/" "Mozilla/5.0 (Linux; Android 12; M2102J20SG Build/SKQ1.211006.001; wv) AppleWebKit/537.36 (KHTML, like Gecko) Version/4.0 Chrome/117.0.0.0 Mobile Safari/537.36 Instagram 305.0.0.34.110 Android (31/12; 440dpi; 1080x2179; Xiaomi/POCO; M2102J20SG; vayu; qcom; pt_PT; 527673577)" 15434
181.222.1.25 - - [29/Oct/2023:09:36:20 -0300] "GET /img/elements/casal.png HTTP/1.1" 200 426591 "https://www.canopusconstrucoes.com.br/" "Mozilla/5.0 (Linux; Android 12; M2102J20SG Build/SKQ1.211006.001; wv) AppleWebKit/537.36 (KHTML, like Gecko) Version/4.0 Chrome/117.0.0.0 Mobile Safari/537.36 Instagram 305.0.0.34.110 Android (31/12; 440dpi; 1080x2179; Xiaomi/POCO; M2102J20SG; vayu; qcom; pt_PT; 527673577)" 15426
179.48.76.178 - - [29/Oct/2023:09:36:20 -0300] "GET /pastaonline/arquivo/20201214-133720-6-1-5462.pdf HTTP/1.1" 200 10570 "https://www.canopusconstrucoes.com.br/pastaonline/consultaproposta.php?codigo=5462" "Mozilla/5.0 (Linux; U; Android 9; pt-br; Redmi Note 8 Build/PKQ1.190616.001) AppleWebKit/537.36 (KHTML, like Gecko) Version/4.0 Chrome/71.0.3578.141 Mobile Safari/537.36 XiaoMi/MiuiBrowser/12.7.4-gn" 56002
179.48.76.178 - - [29/Oct/2023:09:36:20 -0300] "GET /pastaonline/arquivo/20201214-133720-6-1-5462.pdf HTTP/1.1" 200 10570 "https://www.canopusconstrucoes.com.br/pastaonline/consultaproposta.php?codigo=5462" "Mozilla/5.0 (Linux; U; Android 9; pt-br; Redmi Note 8 Build/PKQ1.190616.001) AppleWebKit/537.36 (KHTML, like Gecko) Version/4.0 Chrome/71.0.3578.141 Mobile Safari/537.36 XiaoMi/MiuiBrowser/12.7.4-gn" 56001
179.48.76.178 - - [29/Oct/2023:09:36:20 -0300] "GET /pastaonline/arquivo/20201214-133720-6-1-5462.pdf HTTP/1.1" 200 10570 "https://www.canopusconstrucoes.com.br/pastaonline/consultaproposta.php?codigo=5462" "Mozilla/5.0 (Linux; U; Android 9; pt-br; Redmi Note 8 Build/PKQ1.190616.001) AppleWebKit/537.36 (KHTML, like Gecko) Version/4.0 Chrome/71.0.3578.141 Mobile Safari/537.36 XiaoMi/MiuiBrowser/12.7.4-gn" 56003
181.222.1.25 - - [29/Oct/2023:09:36:20 -0300] "GET /img-render/facilidadecompra/m/vantagem-2_6279.png HTTP/1.1" 200 8583 "https://www.canopusconstrucoes.com.br/" "Mozilla/5.0 (Linux; Android 12; M2102J20SG Build/SKQ1.211006.001; wv) AppleWebKit/537.36 (KHTML, like Gecko) Version/4.0 Chrome/117.0.0.0 Mobile Safari/537.36 Instagram 305.0.0.34.110 Android (31/12; 440dpi; 1080x2179; Xiaomi/POCO; M2102J20SG; vayu; qcom; pt_PT; 527673577)" 15432
181.222.1.25 - - [29/Oct/2023:09:36:20 -0300] "GET /img-render/facilidadecompra/m/vantagem-1_7754.png HTTP/1.1" 200 33145 "https://www.canopusconstrucoes.com.br/" "Mozilla/5.0 (Linux; Android 12; M2102J20SG Build/SKQ1.211006.001; wv) AppleWebKit/537.36 (KHTML, like Gecko) Version/4.0 Chrome/117.0.0.0 Mobile Safari/537.36 Instagram 305.0.0.34.110 Android (31/12; 440dpi; 1080x2179; Xiaomi/POCO; M2102J20SG; vayu; qcom; pt_PT; 527673577)" 15428
181.222.1.25 - - [29/Oct/2023:09:36:20 -0300] "GET /img/icons/facebook.png HTTP/1.1" 200 518 "https://www.canopusconstrucoes.com.br/" "Mozilla/5.0 (Linux; Android 12; M2102J20SG Build/SKQ1.211006.001; wv) AppleWebKit/537.36 (KHTML, like Gecko) Version/4.0 Chrome/117.0.0.0 Mobile Safari/537.36 Instagram 305.0.0.34.110 Android (31/12; 440dpi; 1080x2179; Xiaomi/POCO; M2102J20SG; vayu; qcom; pt_PT; 527673577)" 15436
181.222.1.25 - - [29/Oct/2023:09:36:20 -0300] "GET /img/icons/dot.png HTTP/1.1" 200 2812 "https://www.canopusconstrucoes.com.br/" "Mozilla/5.0 (Linux; Android 12; M2102J20SG Build/SKQ1.211006.001; wv) AppleWebKit/537.36 (KHTML, like Gecko) Version/4.0 Chrome/117.0.0.0 Mobile Safari/537.36 Instagram 305.0.0.34.110 Android (31/12; 440dpi; 1080x2179; Xiaomi/POCO; M2102J20SG; vayu; qcom; pt_PT; 527673577)" 15440
181.222.1.25 - - [29/Oct/2023:09:36:20 -0300] "GET /img-render/facilidadecompra/m/vantagem-1_5965.png HTTP/1.1" 200 24194 "https://www.canopusconstrucoes.com.br/" "Mozilla/5.0 (Linux; Android 12; M2102J20SG Build/SKQ1.211006.001; wv) AppleWebKit/537.36 (KHTML, like Gecko) Version/4.0 Chrome/117.0.0.0 Mobile Safari/537.36 Instagram 305.0.0.34.110 Android (31/12; 440dpi; 1080x2179; Xiaomi/POCO; M2102J20SG; vayu; qcom; pt_PT; 527673577)" 15438
179.48.76.178 - - [29/Oct/2023:09:36:21 -0300] "GET /pastaonline/arquivo/20201214-133720-6-1-5462.pdf HTTP/1.1" 200 10570 "https://www.canopusconstrucoes.com.br/pastaonline/consultaproposta.php?codigo=5462" "Mozilla/5.0 (Linux; U; Android 9; pt-br; Redmi Note 8 Build/PKQ1.190616.001) AppleWebKit/537.36 (KHTML, like Gecko) Version/4.0 Chrome/71.0.3578.141 Mobile Safari/537.36 XiaoMi/MiuiBrowser/12.7.4-gn" 56037
179.48.76.178 - - [29/Oct/2023:09:36:21 -0300] "GET /pastaonline/arquivo/20201214-133720-6-1-5462.pdf HTTP/1.1" 200 10570 "https://www.canopusconstrucoes.com.br/pastaonline/consultaproposta.php?codigo=5462" "Mozilla/5.0 (Linux; U; Android 9; pt-br; Redmi Note 8 Build/PKQ1.190616.001) AppleWebKit/537.36 (KHTML, like Gecko) Version/4.0 Chrome/71.0.3578.141 Mobile Safari/537.36 XiaoMi/MiuiBrowser/12.7.4-gn" 56041
179.48.76.178 - - [29/Oct/2023:09:36:21 -0300] "GET /pastaonline/arquivo/20201214-133720-6-1-5462.pdf HTTP/1.1" 200 10570 "https://www.canopusconstrucoes.com.br/pastaonline/consultaproposta.php?codigo=5462" "Mozilla/5.0 (Linux; U; Android 9; pt-br; Redmi Note 8 Build/PKQ1.190616.001) AppleWebKit/537.36 (KHTML, like Gecko) Version/4.0 Chrome/71.0.3578.141 Mobile Safari/537.36 XiaoMi/MiuiBrowser/12.7.4-gn" 56040
181.222.1.25 - - [29/Oct/2023:09:36:20 -0300] "GET /img-render/facilidadecompra/m/vantagem-2_1674.png HTTP/1.1" 200 8604 "https://www.canopusconstrucoes.com.br/" "Mozilla/5.0 (Linux; Android 12; M2102J20SG Build/SKQ1.211006.001; wv) AppleWebKit/537.36 (KHTML, like Gecko) Version/4.0 Chrome/117.0.0.0 Mobile Safari/537.36 Instagram 305.0.0.34.110 Android (31/12; 440dpi; 1080x2179; Xiaomi/POCO; M2102J20SG; vayu; qcom; pt_PT; 527673577)" 15442
181.222.1.25 - - [29/Oct/2023:09:36:20 -0300] "GET /img-render/imovel_imagem/m/163vg1-arq-im-004-gua-r00_9859.jpg HTTP/1.1" 200 64508 "https://www.canopusconstrucoes.com.br/" "Mozilla/5.0 (Linux; Android 12; M2102J20SG Build/SKQ1.211006.001; wv) AppleWebKit/537.36 (KHTML, like Gecko) Version/4.0 Chrome/117.0.0.0 Mobile Safari/537.36 Instagram 305.0.0.34.110 Android (31/12; 440dpi; 1080x2179; Xiaomi/POCO; M2102J20SG; vayu; qcom; pt_PT; 527673577)" 15448
181.222.1.25 - - [29/Oct/2023:09:36:20 -0300] "GET /img-render/imovel_imagem/m/photo-2021-06-11-09-39-51_1177.jpg HTTP/1.1" 200 39938 "https://www.canopusconstrucoes.com.br/" "Mozilla/5.0 (Linux; Android 12; M2102J20SG Build/SKQ1.211006.001; wv) AppleWebKit/537.36 (KHTML, like Gecko) Version/4.0 Chrome/117.0.0.0 Mobile Safari/537.36 Instagram 305.0.0.34.110 Android (31/12; 440dpi; 1080x2179; Xiaomi/POCO; M2102J20SG; vayu; qcom; pt_PT; 527673577)" 15444
181.222.1.25 - - [29/Oct/2023:09:36:20 -0300] "GET /img-render/imovel_imagem/m/fachada_2418.jpg HTTP/1.1" 200 42585 "https://www.canopusconstrucoes.com.br/" "Mozilla/5.0 (Linux; Android 12; M2102J20SG Build/SKQ1.211006.001; wv) AppleWebKit/537.36 (KHTML, like Gecko) Version/4.0 Chrome/117.0.0.0 Mobile Safari/537.36 Instagram 305.0.0.34.110 Android (31/12; 440dpi; 1080x2179; Xiaomi/POCO; M2102J20SG; vayu; qcom; pt_PT; 527673577)" 15446
181.222.1.25 - - [29/Oct/2023:09:36:20 -0300] "GET /img-render/imovel_imagem/m/bloco_5646.jpg HTTP/1.1" 200 47633 "https://www.canopusconstrucoes.com.br/" "Mozilla/5.0 (Linux; Android 12; M2102J20SG Build/SKQ1.211006.001; wv) AppleWebKit/537.36 (KHTML, like Gecko) Version/4.0 Chrome/117.0.0.0 Mobile Safari/537.36 Instagram 305.0.0.34.110 Android (31/12; 440dpi; 1080x2179; Xiaomi/POCO; M2102J20SG; vayu; qcom; pt_PT; 527673577)" 15450
179.48.76.178 - - [29/Oct/2023:09:36:21 -0300] "GET /pastaonline/arquivo/20201214-133720-6-1-5462.pdf HTTP/1.1" 200 10570 "https://www.canopusconstrucoes.com.br/pastaonline/consultaproposta.php?codigo=5462" "Mozilla/5.0 (Linux; U; Android 9; pt-br; Redmi Note 8 Build/PKQ1.190616.001) AppleWebKit/537.36 (KHTML, like Gecko) Version/4.0 Chrome/71.0.3578.141 Mobile Safari/537.36 XiaoMi/MiuiBrowser/12.7.4-gn" 56057
179.48.76.178 - - [29/Oct/2023:09:36:21 -0300] "GET /pastaonline/arquivo/20201214-133720-6-1-5462.pdf HTTP/1.1" 200 10570 "https://www.canopusconstrucoes.com.br/pastaonline/consultaproposta.php?codigo=5462" "Mozilla/5.0 (Linux; U; Android 9; pt-br; Redmi Note 8 Build/PKQ1.190616.001) AppleWebKit/537.36 (KHTML, like Gecko) Version/4.0 Chrome/71.0.3578.141 Mobile Safari/537.36 XiaoMi/MiuiBrowser/12.7.4-gn" 56056
181.222.1.25 - - [29/Oct/2023:09:36:21 -0300] "GET /img/icons/btn2.png HTTP/1.1" 200 48309 "https://www.canopusconstrucoes.com.br/css/site/app.css?v=4" "Mozilla/5.0 (Linux; Android 12; M2102J20SG Build/SKQ1.211006.001; wv) AppleWebKit/537.36 (KHTML, like Gecko) Version/4.0 Chrome/117.0.0.0 Mobile Safari/537.36 Instagram 305.0.0.34.110 Android (31/12; 440dpi; 1080x2179; Xiaomi/POCO; M2102J20SG; vayu; qcom; pt_PT; 527673577)" 15454
179.48.76.178 - - [29/Oct/2023:09:36:21 -0300] "GET /pastaonline/arquivo/20201214-133720-6-1-5462.pdf HTTP/1.1" 200 10570 "https://www.canopusconstrucoes.com.br/pastaonline/consultaproposta.php?codigo=5462" "Mozilla/5.0 (Linux; U; Android 9; pt-br; Redmi Note 8 Build/PKQ1.190616.001) AppleWebKit/537.36 (KHTML, like Gecko) Version/4.0 Chrome/71.0.3578.141 Mobile Safari/537.36 XiaoMi/MiuiBrowser/12.7.4-gn" 56065
181.222.1.25 - - [29/Oct/2023:09:36:21 -0300] "GET /img/bg/bg-form.jpg HTTP/1.1" 200 90889 "https://www.canopusconstrucoes.com.br/css/site/app.css?v=4" "Mozilla/5.0 (Linux; Android 12; M2102J20SG Build/SKQ1.211006.001; wv) AppleWebKit/537.36 (KHTML, like Gecko) Version/4.0 Chrome/117.0.0.0 Mobile Safari/537.36 Instagram 305.0.0.34.110 Android (31/12; 440dpi; 1080x2179; Xiaomi/POCO; M2102J20SG; vayu; qcom; pt_PT; 527673577)" 15456
181.222.1.25 - - [29/Oct/2023:09:36:21 -0300] "GET /img/icons/logo.png HTTP/1.1" 200 20785 "https://www.canopusconstrucoes.com.br/" "Mozilla/5.0 (Linux; Android 12; M2102J20SG Build/SKQ1.211006.001; wv) AppleWebKit/537.36 (KHTML, like Gecko) Version/4.0 Chrome/117.0.0.0 Mobile Safari/537.36 Instagram 305.0.0.34.110 Android (31/12; 440dpi; 1080x2179; Xiaomi/POCO; M2102J20SG; vayu; qcom; pt_PT; 527673577)" 15458
181.222.1.25 - - [29/Oct/2023:09:36:21 -0300] "GET /img-render/imovel_imagem/m/dji-0046_1731.JPG HTTP/1.1" 200 51458 "https://www.canopusconstrucoes.com.br/" "Mozilla/5.0 (Linux; Android 12; M2102J20SG Build/SKQ1.211006.001; wv) AppleWebKit/537.36 (KHTML, like Gecko) Version/4.0 Chrome/117.0.0.0 Mobile Safari/537.36 Instagram 305.0.0.34.110 Android (31/12; 440dpi; 1080x2179; Xiaomi/POCO; M2102J20SG; vayu; qcom; pt_PT; 527673577)" 15452
179.48.76.178 - - [29/Oct/2023:09:36:21 -0300] "GET /pastaonline/arquivo/20201214-133720-6-1-5462.pdf HTTP/1.1" 200 10570 "https://www.canopusconstrucoes.com.br/pastaonline/consultaproposta.php?codigo=5462" "Mozilla/5.0 (Linux; U; Android 9; pt-br; Redmi Note 8 Build/PKQ1.190616.001) AppleWebKit/537.36 (KHTML, like Gecko) Version/4.0 Chrome/71.0.3578.141 Mobile Safari/537.36 XiaoMi/MiuiBrowser/12.7.4-gn" 56071
179.48.76.178 - - [29/Oct/2023:09:36:22 -0300] "GET /pastaonline/arquivo/20201214-133720-6-2-5462.pdf HTTP/1.1" 200 9570 "https://www.canopusconstrucoes.com.br/pastaonline/consultaproposta.php?codigo=5462" "Mozilla/5.0 (Linux; U; Android 9; pt-br; Redmi Note 8 Build/PKQ1.190616.001) AppleWebKit/537.36 (KHTML, like Gecko) Version/4.0 Chrome/71.0.3578.141 Mobile Safari/537.36 XiaoMi/MiuiBrowser/12.7.4-gn" 56102
179.48.76.178 - - [29/Oct/2023:09:36:22 -0300] "GET /pastaonline/arquivo/20201214-133720-6-2-5462.pdf HTTP/1.1" 200 9570 "https://www.canopusconstrucoes.com.br/pastaonline/consultaproposta.php?codigo=5462" "Mozilla/5.0 (Linux; U; Android 9; pt-br; Redmi Note 8 Build/PKQ1.190616.001) AppleWebKit/537.36 (KHTML, like Gecko) Version/4.0 Chrome/71.0.3578.141 Mobile Safari/537.36 XiaoMi/MiuiBrowser/12.7.4-gn" 56103
179.48.76.178 - - [29/Oct/2023:09:36:22 -0300] "GET /pastaonline/arquivo/20201214-133720-6-2-5462.pdf HTTP/1.1" 200 9570 "https://www.canopusconstrucoes.com.br/pastaonline/consultaproposta.php?codigo=5462" "Mozilla/5.0 (Linux; U; Android 9; pt-br; Redmi Note 8 Build/PKQ1.190616.001) AppleWebKit/537.36 (KHTML, like Gecko) Version/4.0 Chrome/71.0.3578.141 Mobile Safari/537.36 XiaoMi/MiuiBrowser/12.7.4-gn" 56104
181.222.1.25 - - [29/Oct/2023:09:36:22 -0300] "GET /img/site/favicon.ico HTTP/1.1" 200 1150 "https://www.canopusconstrucoes.com.br/" "Mozilla/5.0 (Linux; Android 12; M2102J20SG Build/SKQ1.211006.001; wv) AppleWebKit/537.36 (KHTML, like Gecko) Version/4.0 Chrome/117.0.0.0 Mobile Safari/537.36 Instagram 305.0.0.34.110 Android (31/12; 440dpi; 1080x2179; Xiaomi/POCO; M2102J20SG; vayu; qcom; pt_PT; 527673577)" 15460
179.48.76.178 - - [29/Oct/2023:09:36:22 -0300] "GET /pastaonline/arquivo/20201214-133720-6-2-5462.pdf HTTP/1.1" 200 9570 "https://www.canopusconstrucoes.com.br/pastaonline/consultaproposta.php?codigo=5462" "Mozilla/5.0 (Linux; U; Android 9; pt-br; Redmi Note 8 Build/PKQ1.190616.001) AppleWebKit/537.36 (KHTML, like Gecko) Version/4.0 Chrome/71.0.3578.141 Mobile Safari/537.36 XiaoMi/MiuiBrowser/12.7.4-gn" 56121
179.48.76.178 - - [29/Oct/2023:09:36:22 -0300] "GET /pastaonline/arquivo/20201214-133720-6-2-5462.pdf HTTP/1.1" 200 9570 "https://www.canopusconstrucoes.com.br/pastaonline/consultaproposta.php?codigo=5462" "Mozilla/5.0 (Linux; U; Android 9; pt-br; Redmi Note 8 Build/PKQ1.190616.001) AppleWebKit/537.36 (KHTML, like Gecko) Version/4.0 Chrome/71.0.3578.141 Mobile Safari/537.36 XiaoMi/MiuiBrowser/12.7.4-gn" 56122
179.48.76.178 - - [29/Oct/2023:09:36:22 -0300] "GET /pastaonline/arquivo/20201214-133720-6-2-5462.pdf HTTP/1.1" 200 9570 "https://www.canopusconstrucoes.com.br/pastaonline/consultaproposta.php?codigo=5462" "Mozilla/5.0 (Linux; U; Android 9; pt-br; Redmi Note 8 Build/PKQ1.190616.001) AppleWebKit/537.36 (KHTML, like Gecko) Version/4.0 Chrome/71.0.3578.141 Mobile Safari/537.36 XiaoMi/MiuiBrowser/12.7.4-gn" 56123
179.48.76.178 - - [29/Oct/2023:09:36:22 -0300] "GET /pastaonline/arquivo/20201214-133720-6-2-5462.pdf HTTP/1.1" 200 9570 "https://www.canopusconstrucoes.com.br/pastaonline/consultaproposta.php?codigo=5462" "Mozilla/5.0 (Linux; U; Android 9; pt-br; Redmi Note 8 Build/PKQ1.190616.001) AppleWebKit/537.36 (KHTML, like Gecko) Version/4.0 Chrome/71.0.3578.141 Mobile Safari/537.36 XiaoMi/MiuiBrowser/12.7.4-gn" 56133
179.48.76.178 - - [29/Oct/2023:09:36:22 -0300] "GET /pastaonline/arquivo/20201214-133720-6-2-5462.pdf HTTP/1.1" 200 9570 "https://www.canopusconstrucoes.com.br/pastaonline/consultaproposta.php?codigo=5462" "Mozilla/5.0 (Linux; U; Android 9; pt-br; Redmi Note 8 Build/PKQ1.190616.001) AppleWebKit/537.36 (KHTML, like Gecko) Version/4.0 Chrome/71.0.3578.141 Mobile Safari/537.36 XiaoMi/MiuiBrowser/12.7.4-gn" 56138
179.48.76.178 - - [29/Oct/2023:09:36:22 -0300] "GET /pastaonline/arquivo/20201214-133720-6-2-5462.pdf HTTP/1.1" 200 9570 "https://www.canopusconstrucoes.com.br/pastaonline/consultaproposta.php?codigo=5462" "Mozilla/5.0 (Linux; U; Android 9; pt-br; Redmi Note 8 Build/PKQ1.190616.001) AppleWebKit/537.36 (KHTML, like Gecko) Version/4.0 Chrome/71.0.3578.141 Mobile Safari/537.36 XiaoMi/MiuiBrowser/12.7.4-gn" 56137
179.48.76.178 - - [29/Oct/2023:09:36:23 -0300] "GET /pastaonline/arquivo/20201214-133720-6-2-5462.pdf HTTP/1.1" 200 9570 "https://www.canopusconstrucoes.com.br/pastaonline/consultaproposta.php?codigo=5462" "Mozilla/5.0 (Linux; U; Android 9; pt-br; Redmi Note 8 Build/PKQ1.190616.001) AppleWebKit/537.36 (KHTML, like Gecko) Version/4.0 Chrome/71.0.3578.141 Mobile Safari/537.36 XiaoMi/MiuiBrowser/12.7.4-gn" 56154
179.48.76.178 - - [29/Oct/2023:09:36:23 -0300] "GET /pastaonline/arquivo/20201214-133720-6-2-5462.pdf HTTP/1.1" 200 9570 "https://www.canopusconstrucoes.com.br/pastaonline/consultaproposta.php?codigo=5462" "Mozilla/5.0 (Linux; U; Android 9; pt-br; Redmi Note 8 Build/PKQ1.190616.001) AppleWebKit/537.36 (KHTML, like Gecko) Version/4.0 Chrome/71.0.3578.141 Mobile Safari/537.36 XiaoMi/MiuiBrowser/12.7.4-gn" 56158
179.48.76.178 - - [29/Oct/2023:09:36:23 -0300] "GET /pastaonline/arquivo/20201214-133720-6-2-5462.pdf HTTP/1.1" 200 9570 "https://www.canopusconstrucoes.com.br/pastaonline/consultaproposta.php?codigo=5462" "Mozilla/5.0 (Linux; U; Android 9; pt-br; Redmi Note 8 Build/PKQ1.190616.001) AppleWebKit/537.36 (KHTML, like Gecko) Version/4.0 Chrome/71.0.3578.141 Mobile Safari/537.36 XiaoMi/MiuiBrowser/12.7.4-gn" 56166
179.48.76.178 - - [29/Oct/2023:09:36:29 -0300] "GET /pastaonline/arquivo/20201214-155909-2-0-5467.pdf HTTP/1.1" 200 1228537 "https://www.canopusconstrucoes.com.br/pastaonline/consultaproposta.php?codigo=5467" "Mozilla/5.0 (Linux; U; Android 9; pt-br; Redmi Note 8 Build/PKQ1.190616.001) AppleWebKit/537.36 (KHTML, like Gecko) Version/4.0 Chrome/71.0.3578.141 Mobile Safari/537.36 XiaoMi/MiuiBrowser/12.7.4-gn" 56369
179.48.76.178 - - [29/Oct/2023:09:36:29 -0300] "GET /pastaonline/arquivo/20201214-155909-2-0-5467.pdf HTTP/1.1" 200 1228537 "https://www.canopusconstrucoes.com.br/pastaonline/consultaproposta.php?codigo=5467" "Mozilla/5.0 (Linux; U; Android 9; pt-br; Redmi Note 8 Build/PKQ1.190616.001) AppleWebKit/537.36 (KHTML, like Gecko) Version/4.0 Chrome/71.0.3578.141 Mobile Safari/537.36 XiaoMi/MiuiBrowser/12.7.4-gn" 56370
179.48.76.178 - - [29/Oct/2023:09:36:29 -0300] "GET /pastaonline/arquivo/20201214-155909-2-0-5467.pdf HTTP/1.1" 200 1228537 "https://www.canopusconstrucoes.com.br/pastaonline/consultaproposta.php?codigo=5467" "Mozilla/5.0 (Linux; U; Android 9; pt-br; Redmi Note 8 Build/PKQ1.190616.001) AppleWebKit/537.36 (KHTML, like Gecko) Version/4.0 Chrome/71.0.3578.141 Mobile Safari/537.36 XiaoMi/MiuiBrowser/12.7.4-gn" 56368
179.48.76.178 - - [29/Oct/2023:09:36:30 -0300] "GET /pastaonline/arquivo/20201214-155909-2-0-5467.pdf HTTP/1.1" 200 1228537 "https://www.canopusconstrucoes.com.br/pastaonline/consultaproposta.php?codigo=5467" "Mozilla/5.0 (Linux; U; Android 9; pt-br; Redmi Note 8 Build/PKQ1.190616.001) AppleWebKit/537.36 (KHTML, like Gecko) Version/4.0 Chrome/71.0.3578.141 Mobile Safari/537.36 XiaoMi/MiuiBrowser/12.7.4-gn" 56411
179.48.76.178 - - [29/Oct/2023:09:36:31 -0300] "GET /pastaonline/arquivo/20201214-155909-2-0-5467.pdf HTTP/1.1" 200 1228537 "https://www.canopusconstrucoes.com.br/pastaonline/consultaproposta.php?codigo=5467" "Mozilla/5.0 (Linux; U; Android 9; pt-br; Redmi Note 8 Build/PKQ1.190616.001) AppleWebKit/537.36 (KHTML, like Gecko) Version/4.0 Chrome/71.0.3578.141 Mobile Safari/537.36 XiaoMi/MiuiBrowser/12.7.4-gn" 56412
179.48.76.178 - - [29/Oct/2023:09:36:31 -0300] "GET /pastaonline/arquivo/20201214-155909-2-0-5467.pdf HTTP/1.1" 200 1228537 "https://www.canopusconstrucoes.com.br/pastaonline/consultaproposta.php?codigo=5467" "Mozilla/5.0 (Linux; U; Android 9; pt-br; Redmi Note 8 Build/PKQ1.190616.001) AppleWebKit/537.36 (KHTML, like Gecko) Version/4.0 Chrome/71.0.3578.141 Mobile Safari/537.36 XiaoMi/MiuiBrowser/12.7.4-gn" 56428
179.48.76.178 - - [29/Oct/2023:09:36:31 -0300] "GET /pastaonline/arquivo/20201214-155909-2-0-5467.pdf HTTP/1.1" 200 1228537 "https://www.canopusconstrucoes.com.br/pastaonline/consultaproposta.php?codigo=5467" "Mozilla/5.0 (Linux; U; Android 9; pt-br; Redmi Note 8 Build/PKQ1.190616.001) AppleWebKit/537.36 (KHTML, like Gecko) Version/4.0 Chrome/71.0.3578.141 Mobile Safari/537.36 XiaoMi/MiuiBrowser/12.7.4-gn" 56444
179.48.76.178 - - [29/Oct/2023:09:36:31 -0300] "GET /pastaonline/arquivo/20201214-155909-2-0-5467.pdf HTTP/1.1" 200 1228537 "https://www.canopusconstrucoes.com.br/pastaonline/consultaproposta.php?codigo=5467" "Mozilla/5.0 (Linux; U; Android 9; pt-br; Redmi Note 8 Build/PKQ1.190616.001) AppleWebKit/537.36 (KHTML, like Gecko) Version/4.0 Chrome/71.0.3578.141 Mobile Safari/537.36 XiaoMi/MiuiBrowser/12.7.4-gn" 56445
179.48.76.178 - - [29/Oct/2023:09:36:31 -0300] "GET /pastaonline/arquivo/20201214-155909-2-0-5467.pdf HTTP/1.1" 200 1228537 "https://www.canopusconstrucoes.com.br/pastaonline/consultaproposta.php?codigo=5467" "Mozilla/5.0 (Linux; U; Android 9; pt-br; Redmi Note 8 Build/PKQ1.190616.001) AppleWebKit/537.36 (KHTML, like Gecko) Version/4.0 Chrome/71.0.3578.141 Mobile Safari/537.36 XiaoMi/MiuiBrowser/12.7.4-gn" 56446
179.48.76.178 - - [29/Oct/2023:09:36:34 -0300] "GET /pastaonline/arquivo/20201214-155909-2-0-5467.pdf HTTP/1.1" 200 1228537 "https://www.canopusconstrucoes.com.br/pastaonline/consultaproposta.php?codigo=5467" "Mozilla/5.0 (Linux; U; Android 9; pt-br; Redmi Note 8 Build/PKQ1.190616.001) AppleWebKit/537.36 (KHTML, like Gecko) Version/4.0 Chrome/71.0.3578.141 Mobile Safari/537.36 XiaoMi/MiuiBrowser/12.7.4-gn" 56524
179.48.76.178 - - [29/Oct/2023:09:36:34 -0300] "GET /pastaonline/arquivo/20201214-155909-2-0-5467.pdf HTTP/1.1" 200 1228537 "https://www.canopusconstrucoes.com.br/pastaonline/consultaproposta.php?codigo=5467" "Mozilla/5.0 (Linux; U; Android 9; pt-br; Redmi Note 8 Build/PKQ1.190616.001) AppleWebKit/537.36 (KHTML, like Gecko) Version/4.0 Chrome/71.0.3578.141 Mobile Safari/537.36 XiaoMi/MiuiBrowser/12.7.4-gn" 56521
179.48.76.178 - - [29/Oct/2023:09:36:34 -0300] "GET /pastaonline/arquivo/20201214-155909-2-0-5467.pdf HTTP/1.1" 200 1228537 "https://www.canopusconstrucoes.com.br/pastaonline/consultaproposta.php?codigo=5467" "Mozilla/5.0 (Linux; U; Android 9; pt-br; Redmi Note 8 Build/PKQ1.190616.001) AppleWebKit/537.36 (KHTML, like Gecko) Version/4.0 Chrome/71.0.3578.141 Mobile Safari/537.36 XiaoMi/MiuiBrowser/12.7.4-gn" 56523
179.48.76.178 - - [29/Oct/2023:09:36:34 -0300] "GET /pastaonline/arquivo/20201214-155909-2-0-5467.pdf HTTP/1.1" 200 1228537 "https://www.canopusconstrucoes.com.br/pastaonline/consultaproposta.php?codigo=5467" "Mozilla/5.0 (Linux; U; Android 9; pt-br; Redmi Note 8 Build/PKQ1.190616.001) AppleWebKit/537.36 (KHTML, like Gecko) Version/4.0 Chrome/71.0.3578.141 Mobile Safari/537.36 XiaoMi/MiuiBrowser/12.7.4-gn" 56557
179.48.76.178 - - [29/Oct/2023:09:36:34 -0300] "GET /pastaonline/arquivo/20201214-155909-2-0-5467.pdf HTTP/1.1" 200 1228537 "https://www.canopusconstrucoes.com.br/pastaonline/consultaproposta.php?codigo=5467" "Mozilla/5.0 (Linux; U; Android 9; pt-br; Redmi Note 8 Build/PKQ1.190616.001) AppleWebKit/537.36 (KHTML, like Gecko) Version/4.0 Chrome/71.0.3578.141 Mobile Safari/537.36 XiaoMi/MiuiBrowser/12.7.4-gn" 56559
179.48.76.178 - - [29/Oct/2023:09:36:34 -0300] "GET /pastaonline/arquivo/20201214-155909-2-0-5467.pdf HTTP/1.1" 200 1228537 "https://www.canopusconstrucoes.com.br/pastaonline/consultaproposta.php?codigo=5467" "Mozilla/5.0 (Linux; U; Android 9; pt-br; Redmi Note 8 Build/PKQ1.190616.001) AppleWebKit/537.36 (KHTML, like Gecko) Version/4.0 Chrome/71.0.3578.141 Mobile Safari/537.36 XiaoMi/MiuiBrowser/12.7.4-gn" 56558
179.48.76.178 - - [29/Oct/2023:09:36:34 -0300] "GET /pastaonline/arquivo/20201214-155909-2-0-5467.pdf HTTP/1.1" 200 1228537 "https://www.canopusconstrucoes.com.br/pastaonline/consultaproposta.php?codigo=5467" "Mozilla/5.0 (Linux; U; Android 9; pt-br; Redmi Note 8 Build/PKQ1.190616.001) AppleWebKit/537.36 (KHTML, like Gecko) Version/4.0 Chrome/71.0.3578.141 Mobile Safari/537.36 XiaoMi/MiuiBrowser/12.7.4-gn" 56576
179.48.76.178 - - [29/Oct/2023:09:36:34 -0300] "GET /pastaonline/arquivo/20201214-155909-2-0-5467.pdf HTTP/1.1" 200 1228537 "https://www.canopusconstrucoes.com.br/pastaonline/consultaproposta.php?codigo=5467" "Mozilla/5.0 (Linux; U; Android 9; pt-br; Redmi Note 8 Build/PKQ1.190616.001) AppleWebKit/537.36 (KHTML, like Gecko) Version/4.0 Chrome/71.0.3578.141 Mobile Safari/537.36 XiaoMi/MiuiBrowser/12.7.4-gn" 56577
179.48.76.178 - - [29/Oct/2023:09:36:34 -0300] "GET /pastaonline/arquivo/20201214-155909-2-0-5467.pdf HTTP/1.1" 200 1228537 "https://www.canopusconstrucoes.com.br/pastaonline/consultaproposta.php?codigo=5467" "Mozilla/5.0 (Linux; U; Android 9; pt-br; Redmi Note 8 Build/PKQ1.190616.001) AppleWebKit/537.36 (KHTML, like Gecko) Version/4.0 Chrome/71.0.3578.141 Mobile Safari/537.36 XiaoMi/MiuiBrowser/12.7.4-gn" 56581
179.48.76.178 - - [29/Oct/2023:09:36:35 -0300] "GET /pastaonline/arquivo/20201214-155909-2-0-5467.pdf HTTP/1.1" 200 1228537 "https://www.canopusconstrucoes.com.br/pastaonline/consultaproposta.php?codigo=5467" "Mozilla/5.0 (Linux; U; Android 9; pt-br; Redmi Note 8 Build/PKQ1.190616.001) AppleWebKit/537.36 (KHTML, like Gecko) Version/4.0 Chrome/71.0.3578.141 Mobile Safari/537.36 XiaoMi/MiuiBrowser/12.7.4-gn" 56587
179.48.76.178 - - [29/Oct/2023:09:36:35 -0300] "GET /pastaonline/arquivo/20201214-155909-3-0-5467.pdf HTTP/1.1" 200 97673 "https://www.canopusconstrucoes.com.br/pastaonline/consultaproposta.php?codigo=5467" "Mozilla/5.0 (Linux; U; Android 9; pt-br; Redmi Note 8 Build/PKQ1.190616.001) AppleWebKit/537.36 (KHTML, like Gecko) Version/4.0 Chrome/71.0.3578.141 Mobile Safari/537.36 XiaoMi/MiuiBrowser/12.7.4-gn" 56602
179.48.76.178 - - [29/Oct/2023:09:36:35 -0300] "GET /pastaonline/arquivo/20201214-155909-3-0-5467.pdf HTTP/1.1" 200 97673 "https://www.canopusconstrucoes.com.br/pastaonline/consultaproposta.php?codigo=5467" "Mozilla/5.0 (Linux; U; Android 9; pt-br; Redmi Note 8 Build/PKQ1.190616.001) AppleWebKit/537.36 (KHTML, like Gecko) Version/4.0 Chrome/71.0.3578.141 Mobile Safari/537.36 XiaoMi/MiuiBrowser/12.7.4-gn" 56601
179.48.76.178 - - [29/Oct/2023:09:36:35 -0300] "GET /pastaonline/arquivo/20201214-155909-3-0-5467.pdf HTTP/1.1" 200 97673 "https://www.canopusconstrucoes.com.br/pastaonline/consultaproposta.php?codigo=5467" "Mozilla/5.0 (Linux; U; Android 9; pt-br; Redmi Note 8 Build/PKQ1.190616.001) AppleWebKit/537.36 (KHTML, like Gecko) Version/4.0 Chrome/71.0.3578.141 Mobile Safari/537.36 XiaoMi/MiuiBrowser/12.7.4-gn" 56600
179.48.76.178 - - [29/Oct/2023:09:36:35 -0300] "GET /pastaonline/arquivo/20201214-155909-3-0-5467.pdf HTTP/1.1" 200 97673 "https://www.canopusconstrucoes.com.br/pastaonline/consultaproposta.php?codigo=5467" "Mozilla/5.0 (Linux; U; Android 9; pt-br; Redmi Note 8 Build/PKQ1.190616.001) AppleWebKit/537.36 (KHTML, like Gecko) Version/4.0 Chrome/71.0.3578.141 Mobile Safari/537.36 XiaoMi/MiuiBrowser/12.7.4-gn" 56614
179.48.76.178 - - [29/Oct/2023:09:36:35 -0300] "GET /pastaonline/arquivo/20201214-155909-3-0-5467.pdf HTTP/1.1" 200 97673 "https://www.canopusconstrucoes.com.br/pastaonline/consultaproposta.php?codigo=5467" "Mozilla/5.0 (Linux; U; Android 9; pt-br; Redmi Note 8 Build/PKQ1.190616.001) AppleWebKit/537.36 (KHTML, like Gecko) Version/4.0 Chrome/71.0.3578.141 Mobile Safari/537.36 XiaoMi/MiuiBrowser/12.7.4-gn" 56615
179.48.76.178 - - [29/Oct/2023:09:36:35 -0300] "GET /pastaonline/arquivo/20201214-155909-3-0-5467.pdf HTTP/1.1" 200 97673 "https://www.canopusconstrucoes.com.br/pastaonline/consultaproposta.php?codigo=5467" "Mozilla/5.0 (Linux; U; Android 9; pt-br; Redmi Note 8 Build/PKQ1.190616.001) AppleWebKit/537.36 (KHTML, like Gecko) Version/4.0 Chrome/71.0.3578.141 Mobile Safari/537.36 XiaoMi/MiuiBrowser/12.7.4-gn" 56613
179.48.76.178 - - [29/Oct/2023:09:36:38 -0300] "GET /pastaonline/arquivo/20201214-155909-3-0-5467.pdf HTTP/1.1" 200 97673 "https://www.canopusconstrucoes.com.br/pastaonline/consultaproposta.php?codigo=5467" "Mozilla/5.0 (Linux; U; Android 9; pt-br; Redmi Note 8 Build/PKQ1.190616.001) AppleWebKit/537.36 (KHTML, like Gecko) Version/4.0 Chrome/71.0.3578.141 Mobile Safari/537.36 XiaoMi/MiuiBrowser/12.7.4-gn" 56677
179.48.76.178 - - [29/Oct/2023:09:36:30 -0300] "GET /pastaonline/arquivo/20201214-155909-2-0-5467.pdf HTTP/1.1" 200 1228537 "https://www.canopusconstrucoes.com.br/pastaonline/consultaproposta.php?codigo=5467" "Mozilla/5.0 (Linux; U; Android 9; pt-br; Redmi Note 8 Build/PKQ1.190616.001) AppleWebKit/537.36 (KHTML, like Gecko) Version/4.0 Chrome/71.0.3578.141 Mobile Safari/537.36 XiaoMi/MiuiBrowser/12.7.4-gn" 56388
179.48.76.178 - - [29/Oct/2023:09:36:30 -0300] "GET /pastaonline/arquivo/20201214-155909-2-0-5467.pdf HTTP/1.1" 200 1228537 "https://www.canopusconstrucoes.com.br/pastaonline/consultaproposta.php?codigo=5467" "Mozilla/5.0 (Linux; U; Android 9; pt-br; Redmi Note 8 Build/PKQ1.190616.001) AppleWebKit/537.36 (KHTML, like Gecko) Version/4.0 Chrome/71.0.3578.141 Mobile Safari/537.36 XiaoMi/MiuiBrowser/12.7.4-gn" 56389
179.48.76.178 - - [29/Oct/2023:09:36:30 -0300] "GET /pastaonline/arquivo/20201214-155909-2-0-5467.pdf HTTP/1.1" 200 1228537 "https://www.canopusconstrucoes.com.br/pastaonline/consultaproposta.php?codigo=5467" "Mozilla/5.0 (Linux; U; Android 9; pt-br; Redmi Note 8 Build/PKQ1.190616.001) AppleWebKit/537.36 (KHTML, like Gecko) Version/4.0 Chrome/71.0.3578.141 Mobile Safari/537.36 XiaoMi/MiuiBrowser/12.7.4-gn" 56390
179.48.76.178 - - [29/Oct/2023:09:36:38 -0300] "GET /pastaonline/arquivo/20201214-155909-4-0-5467.pdf HTTP/1.1" 200 1587476 "https://www.canopusconstrucoes.com.br/pastaonline/consultaproposta.php?codigo=5467" "Mozilla/5.0 (Linux; U; Android 9; pt-br; Redmi Note 8 Build/PKQ1.190616.001) AppleWebKit/537.36 (KHTML, like Gecko) Version/4.0 Chrome/71.0.3578.141 Mobile Safari/537.36 XiaoMi/MiuiBrowser/12.7.4-gn" 56685
179.48.76.178 - - [29/Oct/2023:09:36:38 -0300] "GET /pastaonline/arquivo/20201214-155909-4-0-5467.pdf HTTP/1.1" 200 1587476 "https://www.canopusconstrucoes.com.br/pastaonline/consultaproposta.php?codigo=5467" "Mozilla/5.0 (Linux; U; Android 9; pt-br; Redmi Note 8 Build/PKQ1.190616.001) AppleWebKit/537.36 (KHTML, like Gecko) Version/4.0 Chrome/71.0.3578.141 Mobile Safari/537.36 XiaoMi/MiuiBrowser/12.7.4-gn" 56686
179.48.76.178 - - [29/Oct/2023:09:36:37 -0300] "GET /pastaonline/arquivo/20201214-155909-3-0-5467.pdf HTTP/1.1" 200 97673 "https://www.canopusconstrucoes.com.br/pastaonline/consultaproposta.php?codigo=5467" "Mozilla/5.0 (Linux; U; Android 9; pt-br; Redmi Note 8 Build/PKQ1.190616.001) AppleWebKit/537.36 (KHTML, like Gecko) Version/4.0 Chrome/71.0.3578.141 Mobile Safari/537.36 XiaoMi/MiuiBrowser/12.7.4-gn" 56621
179.48.76.178 - - [29/Oct/2023:09:36:38 -0300] "GET /pastaonline/arquivo/20201214-155909-4-0-5467.pdf HTTP/1.1" 200 1587476 "https://www.canopusconstrucoes.com.br/pastaonline/consultaproposta.php?codigo=5467" "Mozilla/5.0 (Linux; U; Android 9; pt-br; Redmi Note 8 Build/PKQ1.190616.001) AppleWebKit/537.36 (KHTML, like Gecko) Version/4.0 Chrome/71.0.3578.141 Mobile Safari/537.36 XiaoMi/MiuiBrowser/12.7.4-gn" 56687
179.48.76.178 - - [29/Oct/2023:09:36:38 -0300] "GET /pastaonline/arquivo/20201214-155909-5-0-5467.pdf HTTP/1.1" 200 1096867 "https://www.canopusconstrucoes.com.br/pastaonline/consultaproposta.php?codigo=5467" "Mozilla/5.0 (Linux; U; Android 9; pt-br; Redmi Note 8 Build/PKQ1.190616.001) AppleWebKit/537.36 (KHTML, like Gecko) Version/4.0 Chrome/71.0.3578.141 Mobile Safari/537.36 XiaoMi/MiuiBrowser/12.7.4-gn" 56689
179.48.76.178 - - [29/Oct/2023:09:36:38 -0300] "GET /pastaonline/arquivo/20201214-155909-5-0-5467.pdf HTTP/1.1" 200 1096867 "https://www.canopusconstrucoes.com.br/pastaonline/consultaproposta.php?codigo=5467" "Mozilla/5.0 (Linux; U; Android 9; pt-br; Redmi Note 8 Build/PKQ1.190616.001) AppleWebKit/537.36 (KHTML, like Gecko) Version/4.0 Chrome/71.0.3578.141 Mobile Safari/537.36 XiaoMi/MiuiBrowser/12.7.4-gn" 56690
179.48.76.178 - - [29/Oct/2023:09:36:38 -0300] "GET /pastaonline/arquivo/20201214-155909-5-0-5467.pdf HTTP/1.1" 200 1096867 "https://www.canopusconstrucoes.com.br/pastaonline/consultaproposta.php?codigo=5467" "Mozilla/5.0 (Linux; U; Android 9; pt-br; Redmi Note 8 Build/PKQ1.190616.001) AppleWebKit/537.36 (KHTML, like Gecko) Version/4.0 Chrome/71.0.3578.141 Mobile Safari/537.36 XiaoMi/MiuiBrowser/12.7.4-gn" 56691
179.48.76.178 - - [29/Oct/2023:09:36:38 -0300] "GET /pastaonline/arquivo/20201214-155909-5-0-5467.pdf HTTP/1.1" 200 1096867 "https://www.canopusconstrucoes.com.br/pastaonline/consultaproposta.php?codigo=5467" "Mozilla/5.0 (Linux; U; Android 9; pt-br; Redmi Note 8 Build/PKQ1.190616.001) AppleWebKit/537.36 (KHTML, like Gecko) Version/4.0 Chrome/71.0.3578.141 Mobile Safari/537.36 XiaoMi/MiuiBrowser/12.7.4-gn" 56707
