179.224.188.183 - - [04/Nov/2023:06:57:21 -0300] "GET /js/site/maps.js HTTP/1.1" 200 3977 "https://www.canopusconstrucoes.com.br/imoveis/detalhe/34" "Mozilla/5.0 (Linux; Android 10; K) AppleWebKit/537.36 (KHTML, like Gecko) Chrome/119.0.0.0 Mobile Safari/537.36" 47509
179.84.215.40 - - [04/Nov/2023:06:57:21 -0300] "GET / HTTP/1.1" 200 44257 "https://l.facebook.com/" "Mozilla/5.0 (Linux; Android 13; SM-A515F Build/TP1A.220624.014; wv) AppleWebKit/537.36 (KHTML, like Gecko) Version/4.0 Chrome/119.0.6045.66 Mobile Safari/537.36 Instagram 307.0.0.34.111 Android (33/13; 450dpi; 1080x2177; samsung; SM-A515F; a51; exynos9611; pt_BR; 532277880)" 9417
179.224.188.183 - - [04/Nov/2023:06:57:21 -0300] "GET /img-render/imovel_imagem/m/guarita-3_9870.jpg HTTP/1.1" 200 53376 "https://www.canopusconstrucoes.com.br/imoveis/detalhe/34" "Mozilla/5.0 (Linux; Android 10; K) AppleWebKit/537.36 (KHTML, like Gecko) Chrome/119.0.0.0 Mobile Safari/537.36" 47512
179.84.223.48 - - [04/Nov/2023:06:57:22 -0300] "GET /fonts/fonts.css HTTP/1.1" 200 1955 "https://www.canopusconstrucoes.com.br/" "Mozilla/5.0 (Linux; Android 13; SM-A515F Build/TP1A.220624.014; wv) AppleWebKit/537.36 (KHTML, like Gecko) Version/4.0 Chrome/119.0.6045.66 Mobile Safari/537.36 Instagram 307.0.0.34.111 Android (33/13; 450dpi; 1080x2177; samsung; SM-A515F; a51; exynos9611; pt_BR; 532277880)" 33338
179.224.188.183 - - [04/Nov/2023:06:57:21 -0300] "GET /img-render/imovel_imagem/m/jogos_1300.jpg HTTP/1.1" 200 44980 "https://www.canopusconstrucoes.com.br/imoveis/detalhe/34" "Mozilla/5.0 (Linux; Android 10; K) AppleWebKit/537.36 (KHTML, like Gecko) Chrome/119.0.0.0 Mobile Safari/537.36" 47513
179.84.211.234 - - [04/Nov/2023:06:57:22 -0300] "GET /css/site/vendor.css HTTP/1.1" 200 142562 "https://www.canopusconstrucoes.com.br/" "Mozilla/5.0 (Linux; Android 13; SM-A515F Build/TP1A.220624.014; wv) AppleWebKit/537.36 (KHTML, like Gecko) Version/4.0 Chrome/119.0.6045.66 Mobile Safari/537.36 Instagram 307.0.0.34.111 Android (33/13; 450dpi; 1080x2177; samsung; SM-A515F; a51; exynos9611; pt_BR; 532277880)" 59636
179.224.188.183 - - [04/Nov/2023:06:57:22 -0300] "GET /img-render/imovel_imagem/m/festas_4503.jpg HTTP/1.1" 200 35870 "https://www.canopusconstrucoes.com.br/imoveis/detalhe/34" "Mozilla/5.0 (Linux; Android 10; K) AppleWebKit/537.36 (KHTML, like Gecko) Chrome/119.0.0.0 Mobile Safari/537.36" 47514
179.84.223.48 - - [04/Nov/2023:06:57:22 -0300] "GET /css/site/app.css?v=4 HTTP/1.1" 200 35660 "https://www.canopusconstrucoes.com.br/" "Mozilla/5.0 (Linux; Android 13; SM-A515F Build/TP1A.220624.014; wv) AppleWebKit/537.36 (KHTML, like Gecko) Version/4.0 Chrome/119.0.6045.66 Mobile Safari/537.36 Instagram 307.0.0.34.111 Android (33/13; 450dpi; 1080x2177; samsung; SM-A515F; a51; exynos9611; pt_BR; 532277880)" 33321
179.224.188.183 - - [04/Nov/2023:06:57:22 -0300] "GET /img-render/imovel_imagem/m/varanda_5995.JPG HTTP/1.1" 200 61486 "https://www.canopusconstrucoes.com.br/imoveis/detalhe/34" "Mozilla/5.0 (Linux; Android 10; K) AppleWebKit/537.36 (KHTML, like Gecko) Chrome/119.0.0.0 Mobile Safari/537.36" 47517
179.224.188.183 - - [04/Nov/2023:06:57:23 -0300] "GET /img-render/imovel_imagem/m/fachada-1_2416.jpg HTTP/1.1" 200 62922 "https://www.canopusconstrucoes.com.br/imoveis/detalhe/34" "Mozilla/5.0 (Linux; Android 10; K) AppleWebKit/537.36 (KHTML, like Gecko) Chrome/119.0.0.0 Mobile Safari/537.36" 47489
179.224.188.183 - - [04/Nov/2023:06:57:23 -0300] "GET /img-render/imovel_imagem/m/varanda_5730.JPG HTTP/1.1" 200 61486 "https://www.canopusconstrucoes.com.br/imoveis/detalhe/34" "Mozilla/5.0 (Linux; Android 10; K) AppleWebKit/537.36 (KHTML, like Gecko) Chrome/119.0.0.0 Mobile Safari/537.36" 47492
179.84.215.40 - - [04/Nov/2023:06:57:23 -0300] "GET /css/site/media-queries.css HTTP/1.1" 200 6437 "https://www.canopusconstrucoes.com.br/" "Mozilla/5.0 (Linux; Android 13; SM-A515F Build/TP1A.220624.014; wv) AppleWebKit/537.36 (KHTML, like Gecko) Version/4.0 Chrome/119.0.6045.66 Mobile Safari/537.36 Instagram 307.0.0.34.111 Android (33/13; 450dpi; 1080x2177; samsung; SM-A515F; a51; exynos9611; pt_BR; 532277880)" 9431
179.224.188.183 - - [04/Nov/2023:06:57:23 -0300] "GET /img-render/imovel_imagem/m/suite_6047.jpg HTTP/1.1" 200 43238 "https://www.canopusconstrucoes.com.br/imoveis/detalhe/34" "Mozilla/5.0 (Linux; Android 10; K) AppleWebKit/537.36 (KHTML, like Gecko) Chrome/119.0.0.0 Mobile Safari/537.36" 47519
179.84.223.48 - - [04/Nov/2023:06:57:24 -0300] "GET /fonts/rubik-regular-webfont.woff2 HTTP/1.1" 200 27212 "https://www.canopusconstrucoes.com.br/fonts/fonts.css" "Mozilla/5.0 (Linux; Android 13; SM-A515F Build/TP1A.220624.014; wv) AppleWebKit/537.36 (KHTML, like Gecko) Version/4.0 Chrome/119.0.6045.66 Mobile Safari/537.36 Instagram 307.0.0.34.111 Android (33/13; 450dpi; 1080x2177; samsung; SM-A515F; a51; exynos9611; pt_BR; 532277880)" 33320
179.224.188.183 - - [04/Nov/2023:06:57:23 -0300] "GET /img-render/imovel_imagem/m/sala_6072.jpg HTTP/1.1" 200 55800 "https://www.canopusconstrucoes.com.br/imoveis/detalhe/34" "Mozilla/5.0 (Linux; Android 10; K) AppleWebKit/537.36 (KHTML, like Gecko) Chrome/119.0.0.0 Mobile Safari/537.36" 47493
179.224.188.183 - - [04/Nov/2023:06:57:24 -0300] "GET /img-render/imovel_imagem/m/kids_8564.jpg HTTP/1.1" 200 42774 "https://www.canopusconstrucoes.com.br/imoveis/detalhe/34" "Mozilla/5.0 (Linux; Android 10; K) AppleWebKit/537.36 (KHTML, like Gecko) Chrome/119.0.0.0 Mobile Safari/537.36" 47494
179.84.219.157 - - [04/Nov/2023:06:57:24 -0300] "GET /fonts/rubik-bold-webfont.woff2 HTTP/1.1" 200 26692 "https://www.canopusconstrucoes.com.br/fonts/fonts.css" "Mozilla/5.0 (Linux; Android 13; SM-A515F Build/TP1A.220624.014; wv) AppleWebKit/537.36 (KHTML, like Gecko) Version/4.0 Chrome/119.0.6045.66 Mobile Safari/537.36 Instagram 307.0.0.34.111 Android (33/13; 450dpi; 1080x2177; samsung; SM-A515F; a51; exynos9611; pt_BR; 532277880)" 16428
179.84.219.157 - - [04/Nov/2023:06:57:24 -0300] "GET /fonts/rubik-light-webfont.woff2 HTTP/1.1" 200 26500 "https://www.canopusconstrucoes.com.br/fonts/fonts.css" "Mozilla/5.0 (Linux; Android 13; SM-A515F Build/TP1A.220624.014; wv) AppleWebKit/537.36 (KHTML, like Gecko) Version/4.0 Chrome/119.0.6045.66 Mobile Safari/537.36 Instagram 307.0.0.34.111 Android (33/13; 450dpi; 1080x2177; samsung; SM-A515F; a51; exynos9611; pt_BR; 532277880)" 16446
179.84.211.234 - - [04/Nov/2023:06:57:24 -0300] "GET /fonts/rubik-medium-webfont.woff2 HTTP/1.1" 200 26508 "https://www.canopusconstrucoes.com.br/fonts/fonts.css" "Mozilla/5.0 (Linux; Android 13; SM-A515F Build/TP1A.220624.014; wv) AppleWebKit/537.36 (KHTML, like Gecko) Version/4.0 Chrome/119.0.6045.66 Mobile Safari/537.36 Instagram 307.0.0.34.111 Android (33/13; 450dpi; 1080x2177; samsung; SM-A515F; a51; exynos9611; pt_BR; 532277880)" 59627
179.84.215.40 - - [04/Nov/2023:06:57:24 -0300] "GET /img/icons/location.png HTTP/1.1" 200 3113 "https://www.canopusconstrucoes.com.br/" "Mozilla/5.0 (Linux; Android 13; SM-A515F Build/TP1A.220624.014; wv) AppleWebKit/537.36 (KHTML, like Gecko) Version/4.0 Chrome/119.0.6045.66 Mobile Safari/537.36 Instagram 307.0.0.34.111 Android (33/13; 450dpi; 1080x2177; samsung; SM-A515F; a51; exynos9611; pt_BR; 532277880)" 9425
179.84.223.48 - - [04/Nov/2023:06:57:24 -0300] "GET /img/icons/clock.png HTTP/1.1" 200 3206 "https://www.canopusconstrucoes.com.br/" "Mozilla/5.0 (Linux; Android 13; SM-A515F Build/TP1A.220624.014; wv) AppleWebKit/537.36 (KHTML, like Gecko) Version/4.0 Chrome/119.0.6045.66 Mobile Safari/537.36 Instagram 307.0.0.34.111 Android (33/13; 450dpi; 1080x2177; samsung; SM-A515F; a51; exynos9611; pt_BR; 532277880)" 33333
179.84.223.48 - - [04/Nov/2023:06:57:24 -0300] "GET /img/icons/phone.png HTTP/1.1" 200 3145 "https://www.canopusconstrucoes.com.br/" "Mozilla/5.0 (Linux; Android 13; SM-A515F Build/TP1A.220624.014; wv) AppleWebKit/537.36 (KHTML, like Gecko) Version/4.0 Chrome/119.0.6045.66 Mobile Safari/537.36 Instagram 307.0.0.34.111 Android (33/13; 450dpi; 1080x2177; samsung; SM-A515F; a51; exynos9611; pt_BR; 532277880)" 33323
179.84.215.40 - - [04/Nov/2023:06:57:25 -0300] "GET /img/icons/logo-nav.png HTTP/1.1" 200 9394 "https://www.canopusconstrucoes.com.br/" "Mozilla/5.0 (Linux; Android 13; SM-A515F Build/TP1A.220624.014; wv) AppleWebKit/537.36 (KHTML, like Gecko) Version/4.0 Chrome/119.0.6045.66 Mobile Safari/537.36 Instagram 307.0.0.34.111 Android (33/13; 450dpi; 1080x2177; samsung; SM-A515F; a51; exynos9611; pt_BR; 532277880)" 9433
179.84.223.48 - - [04/Nov/2023:06:57:25 -0300] "GET /img/icons/whatsapp.png HTTP/1.1" 200 3215 "https://www.canopusconstrucoes.com.br/" "Mozilla/5.0 (Linux; Android 13; SM-A515F Build/TP1A.220624.014; wv) AppleWebKit/537.36 (KHTML, like Gecko) Version/4.0 Chrome/119.0.6045.66 Mobile Safari/537.36 Instagram 307.0.0.34.111 Android (33/13; 450dpi; 1080x2177; samsung; SM-A515F; a51; exynos9611; pt_BR; 532277880)" 33340
179.224.178.161 - - [04/Nov/2023:06:57:24 -0300] "GET /img-render/imovel_imagem/m/lazer_7466.jpg HTTP/1.1" 200 81907 "https://www.canopusconstrucoes.com.br/imoveis/detalhe/34" "Mozilla/5.0 (Linux; Android 10; K) AppleWebKit/537.36 (KHTML, like Gecko) Chrome/119.0.0.0 Mobile Safari/537.36" 18149
179.224.188.183 - - [04/Nov/2023:06:57:24 -0300] "GET /img-render/imovel_imagem/m/pet_5969.jpg HTTP/1.1" 200 61899 "https://www.canopusconstrucoes.com.br/imoveis/detalhe/34" "Mozilla/5.0 (Linux; Android 10; K) AppleWebKit/537.36 (KHTML, like Gecko) Chrome/119.0.0.0 Mobile Safari/537.36" 47497
179.84.219.157 - - [04/Nov/2023:06:57:25 -0300] "GET /js/site/vendor.js HTTP/1.1" 200 254960 "https://www.canopusconstrucoes.com.br/" "Mozilla/5.0 (Linux; Android 13; SM-A515F Build/TP1A.220624.014; wv) AppleWebKit/537.36 (KHTML, like Gecko) Version/4.0 Chrome/119.0.6045.66 Mobile Safari/537.36 Instagram 307.0.0.34.111 Android (33/13; 450dpi; 1080x2177; samsung; SM-A515F; a51; exynos9611; pt_BR; 532277880)" 16443
179.84.215.40 - - [04/Nov/2023:06:57:25 -0300] "GET /js/site/site.js HTTP/1.1" 200 4249 "https://www.canopusconstrucoes.com.br/" "Mozilla/5.0 (Linux; Android 13; SM-A515F Build/TP1A.220624.014; wv) AppleWebKit/537.36 (KHTML, like Gecko) Version/4.0 Chrome/119.0.6045.66 Mobile Safari/537.36 Instagram 307.0.0.34.111 Android (33/13; 450dpi; 1080x2177; samsung; SM-A515F; a51; exynos9611; pt_BR; 532277880)" 9411
179.224.178.161 - - [04/Nov/2023:06:57:25 -0300] "GET /img-render/imovel_imagem/m/cozinha-1_5140.jpg HTTP/1.1" 200 29025 "https://www.canopusconstrucoes.com.br/imoveis/detalhe/34" "Mozilla/5.0 (Linux; Android 10; K) AppleWebKit/537.36 (KHTML, like Gecko) Chrome/119.0.0.0 Mobile Safari/537.36" 18162
179.84.215.40 - - [04/Nov/2023:06:57:25 -0300] "GET /js/controle.js HTTP/1.1" 200 3083 "https://www.canopusconstrucoes.com.br/" "Mozilla/5.0 (Linux; Android 13; SM-A515F Build/TP1A.220624.014; wv) AppleWebKit/537.36 (KHTML, like Gecko) Version/4.0 Chrome/119.0.6045.66 Mobile Safari/537.36 Instagram 307.0.0.34.111 Android (33/13; 450dpi; 1080x2177; samsung; SM-A515F; a51; exynos9611; pt_BR; 532277880)" 9410
179.84.223.48 - - [04/Nov/2023:06:57:25 -0300] "GET /img/icons/email.png HTTP/1.1" 200 3128 "https://www.canopusconstrucoes.com.br/" "Mozilla/5.0 (Linux; Android 13; SM-A515F Build/TP1A.220624.014; wv) AppleWebKit/537.36 (KHTML, like Gecko) Version/4.0 Chrome/119.0.6045.66 Mobile Safari/537.36 Instagram 307.0.0.34.111 Android (33/13; 450dpi; 1080x2177; samsung; SM-A515F; a51; exynos9611; pt_BR; 532277880)" 33325
179.224.188.183 - - [04/Nov/2023:06:57:25 -0300] "GET /img-render/imovel_imagem/m/planta-2q-meio_5904.jpg HTTP/1.1" 200 32802 "https://www.canopusconstrucoes.com.br/imoveis/detalhe/34" "Mozilla/5.0 (Linux; Android 10; K) AppleWebKit/537.36 (KHTML, like Gecko) Chrome/119.0.0.0 Mobile Safari/537.36" 47498
179.224.188.183 - - [04/Nov/2023:06:57:25 -0300] "GET /img-render/imovel_imagem/m/planta-2q-02_7425.jpg HTTP/1.1" 200 34872 "https://www.canopusconstrucoes.com.br/imoveis/detalhe/34" "Mozilla/5.0 (Linux; Android 10; K) AppleWebKit/537.36 (KHTML, like Gecko) Chrome/119.0.0.0 Mobile Safari/537.36" 47490
179.84.223.48 - - [04/Nov/2023:06:57:26 -0300] "GET /img/icons/person.png HTTP/1.1" 200 3243 "https://www.canopusconstrucoes.com.br/" "Mozilla/5.0 (Linux; Android 13; SM-A515F Build/TP1A.220624.014; wv) AppleWebKit/537.36 (KHTML, like Gecko) Version/4.0 Chrome/119.0.6045.66 Mobile Safari/537.36 Instagram 307.0.0.34.111 Android (33/13; 450dpi; 1080x2177; samsung; SM-A515F; a51; exynos9611; pt_BR; 532277880)" 33324
179.224.188.183 - - [04/Nov/2023:06:57:25 -0300] "GET /img-render/imovel_imagem/m/planta-3q-02_6366.jpg HTTP/1.1" 200 34983 "https://www.canopusconstrucoes.com.br/imoveis/detalhe/34" "Mozilla/5.0 (Linux; Android 10; K) AppleWebKit/537.36 (KHTML, like Gecko) Chrome/119.0.0.0 Mobile Safari/537.36" 47488
179.84.219.157 - - [04/Nov/2023:06:57:25 -0300] "GET /js/admin/vendor.js HTTP/1.1" 200 214368 "https://www.canopusconstrucoes.com.br/" "Mozilla/5.0 (Linux; Android 13; SM-A515F Build/TP1A.220624.014; wv) AppleWebKit/537.36 (KHTML, like Gecko) Version/4.0 Chrome/119.0.6045.66 Mobile Safari/537.36 Instagram 307.0.0.34.111 Android (33/13; 450dpi; 1080x2177; samsung; SM-A515F; a51; exynos9611; pt_BR; 532277880)" 16420
179.84.215.40 - - [04/Nov/2023:06:57:26 -0300] "GET /img/icons/location2.png HTTP/1.1" 200 49540 "https://www.canopusconstrucoes.com.br/" "Mozilla/5.0 (Linux; Android 13; SM-A515F Build/TP1A.220624.014; wv) AppleWebKit/537.36 (KHTML, like Gecko) Version/4.0 Chrome/119.0.6045.66 Mobile Safari/537.36 Instagram 307.0.0.34.111 Android (33/13; 450dpi; 1080x2177; samsung; SM-A515F; a51; exynos9611; pt_BR; 532277880)" 9409
179.224.188.183 - - [04/Nov/2023:06:57:26 -0300] "GET /img-render/imovel_imagem/m/planta-3q-02-m2_7100.jpg HTTP/1.1" 200 35170 "https://www.canopusconstrucoes.com.br/imoveis/detalhe/34" "Mozilla/5.0 (Linux; Android 10; K) AppleWebKit/537.36 (KHTML, like Gecko) Chrome/119.0.0.0 Mobile Safari/537.36" 60808
179.224.188.183 - - [04/Nov/2023:06:57:26 -0300] "GET /img/icons/section-label.png HTTP/1.1" 200 681 "https://www.canopusconstrucoes.com.br/imoveis/detalhe/34" "Mozilla/5.0 (Linux; Android 10; K) AppleWebKit/537.36 (KHTML, like Gecko) Chrome/119.0.0.0 Mobile Safari/537.36" 60830
179.84.215.40 - - [04/Nov/2023:06:57:26 -0300] "GET /img-render/facilidadecompra/m/vantagem-2_1674.png HTTP/1.1" 200 8604 "https://www.canopusconstrucoes.com.br/" "Mozilla/5.0 (Linux; Android 13; SM-A515F Build/TP1A.220624.014; wv) AppleWebKit/537.36 (KHTML, like Gecko) Version/4.0 Chrome/119.0.6045.66 Mobile Safari/537.36 Instagram 307.0.0.34.111 Android (33/13; 450dpi; 1080x2177; samsung; SM-A515F; a51; exynos9611; pt_BR; 532277880)" 9420
179.224.188.183 - - [04/Nov/2023:06:57:26 -0300] "GET /img-render/imovel_imagem/m/planta-pcd-02_1546.jpg HTTP/1.1" 200 33178 "https://www.canopusconstrucoes.com.br/imoveis/detalhe/34" "Mozilla/5.0 (Linux; Android 10; K) AppleWebKit/537.36 (KHTML, like Gecko) Chrome/119.0.0.0 Mobile Safari/537.36" 60831
179.84.223.48 - - [04/Nov/2023:06:57:26 -0300] "GET /img-render/facilidadecompra/m/vantagem-1_7754.png HTTP/1.1" 200 33145 "https://www.canopusconstrucoes.com.br/" "Mozilla/5.0 (Linux; Android 13; SM-A515F Build/TP1A.220624.014; wv) AppleWebKit/537.36 (KHTML, like Gecko) Version/4.0 Chrome/119.0.6045.66 Mobile Safari/537.36 Instagram 307.0.0.34.111 Android (33/13; 450dpi; 1080x2177; samsung; SM-A515F; a51; exynos9611; pt_BR; 532277880)" 33331
179.224.188.183 - - [04/Nov/2023:06:57:26 -0300] "GET /img/icons/markers/academia.png HTTP/1.1" 200 1095 "https://www.canopusconstrucoes.com.br/imoveis/detalhe/34" "Mozilla/5.0 (Linux; Android 10; K) AppleWebKit/537.36 (KHTML, like Gecko) Chrome/119.0.0.0 Mobile Safari/537.36" 60822
179.224.188.183 - - [04/Nov/2023:06:57:26 -0300] "GET /img-render/imovel_imagem/m/piscina_2550.jpg HTTP/1.1" 200 60890 "https://www.canopusconstrucoes.com.br/imoveis/detalhe/34" "Mozilla/5.0 (Linux; Android 10; K) AppleWebKit/537.36 (KHTML, like Gecko) Chrome/119.0.0.0 Mobile Safari/537.36" 47506
179.224.188.183 - - [04/Nov/2023:06:57:26 -0300] "GET /img/icons/markers/bancos.png HTTP/1.1" 200 957 "https://www.canopusconstrucoes.com.br/imoveis/detalhe/34" "Mozilla/5.0 (Linux; Android 10; K) AppleWebKit/537.36 (KHTML, like Gecko) Chrome/119.0.0.0 Mobile Safari/537.36" 60810
179.84.223.48 - - [04/Nov/2023:06:57:26 -0300] "GET /img/elements/casal.png HTTP/1.1" 200 426591 "https://www.canopusconstrucoes.com.br/" "Mozilla/5.0 (Linux; Android 13; SM-A515F Build/TP1A.220624.014; wv) AppleWebKit/537.36 (KHTML, like Gecko) Version/4.0 Chrome/119.0.6045.66 Mobile Safari/537.36 Instagram 307.0.0.34.111 Android (33/13; 450dpi; 1080x2177; samsung; SM-A515F; a51; exynos9611; pt_BR; 532277880)" 33327
179.84.223.48 - - [04/Nov/2023:06:57:26 -0300] "GET /img/icons/btt.png HTTP/1.1" 200 3799 "https://www.canopusconstrucoes.com.br/" "Mozilla/5.0 (Linux; Android 13; SM-A515F Build/TP1A.220624.014; wv) AppleWebKit/537.36 (KHTML, like Gecko) Version/4.0 Chrome/119.0.6045.66 Mobile Safari/537.36 Instagram 307.0.0.34.111 Android (33/13; 450dpi; 1080x2177; samsung; SM-A515F; a51; exynos9611; pt_BR; 532277880)" 33342
179.224.188.183 - - [04/Nov/2023:06:57:27 -0300] "GET /img/icons/markers/escolas.png HTTP/1.1" 200 1195 "https://www.canopusconstrucoes.com.br/imoveis/detalhe/34" "Mozilla/5.0 (Linux; Android 10; K) AppleWebKit/537.36 (KHTML, like Gecko) Chrome/119.0.0.0 Mobile Safari/537.36" 60803
179.84.215.40 - - [04/Nov/2023:06:57:26 -0300] "GET /img-render/facilidadecompra/m/vantagem-2_6279.png HTTP/1.1" 200 8583 "https://www.canopusconstrucoes.com.br/" "Mozilla/5.0 (Linux; Android 13; SM-A515F Build/TP1A.220624.014; wv) AppleWebKit/537.36 (KHTML, like Gecko) Version/4.0 Chrome/119.0.6045.66 Mobile Safari/537.36 Instagram 307.0.0.34.111 Android (33/13; 450dpi; 1080x2177; samsung; SM-A515F; a51; exynos9611; pt_BR; 532277880)" 9439
179.224.188.183 - - [04/Nov/2023:06:57:27 -0300] "GET /img/icons/markers/faculdades.png HTTP/1.1" 200 1085 "https://www.canopusconstrucoes.com.br/imoveis/detalhe/34" "Mozilla/5.0 (Linux; Android 10; K) AppleWebKit/537.36 (KHTML, like Gecko) Chrome/119.0.0.0 Mobile Safari/537.36" 60815
179.84.223.48 - - [04/Nov/2023:06:57:26 -0300] "GET /img-render/facilidadecompra/m/vantagem-1_5965.png HTTP/1.1" 200 24194 "https://www.canopusconstrucoes.com.br/" "Mozilla/5.0 (Linux; Android 13; SM-A515F Build/TP1A.220624.014; wv) AppleWebKit/537.36 (KHTML, like Gecko) Version/4.0 Chrome/119.0.6045.66 Mobile Safari/537.36 Instagram 307.0.0.34.111 Android (33/13; 450dpi; 1080x2177; samsung; SM-A515F; a51; exynos9611; pt_BR; 532277880)" 33330
179.224.188.183 - - [04/Nov/2023:06:57:27 -0300] "GET /img/icons/markers/farmacias.png HTTP/1.1" 200 561 "https://www.canopusconstrucoes.com.br/imoveis/detalhe/34" "Mozilla/5.0 (Linux; Android 10; K) AppleWebKit/537.36 (KHTML, like Gecko) Chrome/119.0.0.0 Mobile Safari/537.36" 60824
179.224.188.183 - - [04/Nov/2023:06:57:26 -0300] "GET /img/bg/bg-financiamento.png HTTP/1.1" 200 1216750 "https://www.canopusconstrucoes.com.br/imoveis/detalhe/34" "Mozilla/5.0 (Linux; Android 10; K) AppleWebKit/537.36 (KHTML, like Gecko) Chrome/119.0.0.0 Mobile Safari/537.36" 60814
179.84.215.40 - - [04/Nov/2023:06:57:27 -0300] "GET /img/icons/logo.png HTTP/1.1" 200 20785 "https://www.canopusconstrucoes.com.br/" "Mozilla/5.0 (Linux; Android 13; SM-A515F Build/TP1A.220624.014; wv) AppleWebKit/537.36 (KHTML, like Gecko) Version/4.0 Chrome/119.0.6045.66 Mobile Safari/537.36 Instagram 307.0.0.34.111 Android (33/13; 450dpi; 1080x2177; samsung; SM-A515F; a51; exynos9611; pt_BR; 532277880)" 9426
179.84.223.48 - - [04/Nov/2023:06:57:27 -0300] "GET /img/icons/dot.png HTTP/1.1" 200 2812 "https://www.canopusconstrucoes.com.br/" "Mozilla/5.0 (Linux; Android 13; SM-A515F Build/TP1A.220624.014; wv) AppleWebKit/537.36 (KHTML, like Gecko) Version/4.0 Chrome/119.0.6045.66 Mobile Safari/537.36 Instagram 307.0.0.34.111 Android (33/13; 450dpi; 1080x2177; samsung; SM-A515F; a51; exynos9611; pt_BR; 532277880)" 33314
179.224.188.183 - - [04/Nov/2023:06:57:27 -0300] "GET /img/icons/markers/padarias.png HTTP/1.1" 200 921 "https://www.canopusconstrucoes.com.br/imoveis/detalhe/34" "Mozilla/5.0 (Linux; Android 10; K) AppleWebKit/537.36 (KHTML, like Gecko) Chrome/119.0.0.0 Mobile Safari/537.36" 60804
179.84.215.40 - - [04/Nov/2023:06:57:27 -0300] "GET /img/icons/instagram.png HTTP/1.1" 200 820 "https://www.canopusconstrucoes.com.br/" "Mozilla/5.0 (Linux; Android 13; SM-A515F Build/TP1A.220624.014; wv) AppleWebKit/537.36 (KHTML, like Gecko) Version/4.0 Chrome/119.0.6045.66 Mobile Safari/537.36 Instagram 307.0.0.34.111 Android (33/13; 450dpi; 1080x2177; samsung; SM-A515F; a51; exynos9611; pt_BR; 532277880)" 9427
179.224.188.183 - - [04/Nov/2023:06:57:27 -0300] "GET /img/icons/markers/hospitais.png HTTP/1.1" 200 1518 "https://www.canopusconstrucoes.com.br/imoveis/detalhe/34" "Mozilla/5.0 (Linux; Android 10; K) AppleWebKit/537.36 (KHTML, like Gecko) Chrome/119.0.0.0 Mobile Safari/537.36" 47518
179.224.188.183 - - [04/Nov/2023:06:57:27 -0300] "GET /img/icons/markers/shoppings.png HTTP/1.1" 200 941 "https://www.canopusconstrucoes.com.br/imoveis/detalhe/34" "Mozilla/5.0 (Linux; Android 10; K) AppleWebKit/537.36 (KHTML, like Gecko) Chrome/119.0.0.0 Mobile Safari/537.36" 60829
179.84.215.40 - - [04/Nov/2023:06:57:27 -0300] "GET /img/icons/facebook.png HTTP/1.1" 200 518 "https://www.canopusconstrucoes.com.br/" "Mozilla/5.0 (Linux; Android 13; SM-A515F Build/TP1A.220624.014; wv) AppleWebKit/537.36 (KHTML, like Gecko) Version/4.0 Chrome/119.0.6045.66 Mobile Safari/537.36 Instagram 307.0.0.34.111 Android (33/13; 450dpi; 1080x2177; samsung; SM-A515F; a51; exynos9611; pt_BR; 532277880)" 9416
179.224.188.183 - - [04/Nov/2023:06:57:27 -0300] "GET /img/icons/markers/transportes.png HTTP/1.1" 200 1093 "https://www.canopusconstrucoes.com.br/imoveis/detalhe/34" "Mozilla/5.0 (Linux; Android 10; K) AppleWebKit/537.36 (KHTML, like Gecko) Chrome/119.0.0.0 Mobile Safari/537.36" 60816
179.224.188.183 - - [04/Nov/2023:06:57:27 -0300] "GET /img/icons/markers/supermercados.png HTTP/1.1" 200 1137 "https://www.canopusconstrucoes.com.br/imoveis/detalhe/34" "Mozilla/5.0 (Linux; Android 10; K) AppleWebKit/537.36 (KHTML, like Gecko) Chrome/119.0.0.0 Mobile Safari/537.36" 60826
179.224.188.183 - - [04/Nov/2023:06:57:27 -0300] "GET /img/icons/list-icon-orange.png HTTP/1.1" 200 338 "https://www.canopusconstrucoes.com.br/css/site/app.css?v=4" "Mozilla/5.0 (Linux; Android 10; K) AppleWebKit/537.36 (KHTML, like Gecko) Chrome/119.0.0.0 Mobile Safari/537.36" 60817
179.84.215.40 - - [04/Nov/2023:06:57:27 -0300] "GET /img-render/imovel_imagem/m/photo-2021-06-11-09-39-51_1177.jpg HTTP/1.1" 200 39938 "https://www.canopusconstrucoes.com.br/" "Mozilla/5.0 (Linux; Android 13; SM-A515F Build/TP1A.220624.014; wv) AppleWebKit/537.36 (KHTML, like Gecko) Version/4.0 Chrome/119.0.6045.66 Mobile Safari/537.36 Instagram 307.0.0.34.111 Android (33/13; 450dpi; 1080x2177; samsung; SM-A515F; a51; exynos9611; pt_BR; 532277880)" 9428
179.84.223.48 - - [04/Nov/2023:06:57:27 -0300] "GET /img-render/imovel_imagem/m/fachada_2418.jpg HTTP/1.1" 200 42585 "https://www.canopusconstrucoes.com.br/" "Mozilla/5.0 (Linux; Android 13; SM-A515F Build/TP1A.220624.014; wv) AppleWebKit/537.36 (KHTML, like Gecko) Version/4.0 Chrome/119.0.6045.66 Mobile Safari/537.36 Instagram 307.0.0.34.111 Android (33/13; 450dpi; 1080x2177; samsung; SM-A515F; a51; exynos9611; pt_BR; 532277880)" 33312
179.84.215.40 - - [04/Nov/2023:06:57:27 -0300] "GET /img-render/imovel_imagem/m/guarita-3_9870.jpg HTTP/1.1" 200 53376 "https://www.canopusconstrucoes.com.br/" "Mozilla/5.0 (Linux; Android 13; SM-A515F Build/TP1A.220624.014; wv) AppleWebKit/537.36 (KHTML, like Gecko) Version/4.0 Chrome/119.0.6045.66 Mobile Safari/537.36 Instagram 307.0.0.34.111 Android (33/13; 450dpi; 1080x2177; samsung; SM-A515F; a51; exynos9611; pt_BR; 532277880)" 9434
179.84.215.40 - - [04/Nov/2023:06:57:27 -0300] "GET /img-render/imovel_imagem/m/bloco_5646.jpg HTTP/1.1" 200 47633 "https://www.canopusconstrucoes.com.br/" "Mozilla/5.0 (Linux; Android 13; SM-A515F Build/TP1A.220624.014; wv) AppleWebKit/537.36 (KHTML, like Gecko) Version/4.0 Chrome/119.0.6045.66 Mobile Safari/537.36 Instagram 307.0.0.34.111 Android (33/13; 450dpi; 1080x2177; samsung; SM-A515F; a51; exynos9611; pt_BR; 532277880)" 9412
179.84.223.48 - - [04/Nov/2023:06:57:27 -0300] "GET /img-render/imovel_imagem/m/163vg1-arq-im-004-gua-r00_9859.jpg HTTP/1.1" 200 64508 "https://www.canopusconstrucoes.com.br/" "Mozilla/5.0 (Linux; Android 13; SM-A515F Build/TP1A.220624.014; wv) AppleWebKit/537.36 (KHTML, like Gecko) Version/4.0 Chrome/119.0.6045.66 Mobile Safari/537.36 Instagram 307.0.0.34.111 Android (33/13; 450dpi; 1080x2177; samsung; SM-A515F; a51; exynos9611; pt_BR; 532277880)" 33338
179.84.223.48 - - [04/Nov/2023:06:57:28 -0300] "GET /img/bg/bg-form.jpg HTTP/1.1" 200 90889 "https://www.canopusconstrucoes.com.br/css/site/app.css?v=4" "Mozilla/5.0 (Linux; Android 13; SM-A515F Build/TP1A.220624.014; wv) AppleWebKit/537.36 (KHTML, like Gecko) Version/4.0 Chrome/119.0.6045.66 Mobile Safari/537.36 Instagram 307.0.0.34.111 Android (33/13; 450dpi; 1080x2177; samsung; SM-A515F; a51; exynos9611; pt_BR; 532277880)" 33326
179.84.223.48 - - [04/Nov/2023:06:57:28 -0300] "GET /img-render/imovel_imagem/m/dji-0046_1731.JPG HTTP/1.1" 200 51458 "https://www.canopusconstrucoes.com.br/" "Mozilla/5.0 (Linux; Android 13; SM-A515F Build/TP1A.220624.014; wv) AppleWebKit/537.36 (KHTML, like Gecko) Version/4.0 Chrome/119.0.6045.66 Mobile Safari/537.36 Instagram 307.0.0.34.111 Android (33/13; 450dpi; 1080x2177; samsung; SM-A515F; a51; exynos9611; pt_BR; 532277880)" 33321
179.84.223.48 - - [04/Nov/2023:06:57:29 -0300] "GET /img/icons/btn2.png HTTP/1.1" 200 48309 "https://www.canopusconstrucoes.com.br/css/site/app.css?v=4" "Mozilla/5.0 (Linux; Android 13; SM-A515F Build/TP1A.220624.014; wv) AppleWebKit/537.36 (KHTML, like Gecko) Version/4.0 Chrome/119.0.6045.66 Mobile Safari/537.36 Instagram 307.0.0.34.111 Android (33/13; 450dpi; 1080x2177; samsung; SM-A515F; a51; exynos9611; pt_BR; 532277880)" 33336
179.84.215.40 - - [04/Nov/2023:06:57:30 -0300] "GET /img/site/favicon.ico HTTP/1.1" 200 1150 "https://www.canopusconstrucoes.com.br/" "Mozilla/5.0 (Linux; Android 13; SM-A515F Build/TP1A.220624.014; wv) AppleWebKit/537.36 (KHTML, like Gecko) Version/4.0 Chrome/119.0.6045.66 Mobile Safari/537.36 Instagram 307.0.0.34.111 Android (33/13; 450dpi; 1080x2177; samsung; SM-A515F; a51; exynos9611; pt_BR; 532277880)" 9430
179.224.188.183 - - [04/Nov/2023:06:57:39 -0300] "GET /imoveis/detalhe/40 HTTP/1.1" 200 42875 "https://www.canopusconstrucoes.com.br/" "Mozilla/5.0 (Linux; Android 10; K) AppleWebKit/537.36 (KHTML, like Gecko) Chrome/119.0.0.0 Mobile Safari/537.36" 60808
179.224.188.183 - - [04/Nov/2023:06:57:40 -0300] "GET /img/elements/itbi.png HTTP/1.1" 200 3856 "https://www.canopusconstrucoes.com.br/imoveis/detalhe/40" "Mozilla/5.0 (Linux; Android 10; K) AppleWebKit/537.36 (KHTML, like Gecko) Chrome/119.0.0.0 Mobile Safari/537.36" 60822
179.224.188.183 - - [04/Nov/2023:06:57:40 -0300] "GET /img/elements/cartorio.png HTTP/1.1" 200 4971 "https://www.canopusconstrucoes.com.br/imoveis/detalhe/40" "Mozilla/5.0 (Linux; Android 10; K) AppleWebKit/537.36 (KHTML, like Gecko) Chrome/119.0.0.0 Mobile Safari/537.36" 60810
179.224.188.183 - - [04/Nov/2023:06:57:39 -0300] "GET /img-render/imovel_imagem/m/163vg1-arq-im-004-gua-r00_9859.jpg HTTP/1.1" 200 64508 "https://www.canopusconstrucoes.com.br/imoveis/detalhe/40" "Mozilla/5.0 (Linux; Android 10; K) AppleWebKit/537.36 (KHTML, like Gecko) Chrome/119.0.0.0 Mobile Safari/537.36" 60803
179.224.188.183 - - [04/Nov/2023:06:57:40 -0300] "GET /img-render/imovel_imagem/m/163vg1-arq-im-006-int-r00_2994.jpg HTTP/1.1" 200 51407 "https://www.canopusconstrucoes.com.br/imoveis/detalhe/40" "Mozilla/5.0 (Linux; Android 10; K) AppleWebKit/537.36 (KHTML, like Gecko) Chrome/119.0.0.0 Mobile Safari/537.36" 60807
179.224.188.183 - - [04/Nov/2023:06:57:40 -0300] "GET /img-render/banner_topo/g/163vg1-arq-im-004-gua-r00_8488.jpg HTTP/1.1" 200 269294 "https://www.canopusconstrucoes.com.br/imoveis/detalhe/40" "Mozilla/5.0 (Linux; Android 10; K) AppleWebKit/537.36 (KHTML, like Gecko) Chrome/119.0.0.0 Mobile Safari/537.36" 60824
179.224.188.183 - - [04/Nov/2023:06:57:40 -0300] "GET /img-render/imovel_imagem/m/163vg1-arq-im-007-lz1-r00_3837.jpg HTTP/1.1" 200 82343 "https://www.canopusconstrucoes.com.br/imoveis/detalhe/40" "Mozilla/5.0 (Linux; Android 10; K) AppleWebKit/537.36 (KHTML, like Gecko) Chrome/119.0.0.0 Mobile Safari/537.36" 60826
179.224.188.183 - - [04/Nov/2023:06:57:40 -0300] "GET /img-render/imovel_imagem/m/163vg1-arq-im-008-lz2-r00_3374.jpg HTTP/1.1" 200 88393 "https://www.canopusconstrucoes.com.br/imoveis/detalhe/40" "Mozilla/5.0 (Linux; Android 10; K) AppleWebKit/537.36 (KHTML, like Gecko) Chrome/119.0.0.0 Mobile Safari/537.36" 60829
179.224.188.183 - - [04/Nov/2023:06:57:40 -0300] "GET /img-render/imovel_imagem/m/163vg1-arq-im-009-slf-r00_5791.jpg HTTP/1.1" 200 64200 "https://www.canopusconstrucoes.com.br/imoveis/detalhe/40" "Mozilla/5.0 (Linux; Android 10; K) AppleWebKit/537.36 (KHTML, like Gecko) Chrome/119.0.0.0 Mobile Safari/537.36" 60814
179.224.188.183 - - [04/Nov/2023:06:57:40 -0300] "GET /img-render/imovel_imagem/m/163vg1-arq-im-010-fit-r01_8161.jpg HTTP/1.1" 200 55156 "https://www.canopusconstrucoes.com.br/imoveis/detalhe/40" "Mozilla/5.0 (Linux; Android 10; K) AppleWebKit/537.36 (KHTML, like Gecko) Chrome/119.0.0.0 Mobile Safari/537.36" 60815
179.224.188.183 - - [04/Nov/2023:06:57:40 -0300] "GET /img-render/imovel_imagem/m/163vg1-arq-im-011-kds-r00_5122.jpg HTTP/1.1" 200 46358 "https://www.canopusconstrucoes.com.br/imoveis/detalhe/40" "Mozilla/5.0 (Linux; Android 10; K) AppleWebKit/537.36 (KHTML, like Gecko) Chrome/119.0.0.0 Mobile Safari/537.36" 60816
179.224.188.183 - - [04/Nov/2023:06:57:40 -0300] "GET /img-render/imovel_imagem/m/163vg1-arq-im-012-cwk-r00_9971.jpg HTTP/1.1" 200 55573 "https://www.canopusconstrucoes.com.br/imoveis/detalhe/40" "Mozilla/5.0 (Linux; Android 10; K) AppleWebKit/537.36 (KHTML, like Gecko) Chrome/119.0.0.0 Mobile Safari/537.36" 60830
179.224.188.183 - - [04/Nov/2023:06:57:41 -0300] "GET /img-render/imovel_imagem/m/163vg1-arq-im-016-coz-r00_2804.jpg HTTP/1.1" 200 30193 "https://www.canopusconstrucoes.com.br/imoveis/detalhe/40" "Mozilla/5.0 (Linux; Android 10; K) AppleWebKit/537.36 (KHTML, like Gecko) Chrome/119.0.0.0 Mobile Safari/537.36" 60817
179.224.188.183 - - [04/Nov/2023:06:57:40 -0300] "GET /img-render/imovel_imagem/m/163vg1-arq-im-015-sal-r01_6712.png HTTP/1.1" 200 377396 "https://www.canopusconstrucoes.com.br/imoveis/detalhe/40" "Mozilla/5.0 (Linux; Android 10; K) AppleWebKit/537.36 (KHTML, like Gecko) Chrome/119.0.0.0 Mobile Safari/537.36" 60831
179.224.188.183 - - [04/Nov/2023:06:57:41 -0300] "GET /img-render/imovel_imagem/m/163vg1-arq-im-016-coz-r00_5805.jpg HTTP/1.1" 200 30193 "https://www.canopusconstrucoes.com.br/imoveis/detalhe/40" "Mozilla/5.0 (Linux; Android 10; K) AppleWebKit/537.36 (KHTML, like Gecko) Chrome/119.0.0.0 Mobile Safari/537.36" 60805
179.224.188.183 - - [04/Nov/2023:06:57:41 -0300] "GET /img-render/imovel_imagem/m/163vg1-arq-im-017-var-r01_1961.png HTTP/1.1" 200 405807 "https://www.canopusconstrucoes.com.br/imoveis/detalhe/40" "Mozilla/5.0 (Linux; Android 10; K) AppleWebKit/537.36 (KHTML, like Gecko) Chrome/119.0.0.0 Mobile Safari/537.36" 60804
179.224.188.183 - - [04/Nov/2023:06:57:41 -0300] "GET /img-render/imovel_imagem/m/163vg1-arq-im-019-qrt-r00_3970.jpg HTTP/1.1" 200 43929 "https://www.canopusconstrucoes.com.br/imoveis/detalhe/40" "Mozilla/5.0 (Linux; Android 10; K) AppleWebKit/537.36 (KHTML, like Gecko) Chrome/119.0.0.0 Mobile Safari/537.36" 7215
179.224.188.183 - - [04/Nov/2023:06:57:41 -0300] "GET /img-render/imovel_imagem/m/163vg1-arq-im-020-is1-r00_8688.jpg HTTP/1.1" 200 38582 "https://www.canopusconstrucoes.com.br/imoveis/detalhe/40" "Mozilla/5.0 (Linux; Android 10; K) AppleWebKit/537.36 (KHTML, like Gecko) Chrome/119.0.0.0 Mobile Safari/537.36" 7220
179.224.188.183 - - [04/Nov/2023:06:57:41 -0300] "GET /img-render/imovel_imagem/m/163vg1-arq-im-018-sut-r01_4291.png HTTP/1.1" 200 385603 "https://www.canopusconstrucoes.com.br/imoveis/detalhe/40" "Mozilla/5.0 (Linux; Android 10; K) AppleWebKit/537.36 (KHTML, like Gecko) Chrome/119.0.0.0 Mobile Safari/537.36" 7200
179.224.188.183 - - [04/Nov/2023:06:57:42 -0300] "GET /img-render/imovel_imagem/m/163vg1-arq-im-021-is2-r00_9245.jpg HTTP/1.1" 200 40479 "https://www.canopusconstrucoes.com.br/imoveis/detalhe/40" "Mozilla/5.0 (Linux; Android 10; K) AppleWebKit/537.36 (KHTML, like Gecko) Chrome/119.0.0.0 Mobile Safari/537.36" 7218
179.224.188.183 - - [04/Nov/2023:06:57:42 -0300] "GET /img-render/imovel_imagem/m/163vg1-arq-im-013-plh-r00_7928.jpg HTTP/1.1" 200 33597 "https://www.canopusconstrucoes.com.br/imoveis/detalhe/40" "Mozilla/5.0 (Linux; Android 10; K) AppleWebKit/537.36 (KHTML, like Gecko) Chrome/119.0.0.0 Mobile Safari/537.36" 7213
179.224.188.183 - - [04/Nov/2023:06:57:42 -0300] "GET /img-render/imovel_imagem/m/163vg1-arq-im-014-plh-r00_3791.jpg HTTP/1.1" 200 52750 "https://www.canopusconstrucoes.com.br/imoveis/detalhe/40" "Mozilla/5.0 (Linux; Android 10; K) AppleWebKit/537.36 (KHTML, like Gecko) Chrome/119.0.0.0 Mobile Safari/537.36" 7226
179.224.188.183 - - [04/Nov/2023:06:58:18 -0300] "GET /imoveis/detalhe/18 HTTP/1.1" 200 39900 "https://www.canopusconstrucoes.com.br/" "Mozilla/5.0 (Linux; Android 10; K) AppleWebKit/537.36 (KHTML, like Gecko) Chrome/119.0.0.0 Mobile Safari/537.36" 7218
179.224.188.183 - - [04/Nov/2023:06:58:19 -0300] "GET /img-render/banner_topo/g/201701241716005887b6007228e_1453.jpg HTTP/1.1" 200 285193 "https://www.canopusconstrucoes.com.br/imoveis/detalhe/18" "Mozilla/5.0 (Linux; Android 10; K) AppleWebKit/537.36 (KHTML, like Gecko) Chrome/119.0.0.0 Mobile Safari/537.36" 7213
179.224.188.183 - - [04/Nov/2023:06:58:19 -0300] "GET /img-render/imovel_logo/m/logo-20161111153906_8998.jpg HTTP/1.1" 200 9986 "https://www.canopusconstrucoes.com.br/imoveis/detalhe/18" "Mozilla/5.0 (Linux; Android 10; K) AppleWebKit/537.36 (KHTML, like Gecko) Chrome/119.0.0.0 Mobile Safari/537.36" 7202
179.224.188.183 - - [04/Nov/2023:06:58:19 -0300] "GET /img-render/imovel_imagem/m/dji-0068_5576.JPG HTTP/1.1" 200 55357 "https://www.canopusconstrucoes.com.br/imoveis/detalhe/18" "Mozilla/5.0 (Linux; Android 10; K) AppleWebKit/537.36 (KHTML, like Gecko) Chrome/119.0.0.0 Mobile Safari/537.36" 7223
179.224.188.183 - - [04/Nov/2023:06:58:19 -0300] "GET /img-render/imovel_imagem/m/dji-0084_2812.JPG HTTP/1.1" 200 49980 "https://www.canopusconstrucoes.com.br/imoveis/detalhe/18" "Mozilla/5.0 (Linux; Android 10; K) AppleWebKit/537.36 (KHTML, like Gecko) Chrome/119.0.0.0 Mobile Safari/537.36" 7227
179.224.188.183 - - [04/Nov/2023:06:58:19 -0300] "GET /img-render/imovel_imagem/m/dji-0046_1731.JPG HTTP/1.1" 200 51458 "https://www.canopusconstrucoes.com.br/imoveis/detalhe/18" "Mozilla/5.0 (Linux; Android 10; K) AppleWebKit/537.36 (KHTML, like Gecko) Chrome/119.0.0.0 Mobile Safari/537.36" 7220
179.224.188.183 - - [04/Nov/2023:06:58:20 -0300] "GET /img-render/imovel_imagem/m/dji-0085_7614.JPG HTTP/1.1" 200 52868 "https://www.canopusconstrucoes.com.br/imoveis/detalhe/18" "Mozilla/5.0 (Linux; Android 10; K) AppleWebKit/537.36 (KHTML, like Gecko) Chrome/119.0.0.0 Mobile Safari/537.36" 7226
179.224.188.183 - - [04/Nov/2023:06:58:21 -0300] "GET /img-render/imovel_imagem/m/img-0396_1200.jpg HTTP/1.1" 200 29993 "https://www.canopusconstrucoes.com.br/imoveis/detalhe/18" "Mozilla/5.0 (Linux; Android 10; K) AppleWebKit/537.36 (KHTML, like Gecko) Chrome/119.0.0.0 Mobile Safari/537.36" 28702
179.224.188.183 - - [04/Nov/2023:06:58:21 -0300] "GET /img-render/imovel_imagem/m/img-0402_6248.jpg HTTP/1.1" 200 29277 "https://www.canopusconstrucoes.com.br/imoveis/detalhe/18" "Mozilla/5.0 (Linux; Android 10; K) AppleWebKit/537.36 (KHTML, like Gecko) Chrome/119.0.0.0 Mobile Safari/537.36" 7200
179.224.188.183 - - [04/Nov/2023:06:58:20 -0300] "GET /img-render/imovel_imagem/m/img-0388_7188.jpg HTTP/1.1" 200 42787 "https://www.canopusconstrucoes.com.br/imoveis/detalhe/18" "Mozilla/5.0 (Linux; Android 10; K) AppleWebKit/537.36 (KHTML, like Gecko) Chrome/119.0.0.0 Mobile Safari/537.36" 7229
179.224.188.183 - - [04/Nov/2023:06:58:21 -0300] "GET /img-render/imovel_imagem/m/img-0404_6802.jpg HTTP/1.1" 200 29190 "https://www.canopusconstrucoes.com.br/imoveis/detalhe/18" "Mozilla/5.0 (Linux; Android 10; K) AppleWebKit/537.36 (KHTML, like Gecko) Chrome/119.0.0.0 Mobile Safari/537.36" 28685
179.224.188.183 - - [04/Nov/2023:06:58:20 -0300] "GET /img-render/imovel_imagem/m/img-0392_4605.jpg HTTP/1.1" 200 47876 "https://www.canopusconstrucoes.com.br/imoveis/detalhe/18" "Mozilla/5.0 (Linux; Android 10; K) AppleWebKit/537.36 (KHTML, like Gecko) Chrome/119.0.0.0 Mobile Safari/537.36" 7230
179.224.188.183 - - [04/Nov/2023:06:58:20 -0300] "GET /img-render/imovel_imagem/m/img-0394_8286.jpg HTTP/1.1" 200 49446 "https://www.canopusconstrucoes.com.br/imoveis/detalhe/18" "Mozilla/5.0 (Linux; Android 10; K) AppleWebKit/537.36 (KHTML, like Gecko) Chrome/119.0.0.0 Mobile Safari/537.36" 7203
179.224.188.183 - - [04/Nov/2023:06:58:22 -0300] "GET /img-render/imovel_imagem/m/img-0412_3268.jpg HTTP/1.1" 200 30291 "https://www.canopusconstrucoes.com.br/imoveis/detalhe/18" "Mozilla/5.0 (Linux; Android 10; K) AppleWebKit/537.36 (KHTML, like Gecko) Chrome/119.0.0.0 Mobile Safari/537.36" 28703
179.224.188.183 - - [04/Nov/2023:06:58:22 -0300] "GET /img-render/imovel_imagem/m/img-0420_4532.jpg HTTP/1.1" 200 32698 "https://www.canopusconstrucoes.com.br/imoveis/detalhe/18" "Mozilla/5.0 (Linux; Android 10; K) AppleWebKit/537.36 (KHTML, like Gecko) Chrome/119.0.0.0 Mobile Safari/537.36" 28682
179.224.188.183 - - [04/Nov/2023:06:58:22 -0300] "GET /img-render/imovel_imagem/m/img-0425_7953.jpg HTTP/1.1" 200 32722 "https://www.canopusconstrucoes.com.br/imoveis/detalhe/18" "Mozilla/5.0 (Linux; Android 10; K) AppleWebKit/537.36 (KHTML, like Gecko) Chrome/119.0.0.0 Mobile Safari/537.36" 28689
179.224.188.183 - - [04/Nov/2023:06:59:07 -0300] "GET /imobiliarias-corretores HTTP/1.1" 200 25061 "https://www.canopusconstrucoes.com.br/" "Mozilla/5.0 (Linux; Android 10; K) AppleWebKit/537.36 (KHTML, like Gecko) Chrome/119.0.0.0 Mobile Safari/537.36" 28684
179.224.188.183 - - [04/Nov/2023:06:59:08 -0300] "GET /img/section-header/corretores.jpg HTTP/1.1" 200 117965 "https://www.canopusconstrucoes.com.br/imobiliarias-corretores" "Mozilla/5.0 (Linux; Android 10; K) AppleWebKit/537.36 (KHTML, like Gecko) Chrome/119.0.0.0 Mobile Safari/537.36" 28677
179.224.188.183 - - [04/Nov/2023:06:59:08 -0300] "GET /img/elements/element-border.png HTTP/1.1" 200 632 "https://www.canopusconstrucoes.com.br/css/site/app.css?v=4" "Mozilla/5.0 (Linux; Android 10; K) AppleWebKit/537.36 (KHTML, like Gecko) Chrome/119.0.0.0 Mobile Safari/537.36" 28685
66.249.66.11 - - [04/Nov/2023:06:59:08 -0300] "GET /img-render/imovel_imagem/g/163vg1-arq-im-012-cwk-r00_9971.jpg HTTP/1.1" 200 210105 "-" "Googlebot-Image/1.0" 36965
179.224.188.183 - - [04/Nov/2023:06:59:17 -0300] "GET /imoveis?estagio_id%5B%5D=2&min_quartos=&max_quartos= HTTP/1.1" 200 24932 "https://www.canopusconstrucoes.com.br/" "Mozilla/5.0 (Linux; Android 10; K) AppleWebKit/537.36 (KHTML, like Gecko) Chrome/119.0.0.0 Mobile Safari/537.36" 28692
179.224.188.183 - - [04/Nov/2023:06:59:18 -0300] "GET /img/section-header/imoveis.jpg HTTP/1.1" 200 218109 "https://www.canopusconstrucoes.com.br/imoveis?estagio_id%5B%5D=2&min_quartos=&max_quartos=" "Mozilla/5.0 (Linux; Android 10; K) AppleWebKit/537.36 (KHTML, like Gecko) Chrome/119.0.0.0 Mobile Safari/537.36" 28693
179.224.188.183 - - [04/Nov/2023:06:59:18 -0300] "GET /img-render/imovel_imagem/m/163vg1-arq-im-004-gua-r00_9859.jpg HTTP/1.1" 200 64508 "https://www.canopusconstrucoes.com.br/imoveis?estagio_id%5B%5D=2&min_quartos=&max_quartos=" "Mozilla/5.0 (Linux; Android 10; K) AppleWebKit/537.36 (KHTML, like Gecko) Chrome/119.0.0.0 Mobile Safari/537.36" 28682
179.224.188.183 - - [04/Nov/2023:06:59:18 -0300] "GET /img-render/imovel_imagem/m/guarita-3_9870.jpg HTTP/1.1" 200 53376 "https://www.canopusconstrucoes.com.br/imoveis?estagio_id%5B%5D=2&min_quartos=&max_quartos=" "Mozilla/5.0 (Linux; Android 10; K) AppleWebKit/537.36 (KHTML, like Gecko) Chrome/119.0.0.0 Mobile Safari/537.36" 28698
179.224.188.183 - - [04/Nov/2023:06:59:50 -0300] "GET /imoveis/detalhe/34 HTTP/1.1" 200 41654 "https://www.canopusconstrucoes.com.br/imoveis?estagio_id%5B%5D=2&min_quartos=&max_quartos=" "Mozilla/5.0 (Linux; Android 10; K) AppleWebKit/537.36 (KHTML, like Gecko) Chrome/119.0.0.0 Mobile Safari/537.36" 28693
179.224.188.183 - - [04/Nov/2023:06:59:51 -0300] "GET /img-render/imovel_imagem/m/fachada-1_2416.jpg HTTP/1.1" 200 62922 "https://www.canopusconstrucoes.com.br/imoveis/detalhe/34" "Mozilla/5.0 (Linux; Android 10; K) AppleWebKit/537.36 (KHTML, like Gecko) Chrome/119.0.0.0 Mobile Safari/537.36" 28699
179.224.188.183 - - [04/Nov/2023:06:59:52 -0300] "GET /img-render/imovel_imagem/m/piscina_2550.jpg HTTP/1.1" 200 60890 "https://www.canopusconstrucoes.com.br/imoveis/detalhe/34" "Mozilla/5.0 (Linux; Android 10; K) AppleWebKit/537.36 (KHTML, like Gecko) Chrome/119.0.0.0 Mobile Safari/537.36" 28681
179.224.188.183 - - [04/Nov/2023:06:59:52 -0300] "GET /img-render/imovel_imagem/m/festas_4503.jpg HTTP/1.1" 200 35870 "https://www.canopusconstrucoes.com.br/imoveis/detalhe/34" "Mozilla/5.0 (Linux; Android 10; K) AppleWebKit/537.36 (KHTML, like Gecko) Chrome/119.0.0.0 Mobile Safari/537.36" 28703
179.224.188.183 - - [04/Nov/2023:06:59:52 -0300] "GET /img-render/imovel_imagem/m/guarita-3_9870.jpg HTTP/1.1" 200 53376 "https://www.canopusconstrucoes.com.br/imoveis/detalhe/34" "Mozilla/5.0 (Linux; Android 10; K) AppleWebKit/537.36 (KHTML, like Gecko) Chrome/119.0.0.0 Mobile Safari/537.36" 28684
179.224.188.183 - - [04/Nov/2023:06:59:52 -0300] "GET /img-render/imovel_imagem/m/jogos_1300.jpg HTTP/1.1" 200 44980 "https://www.canopusconstrucoes.com.br/imoveis/detalhe/34" "Mozilla/5.0 (Linux; Android 10; K) AppleWebKit/537.36 (KHTML, like Gecko) Chrome/119.0.0.0 Mobile Safari/537.36" 28698
179.224.188.183 - - [04/Nov/2023:06:59:52 -0300] "GET /img-render/imovel_imagem/m/varanda_5995.JPG HTTP/1.1" 200 61486 "https://www.canopusconstrucoes.com.br/imoveis/detalhe/34" "Mozilla/5.0 (Linux; Android 10; K) AppleWebKit/537.36 (KHTML, like Gecko) Chrome/119.0.0.0 Mobile Safari/537.36" 28677
179.224.188.183 - - [04/Nov/2023:06:59:52 -0300] "GET /img-render/imovel_imagem/m/varanda_5730.JPG HTTP/1.1" 200 61486 "https://www.canopusconstrucoes.com.br/imoveis/detalhe/34" "Mozilla/5.0 (Linux; Android 10; K) AppleWebKit/537.36 (KHTML, like Gecko) Chrome/119.0.0.0 Mobile Safari/537.36" 28682
179.224.188.183 - - [04/Nov/2023:06:59:52 -0300] "GET /img-render/imovel_imagem/m/suite_6047.jpg HTTP/1.1" 200 43238 "https://www.canopusconstrucoes.com.br/imoveis/detalhe/34" "Mozilla/5.0 (Linux; Android 10; K) AppleWebKit/537.36 (KHTML, like Gecko) Chrome/119.0.0.0 Mobile Safari/537.36" 12877
179.224.188.183 - - [04/Nov/2023:06:59:53 -0300] "GET /img-render/imovel_imagem/m/kids_8564.jpg HTTP/1.1" 200 42774 "https://www.canopusconstrucoes.com.br/imoveis/detalhe/34" "Mozilla/5.0 (Linux; Android 10; K) AppleWebKit/537.36 (KHTML, like Gecko) Chrome/119.0.0.0 Mobile Safari/537.36" 12880
179.224.188.183 - - [04/Nov/2023:06:59:53 -0300] "GET /img-render/imovel_imagem/m/sala_6072.jpg HTTP/1.1" 200 55800 "https://www.canopusconstrucoes.com.br/imoveis/detalhe/34" "Mozilla/5.0 (Linux; Android 10; K) AppleWebKit/537.36 (KHTML, like Gecko) Chrome/119.0.0.0 Mobile Safari/537.36" 28685
179.224.188.183 - - [04/Nov/2023:06:59:53 -0300] "GET /img-render/imovel_imagem/m/pet_5969.jpg HTTP/1.1" 200 61899 "https://www.canopusconstrucoes.com.br/imoveis/detalhe/34" "Mozilla/5.0 (Linux; Android 10; K) AppleWebKit/537.36 (KHTML, like Gecko) Chrome/119.0.0.0 Mobile Safari/537.36" 12871
179.224.188.183 - - [04/Nov/2023:06:59:53 -0300] "GET /img-render/imovel_imagem/m/lazer_7466.jpg HTTP/1.1" 200 81907 "https://www.canopusconstrucoes.com.br/imoveis/detalhe/34" "Mozilla/5.0 (Linux; Android 10; K) AppleWebKit/537.36 (KHTML, like Gecko) Chrome/119.0.0.0 Mobile Safari/537.36" 12868
179.224.188.183 - - [04/Nov/2023:06:59:53 -0300] "GET /img-render/imovel_imagem/m/cozinha-1_5140.jpg HTTP/1.1" 200 29025 "https://www.canopusconstrucoes.com.br/imoveis/detalhe/34" "Mozilla/5.0 (Linux; Android 10; K) AppleWebKit/537.36 (KHTML, like Gecko) Chrome/119.0.0.0 Mobile Safari/537.36" 12878
179.224.188.183 - - [04/Nov/2023:06:59:53 -0300] "GET /img-render/imovel_imagem/m/planta-2q-02_7425.jpg HTTP/1.1" 200 34872 "https://www.canopusconstrucoes.com.br/imoveis/detalhe/34" "Mozilla/5.0 (Linux; Android 10; K) AppleWebKit/537.36 (KHTML, like Gecko) Chrome/119.0.0.0 Mobile Safari/537.36" 12889
179.224.188.183 - - [04/Nov/2023:06:59:53 -0300] "GET /img-render/imovel_imagem/m/planta-2q-meio_5904.jpg HTTP/1.1" 200 32802 "https://www.canopusconstrucoes.com.br/imoveis/detalhe/34" "Mozilla/5.0 (Linux; Android 10; K) AppleWebKit/537.36 (KHTML, like Gecko) Chrome/119.0.0.0 Mobile Safari/537.36" 12879
179.224.188.183 - - [04/Nov/2023:06:59:53 -0300] "GET /img-render/imovel_imagem/m/planta-3q-02-m2_7100.jpg HTTP/1.1" 200 35170 "https://www.canopusconstrucoes.com.br/imoveis/detalhe/34" "Mozilla/5.0 (Linux; Android 10; K) AppleWebKit/537.36 (KHTML, like Gecko) Chrome/119.0.0.0 Mobile Safari/537.36" 12867
179.224.188.183 - - [04/Nov/2023:06:59:53 -0300] "GET /img-render/imovel_imagem/m/planta-pcd-02_1546.jpg HTTP/1.1" 200 33178 "https://www.canopusconstrucoes.com.br/imoveis/detalhe/34" "Mozilla/5.0 (Linux; Android 10; K) AppleWebKit/537.36 (KHTML, like Gecko) Chrome/119.0.0.0 Mobile Safari/537.36" 12872
179.224.188.183 - - [04/Nov/2023:06:59:53 -0300] "GET /img-render/imovel_imagem/m/planta-3q-02_6366.jpg HTTP/1.1" 200 34983 "https://www.canopusconstrucoes.com.br/imoveis/detalhe/34" "Mozilla/5.0 (Linux; Android 10; K) AppleWebKit/537.36 (KHTML, like Gecko) Chrome/119.0.0.0 Mobile Safari/537.36" 12881
179.224.188.183 - - [04/Nov/2023:07:01:46 -0300] "GET /imoveis/detalhe/40 HTTP/1.1" 200 42875 "https://www.canopusconstrucoes.com.br/imoveis?estagio_id%5B%5D=2&min_quartos=&max_quartos=" "Mozilla/5.0 (Linux; Android 10; K) AppleWebKit/537.36 (KHTML, like Gecko) Chrome/119.0.0.0 Mobile Safari/537.36" 12894
179.224.188.183 - - [04/Nov/2023:07:01:47 -0300] "GET /img-render/imovel_imagem/m/163vg1-arq-im-004-gua-r00_9859.jpg HTTP/1.1" 200 64508 "https://www.canopusconstrucoes.com.br/imoveis/detalhe/40" "Mozilla/5.0 (Linux; Android 10; K) AppleWebKit/537.36 (KHTML, like Gecko) Chrome/119.0.0.0 Mobile Safari/537.36" 12889
179.224.188.183 - - [04/Nov/2023:07:01:47 -0300] "GET /img-render/imovel_imagem/m/163vg1-arq-im-006-int-r00_2994.jpg HTTP/1.1" 200 51407 "https://www.canopusconstrucoes.com.br/imoveis/detalhe/40" "Mozilla/5.0 (Linux; Android 10; K) AppleWebKit/537.36 (KHTML, like Gecko) Chrome/119.0.0.0 Mobile Safari/537.36" 12895
179.224.188.183 - - [04/Nov/2023:07:01:47 -0300] "GET /img-render/banner_topo/g/163vg1-arq-im-004-gua-r00_8488.jpg HTTP/1.1" 200 269294 "https://www.canopusconstrucoes.com.br/imoveis/detalhe/40" "Mozilla/5.0 (Linux; Android 10; K) AppleWebKit/537.36 (KHTML, like Gecko) Chrome/119.0.0.0 Mobile Safari/537.36" 12882
179.224.188.183 - - [04/Nov/2023:07:01:47 -0300] "GET /img-render/imovel_imagem/m/163vg1-arq-im-007-lz1-r00_3837.jpg HTTP/1.1" 200 82343 "https://www.canopusconstrucoes.com.br/imoveis/detalhe/40" "Mozilla/5.0 (Linux; Android 10; K) AppleWebKit/537.36 (KHTML, like Gecko) Chrome/119.0.0.0 Mobile Safari/537.36" 12864
179.224.188.183 - - [04/Nov/2023:07:01:47 -0300] "GET /img-render/imovel_imagem/m/163vg1-arq-im-008-lz2-r00_3374.jpg HTTP/1.1" 200 88393 "https://www.canopusconstrucoes.com.br/imoveis/detalhe/40" "Mozilla/5.0 (Linux; Android 10; K) AppleWebKit/537.36 (KHTML, like Gecko) Chrome/119.0.0.0 Mobile Safari/537.36" 12876
179.224.188.183 - - [04/Nov/2023:07:01:47 -0300] "GET /img-render/imovel_imagem/m/163vg1-arq-im-009-slf-r00_5791.jpg HTTP/1.1" 200 64200 "https://www.canopusconstrucoes.com.br/imoveis/detalhe/40" "Mozilla/5.0 (Linux; Android 10; K) AppleWebKit/537.36 (KHTML, like Gecko) Chrome/119.0.0.0 Mobile Safari/537.36" 12871
179.224.188.183 - - [04/Nov/2023:07:01:48 -0300] "GET /img-render/imovel_imagem/m/163vg1-arq-im-010-fit-r01_8161.jpg HTTP/1.1" 200 55156 "https://www.canopusconstrucoes.com.br/imoveis/detalhe/40" "Mozilla/5.0 (Linux; Android 10; K) AppleWebKit/537.36 (KHTML, like Gecko) Chrome/119.0.0.0 Mobile Safari/537.36" 12890
179.224.188.183 - - [04/Nov/2023:07:01:48 -0300] "GET /img-render/imovel_imagem/m/163vg1-arq-im-011-kds-r00_5122.jpg HTTP/1.1" 200 46358 "https://www.canopusconstrucoes.com.br/imoveis/detalhe/40" "Mozilla/5.0 (Linux; Android 10; K) AppleWebKit/537.36 (KHTML, like Gecko) Chrome/119.0.0.0 Mobile Safari/537.36" 12875
179.224.188.183 - - [04/Nov/2023:07:01:48 -0300] "GET /img-render/imovel_imagem/m/163vg1-arq-im-012-cwk-r00_9971.jpg HTTP/1.1" 200 55573 "https://www.canopusconstrucoes.com.br/imoveis/detalhe/40" "Mozilla/5.0 (Linux; Android 10; K) AppleWebKit/537.36 (KHTML, like Gecko) Chrome/119.0.0.0 Mobile Safari/537.36" 12865
179.224.188.183 - - [04/Nov/2023:07:01:48 -0300] "GET /img-render/imovel_imagem/m/163vg1-arq-im-015-sal-r01_6712.png HTTP/1.1" 200 377396 "https://www.canopusconstrucoes.com.br/imoveis/detalhe/40" "Mozilla/5.0 (Linux; Android 10; K) AppleWebKit/537.36 (KHTML, like Gecko) Chrome/119.0.0.0 Mobile Safari/537.36" 12873
179.224.188.183 - - [04/Nov/2023:07:01:48 -0300] "GET /img-render/imovel_imagem/m/163vg1-arq-im-016-coz-r00_2804.jpg HTTP/1.1" 200 30193 "https://www.canopusconstrucoes.com.br/imoveis/detalhe/40" "Mozilla/5.0 (Linux; Android 10; K) AppleWebKit/537.36 (KHTML, like Gecko) Chrome/119.0.0.0 Mobile Safari/537.36" 12872
