191.189.136.193 - - [06/Nov/2023:09:06:40 -0300] "GET /pastaonline/arquivo/20231106-090446-1-2-26817.jpeg HTTP/1.1" 200 198658 "https://www.canopusconstrucoes.com.br/pastaonline/consultaproposta.php?codigo=26817" "Mozilla/5.0 (Windows NT 10.0; Win64; x64) AppleWebKit/537.36 (KHTML, like Gecko) Chrome/119.0.0.0 Safari/537.36" 53514
181.222.3.13 - - [06/Nov/2023:09:06:46 -0300] "GET /pastaonline/arquivo/20231104-163250-4-0-26814.jpg HTTP/1.1" 200 59173 "https://www.canopusconstrucoes.com.br/pastaonline/consultaproposta.php?codigo=26814" "Mozilla/5.0 (Windows NT 10.0; Win64; x64) AppleWebKit/537.36 (KHTML, like Gecko) Chrome/118.0.0.0 Safari/537.36" 7631
191.189.136.193 - - [06/Nov/2023:09:06:43 -0300] "GET /pastaonline/arquivo/20231106-090446-2-0-26817.pdf HTTP/1.1" 200 807331 "https://www.canopusconstrucoes.com.br/pastaonline/consultaproposta.php?codigo=26817" "Mozilla/5.0 (Windows NT 10.0; Win64; x64) AppleWebKit/537.36 (KHTML, like Gecko) Chrome/119.0.0.0 Safari/537.36" 53516
66.249.88.76 - - [06/Nov/2023:09:06:50 -0300] "GET /pastaonline/imagens/email.jpg HTTP/1.1" 200 21116 "-" "Mozilla/5.0 (Windows NT 5.1; rv:11.0) Gecko Firefox/11.0 (via ggpht.com GoogleImageProxy)" 54553
181.222.3.13 - - [06/Nov/2023:09:06:50 -0300] "GET /pastaonline/cadastramovimentacao.php?codigo=26814 HTTP/1.1" 200 13181 "https://www.canopusconstrucoes.com.br/pastaonline/consultaproposta.php?codigo=26814" "Mozilla/5.0 (Windows NT 10.0; Win64; x64) AppleWebKit/537.36 (KHTML, like Gecko) Chrome/118.0.0.0 Safari/537.36" 7632
181.222.3.13 - - [06/Nov/2023:09:06:53 -0300] "POST /pastaonline/cadastramovimentacao.php?codigo=26814 HTTP/1.1" 200 13190 "https://www.canopusconstrucoes.com.br/pastaonline/cadastramovimentacao.php?codigo=26814" "Mozilla/5.0 (Windows NT 10.0; Win64; x64) AppleWebKit/537.36 (KHTML, like Gecko) Chrome/118.0.0.0 Safari/537.36" 7633
191.189.136.193 - - [06/Nov/2023:09:06:53 -0300] "GET /pastaonline/arquivo/20231106-090446-2-1-26817.pdf HTTP/1.1" 200 480936 "https://www.canopusconstrucoes.com.br/pastaonline/consultaproposta.php?codigo=26817" "Mozilla/5.0 (Windows NT 10.0; Win64; x64) AppleWebKit/537.36 (KHTML, like Gecko) Chrome/119.0.0.0 Safari/537.36" 53520
181.222.3.13 - - [06/Nov/2023:09:07:19 -0300] "POST /pastaonline/gravamovimentacao.php HTTP/1.1" 200 8970 "https://www.canopusconstrucoes.com.br/pastaonline/cadastramovimentacao.php?codigo=26814" "Mozilla/5.0 (Windows NT 10.0; Win64; x64) AppleWebKit/537.36 (KHTML, like Gecko) Chrome/118.0.0.0 Safari/537.36" 7634
181.222.3.13 - - [06/Nov/2023:09:07:20 -0300] "GET /pastaonline/consultaproposta.php?codigo=26814 HTTP/1.1" 200 76435 "https://www.canopusconstrucoes.com.br/pastaonline/gravamovimentacao.php" "Mozilla/5.0 (Windows NT 10.0; Win64; x64) AppleWebKit/537.36 (KHTML, like Gecko) Chrome/118.0.0.0 Safari/537.36" 7639
181.222.3.13 - - [06/Nov/2023:09:07:20 -0300] "GET /exemplo6/loading2.gif HTTP/1.1" 404 3593 "https://www.canopusconstrucoes.com.br/pastaonline/consultaproposta.php?codigo=26814" "Mozilla/5.0 (Windows NT 10.0; Win64; x64) AppleWebKit/537.36 (KHTML, like Gecko) Chrome/118.0.0.0 Safari/537.36" 7640
181.222.3.13 - - [06/Nov/2023:09:07:22 -0300] "GET /pastaonline/mostraproposta.php HTTP/1.1" 200 131318 "https://www.canopusconstrucoes.com.br/pastaonline/consultaproposta.php?codigo=26814" "Mozilla/5.0 (Windows NT 10.0; Win64; x64) AppleWebKit/537.36 (KHTML, like Gecko) Chrome/118.0.0.0 Safari/537.36" 7641
191.189.136.193 - - [06/Nov/2023:09:07:22 -0300] "POST /pastaonline/mostraproposta.php HTTP/1.1" 200 122218 "https://www.canopusconstrucoes.com.br/pastaonline/mostraproposta.php" "Mozilla/5.0 (Windows NT 10.0; Win64; x64) AppleWebKit/537.36 (KHTML, like Gecko) Chrome/118.0.0.0 Safari/537.36" 52121
181.222.3.13 - - [06/Nov/2023:09:07:22 -0300] "GET /exemplo6/loading2.gif HTTP/1.1" 404 3593 "https://www.canopusconstrucoes.com.br/pastaonline/mostraproposta.php" "Mozilla/5.0 (Windows NT 10.0; Win64; x64) AppleWebKit/537.36 (KHTML, like Gecko) Chrome/118.0.0.0 Safari/537.36" 7642
191.189.136.193 - - [06/Nov/2023:09:07:23 -0300] "GET /exemplo6/loading2.gif HTTP/1.1" 404 3593 "https://www.canopusconstrucoes.com.br/pastaonline/mostraproposta.php" "Mozilla/5.0 (Windows NT 10.0; Win64; x64) AppleWebKit/537.36 (KHTML, like Gecko) Chrome/118.0.0.0 Safari/537.36" 52120
191.189.136.193 - - [06/Nov/2023:09:07:24 -0300] "POST /pastaonline/consultaproposta.php?codigo=26765 HTTP/1.1" 200 107246 "https://www.canopusconstrucoes.com.br/pastaonline/mostraproposta.php" "Mozilla/5.0 (Windows NT 10.0; Win64; x64) AppleWebKit/537.36 (KHTML, like Gecko) Chrome/118.0.0.0 Safari/537.36" 52123
189.0.219.96 - - [06/Nov/2023:09:07:24 -0300] "GET /fonts/fonts.css HTTP/1.1" 200 1955 "-" "Mozilla/5.0 (Linux; Android 10; K) AppleWebKit/537.36 (KHTML, like Gecko) Chrome/119.0.0.0 Mobile Safari/537.36" 13100
191.189.136.193 - - [06/Nov/2023:09:07:24 -0300] "GET /exemplo6/loading2.gif HTTP/1.1" 404 3593 "https://www.canopusconstrucoes.com.br/pastaonline/consultaproposta.php?codigo=26765" "Mozilla/5.0 (Windows NT 10.0; Win64; x64) AppleWebKit/537.36 (KHTML, like Gecko) Chrome/118.0.0.0 Safari/537.36" 52122
189.0.219.96 - - [06/Nov/2023:09:07:24 -0300] "GET / HTTP/1.1" 200 44257 "https://www.google.com/" "Mozilla/5.0 (Linux; Android 10; K) AppleWebKit/537.36 (KHTML, like Gecko) Chrome/119.0.0.0 Mobile Safari/537.36" 13110
189.0.219.96 - - [06/Nov/2023:09:07:25 -0300] "GET /css/site/vendor.css HTTP/1.1" 200 142562 "-" "Mozilla/5.0 (Linux; Android 10; K) AppleWebKit/537.36 (KHTML, like Gecko) Chrome/119.0.0.0 Mobile Safari/537.36" 13102
189.0.219.96 - - [06/Nov/2023:09:07:26 -0300] "GET /img/icons/location.png HTTP/1.1" 200 3113 "https://www.canopusconstrucoes.com.br/" "Mozilla/5.0 (Linux; Android 10; K) AppleWebKit/537.36 (KHTML, like Gecko) Chrome/119.0.0.0 Mobile Safari/537.36" 13109
189.0.219.96 - - [06/Nov/2023:09:07:26 -0300] "GET /img/icons/clock.png HTTP/1.1" 200 3206 "https://www.canopusconstrucoes.com.br/" "Mozilla/5.0 (Linux; Android 10; K) AppleWebKit/537.36 (KHTML, like Gecko) Chrome/119.0.0.0 Mobile Safari/537.36" 13118
189.0.219.96 - - [06/Nov/2023:09:07:26 -0300] "GET /css/site/app.css?v=4 HTTP/1.1" 200 35660 "-" "Mozilla/5.0 (Linux; Android 10; K) AppleWebKit/537.36 (KHTML, like Gecko) Chrome/119.0.0.0 Mobile Safari/537.36" 13105
189.0.219.96 - - [06/Nov/2023:09:07:26 -0300] "GET /img/icons/phone.png HTTP/1.1" 200 3145 "https://www.canopusconstrucoes.com.br/" "Mozilla/5.0 (Linux; Android 10; K) AppleWebKit/537.36 (KHTML, like Gecko) Chrome/119.0.0.0 Mobile Safari/537.36" 13111
189.0.219.96 - - [06/Nov/2023:09:07:26 -0300] "GET /img/icons/logo-nav.png HTTP/1.1" 200 9394 "https://www.canopusconstrucoes.com.br/" "Mozilla/5.0 (Linux; Android 10; K) AppleWebKit/537.36 (KHTML, like Gecko) Chrome/119.0.0.0 Mobile Safari/537.36" 13092
189.0.219.96 - - [06/Nov/2023:09:07:27 -0300] "GET /img/icons/whatsapp.png HTTP/1.1" 200 3215 "https://www.canopusconstrucoes.com.br/" "Mozilla/5.0 (Linux; Android 10; K) AppleWebKit/537.36 (KHTML, like Gecko) Chrome/119.0.0.0 Mobile Safari/537.36" 13101
189.0.219.96 - - [06/Nov/2023:09:07:27 -0300] "GET /css/site/media-queries.css HTTP/1.1" 200 6437 "-" "Mozilla/5.0 (Linux; Android 10; K) AppleWebKit/537.36 (KHTML, like Gecko) Chrome/119.0.0.0 Mobile Safari/537.36" 13095
189.0.219.96 - - [06/Nov/2023:09:07:27 -0300] "GET /fonts/rubik-regular-webfont.woff2 HTTP/1.1" 200 27212 "https://www.canopusconstrucoes.com.br/fonts/fonts.css" "Mozilla/5.0 (Linux; Android 10; K) AppleWebKit/537.36 (KHTML, like Gecko) Chrome/119.0.0.0 Mobile Safari/537.36" 13099
189.0.219.96 - - [06/Nov/2023:09:07:27 -0300] "GET /fonts/rubik-bold-webfont.woff2 HTTP/1.1" 200 26692 "https://www.canopusconstrucoes.com.br/fonts/fonts.css" "Mozilla/5.0 (Linux; Android 10; K) AppleWebKit/537.36 (KHTML, like Gecko) Chrome/119.0.0.0 Mobile Safari/537.36" 13119
189.0.219.96 - - [06/Nov/2023:09:07:27 -0300] "GET /fonts/rubik-light-webfont.woff2 HTTP/1.1" 200 26500 "https://www.canopusconstrucoes.com.br/fonts/fonts.css" "Mozilla/5.0 (Linux; Android 10; K) AppleWebKit/537.36 (KHTML, like Gecko) Chrome/119.0.0.0 Mobile Safari/537.36" 13094
189.0.219.96 - - [06/Nov/2023:09:07:27 -0300] "GET /fonts/rubik-medium-webfont.woff2 HTTP/1.1" 200 26508 "https://www.canopusconstrucoes.com.br/fonts/fonts.css" "Mozilla/5.0 (Linux; Android 10; K) AppleWebKit/537.36 (KHTML, like Gecko) Chrome/119.0.0.0 Mobile Safari/537.36" 13104
189.0.219.96 - - [06/Nov/2023:09:07:27 -0300] "GET /img-render/imovel_imagem/m/guarita-3_9870.jpg HTTP/1.1" 200 53376 "https://www.canopusconstrucoes.com.br/" "Mozilla/5.0 (Linux; Android 10; K) AppleWebKit/537.36 (KHTML, like Gecko) Chrome/119.0.0.0 Mobile Safari/537.36" 13107
189.0.219.96 - - [06/Nov/2023:09:07:27 -0300] "GET /js/site/vendor.js HTTP/1.1" 200 254960 "https://www.canopusconstrucoes.com.br/" "Mozilla/5.0 (Linux; Android 10; K) AppleWebKit/537.36 (KHTML, like Gecko) Chrome/119.0.0.0 Mobile Safari/537.36" 13103
189.0.219.96 - - [06/Nov/2023:09:07:28 -0300] "GET /js/site/site.js HTTP/1.1" 200 4249 "https://www.canopusconstrucoes.com.br/" "Mozilla/5.0 (Linux; Android 10; K) AppleWebKit/537.36 (KHTML, like Gecko) Chrome/119.0.0.0 Mobile Safari/537.36" 13089
189.0.219.96 - - [06/Nov/2023:09:07:29 -0300] "GET /js/controle.js HTTP/1.1" 200 3083 "https://www.canopusconstrucoes.com.br/" "Mozilla/5.0 (Linux; Android 10; K) AppleWebKit/537.36 (KHTML, like Gecko) Chrome/119.0.0.0 Mobile Safari/537.36" 13112
189.0.219.96 - - [06/Nov/2023:09:07:29 -0300] "GET /img/icons/email.png HTTP/1.1" 200 3128 "https://www.canopusconstrucoes.com.br/" "Mozilla/5.0 (Linux; Android 10; K) AppleWebKit/537.36 (KHTML, like Gecko) Chrome/119.0.0.0 Mobile Safari/537.36" 13090
189.0.219.96 - - [06/Nov/2023:09:07:29 -0300] "GET /img/icons/person.png HTTP/1.1" 200 3243 "https://www.canopusconstrucoes.com.br/" "Mozilla/5.0 (Linux; Android 10; K) AppleWebKit/537.36 (KHTML, like Gecko) Chrome/119.0.0.0 Mobile Safari/537.36" 13116
189.0.219.96 - - [06/Nov/2023:09:07:29 -0300] "GET /img/icons/location2.png HTTP/1.1" 200 49540 "https://www.canopusconstrucoes.com.br/" "Mozilla/5.0 (Linux; Android 10; K) AppleWebKit/537.36 (KHTML, like Gecko) Chrome/119.0.0.0 Mobile Safari/537.36" 13113
189.0.219.96 - - [06/Nov/2023:09:07:29 -0300] "GET /img-render/facilidadecompra/m/vantagem-2_1674.png HTTP/1.1" 200 8604 "https://www.canopusconstrucoes.com.br/" "Mozilla/5.0 (Linux; Android 10; K) AppleWebKit/537.36 (KHTML, like Gecko) Chrome/119.0.0.0 Mobile Safari/537.36" 13096
189.0.219.96 - - [06/Nov/2023:09:07:29 -0300] "GET /img-render/facilidadecompra/m/vantagem-1_7754.png HTTP/1.1" 200 33145 "https://www.canopusconstrucoes.com.br/" "Mozilla/5.0 (Linux; Android 10; K) AppleWebKit/537.36 (KHTML, like Gecko) Chrome/119.0.0.0 Mobile Safari/537.36" 13109
189.0.219.96 - - [06/Nov/2023:09:07:29 -0300] "GET /img-render/facilidadecompra/m/vantagem-2_6279.png HTTP/1.1" 200 8583 "https://www.canopusconstrucoes.com.br/" "Mozilla/5.0 (Linux; Android 10; K) AppleWebKit/537.36 (KHTML, like Gecko) Chrome/119.0.0.0 Mobile Safari/537.36" 13118
189.0.219.96 - - [06/Nov/2023:09:07:29 -0300] "GET /img/elements/casal.png HTTP/1.1" 200 426591 "https://www.canopusconstrucoes.com.br/" "Mozilla/5.0 (Linux; Android 10; K) AppleWebKit/537.36 (KHTML, like Gecko) Chrome/119.0.0.0 Mobile Safari/537.36" 13117
189.0.219.96 - - [06/Nov/2023:09:07:30 -0300] "GET /img/icons/btt.png HTTP/1.1" 200 3799 "https://www.canopusconstrucoes.com.br/" "Mozilla/5.0 (Linux; Android 10; K) AppleWebKit/537.36 (KHTML, like Gecko) Chrome/119.0.0.0 Mobile Safari/537.36" 13111
191.189.136.193 - - [06/Nov/2023:09:07:30 -0300] "GET /pastaonline/mostraproposta.php HTTP/1.1" 200 112611 "https://www.canopusconstrucoes.com.br/pastaonline/consultaproposta.php?codigo=26765" "Mozilla/5.0 (Windows NT 10.0; Win64; x64) AppleWebKit/537.36 (KHTML, like Gecko) Chrome/118.0.0.0 Safari/537.36" 52125
189.0.219.96 - - [06/Nov/2023:09:07:30 -0300] "GET /img/icons/logo.png HTTP/1.1" 200 20785 "https://www.canopusconstrucoes.com.br/" "Mozilla/5.0 (Linux; Android 10; K) AppleWebKit/537.36 (KHTML, like Gecko) Chrome/119.0.0.0 Mobile Safari/537.36" 13093
189.0.219.96 - - [06/Nov/2023:09:07:31 -0300] "GET /img/icons/dot.png HTTP/1.1" 200 2812 "https://www.canopusconstrucoes.com.br/" "Mozilla/5.0 (Linux; Android 10; K) AppleWebKit/537.36 (KHTML, like Gecko) Chrome/119.0.0.0 Mobile Safari/537.36" 13091
189.0.219.96 - - [06/Nov/2023:09:07:30 -0300] "GET /img-render/facilidadecompra/m/vantagem-1_5965.png HTTP/1.1" 200 24194 "https://www.canopusconstrucoes.com.br/" "Mozilla/5.0 (Linux; Android 10; K) AppleWebKit/537.36 (KHTML, like Gecko) Chrome/119.0.0.0 Mobile Safari/537.36" 13110
189.0.219.96 - - [06/Nov/2023:09:07:28 -0300] "GET /js/admin/vendor.js HTTP/1.1" 200 214368 "https://www.canopusconstrucoes.com.br/" "Mozilla/5.0 (Linux; Android 10; K) AppleWebKit/537.36 (KHTML, like Gecko) Chrome/119.0.0.0 Mobile Safari/537.36" 13108
189.0.219.96 - - [06/Nov/2023:09:07:31 -0300] "GET /img/icons/instagram.png HTTP/1.1" 200 820 "https://www.canopusconstrucoes.com.br/" "Mozilla/5.0 (Linux; Android 10; K) AppleWebKit/537.36 (KHTML, like Gecko) Chrome/119.0.0.0 Mobile Safari/537.36" 13097
191.189.136.193 - - [06/Nov/2023:09:07:30 -0300] "GET /exemplo6/loading2.gif HTTP/1.1" 404 3593 "https://www.canopusconstrucoes.com.br/pastaonline/mostraproposta.php" "Mozilla/5.0 (Windows NT 10.0; Win64; x64) AppleWebKit/537.36 (KHTML, like Gecko) Chrome/118.0.0.0 Safari/537.36" 52126
189.0.219.96 - - [06/Nov/2023:09:07:31 -0300] "GET /img/icons/facebook.png HTTP/1.1" 200 518 "https://www.canopusconstrucoes.com.br/" "Mozilla/5.0 (Linux; Android 10; K) AppleWebKit/537.36 (KHTML, like Gecko) Chrome/119.0.0.0 Mobile Safari/537.36" 13114
189.0.219.96 - - [06/Nov/2023:09:07:31 -0300] "GET /img-render/imovel_imagem/m/photo-2021-06-11-09-39-51_1177.jpg HTTP/1.1" 200 39938 "https://www.canopusconstrucoes.com.br/" "Mozilla/5.0 (Linux; Android 10; K) AppleWebKit/537.36 (KHTML, like Gecko) Chrome/119.0.0.0 Mobile Safari/537.36" 13100
189.0.219.96 - - [06/Nov/2023:09:07:31 -0300] "GET /img-render/imovel_imagem/m/fachada_2418.jpg HTTP/1.1" 200 42585 "https://www.canopusconstrucoes.com.br/" "Mozilla/5.0 (Linux; Android 10; K) AppleWebKit/537.36 (KHTML, like Gecko) Chrome/119.0.0.0 Mobile Safari/537.36" 13098
189.0.219.96 - - [06/Nov/2023:09:07:31 -0300] "GET /img-render/imovel_imagem/m/163vg1-arq-im-004-gua-r00_9859.jpg HTTP/1.1" 200 64508 "https://www.canopusconstrucoes.com.br/" "Mozilla/5.0 (Linux; Android 10; K) AppleWebKit/537.36 (KHTML, like Gecko) Chrome/119.0.0.0 Mobile Safari/537.36" 13119
189.0.219.96 - - [06/Nov/2023:09:07:31 -0300] "GET /img-render/imovel_imagem/m/bloco_5646.jpg HTTP/1.1" 200 47633 "https://www.canopusconstrucoes.com.br/" "Mozilla/5.0 (Linux; Android 10; K) AppleWebKit/537.36 (KHTML, like Gecko) Chrome/119.0.0.0 Mobile Safari/537.36" 13104
189.0.219.96 - - [06/Nov/2023:09:07:31 -0300] "GET /img-render/imovel_imagem/m/dji-0046_1731.JPG HTTP/1.1" 200 51458 "https://www.canopusconstrucoes.com.br/" "Mozilla/5.0 (Linux; Android 10; K) AppleWebKit/537.36 (KHTML, like Gecko) Chrome/119.0.0.0 Mobile Safari/537.36" 13099
189.0.219.96 - - [06/Nov/2023:09:07:32 -0300] "GET /img/icons/btn2.png HTTP/1.1" 200 48309 "https://www.canopusconstrucoes.com.br/css/site/app.css?v=4" "Mozilla/5.0 (Linux; Android 10; K) AppleWebKit/537.36 (KHTML, like Gecko) Chrome/119.0.0.0 Mobile Safari/537.36" 13092
189.0.219.96 - - [06/Nov/2023:09:07:32 -0300] "GET /img/bg/bg-form.jpg HTTP/1.1" 200 90889 "https://www.canopusconstrucoes.com.br/css/site/app.css?v=4" "Mozilla/5.0 (Linux; Android 10; K) AppleWebKit/537.36 (KHTML, like Gecko) Chrome/119.0.0.0 Mobile Safari/537.36" 13101
189.0.219.96 - - [06/Nov/2023:09:07:34 -0300] "GET /img/site/favicon.ico HTTP/1.1" 200 1150 "https://www.canopusconstrucoes.com.br/" "Mozilla/5.0 (Linux; Android 10; K) AppleWebKit/537.36 (KHTML, like Gecko) Chrome/119.0.0.0 Mobile Safari/537.36" 13116
181.222.3.13 - - [06/Nov/2023:09:07:34 -0300] "POST /pastaonline/mostraproposta.php HTTP/1.1" 200 82845 "https://www.canopusconstrucoes.com.br/pastaonline/mostraproposta.php" "Mozilla/5.0 (Windows NT 10.0; Win64; x64) AppleWebKit/537.36 (KHTML, like Gecko) Chrome/118.0.0.0 Safari/537.36" 7643
191.189.136.193 - - [06/Nov/2023:09:07:34 -0300] "POST /pastaonline/mostraproposta.php HTTP/1.1" 200 86292 "https://www.canopusconstrucoes.com.br/pastaonline/mostraproposta.php" "Mozilla/5.0 (Windows NT 10.0; Win64; x64) AppleWebKit/537.36 (KHTML, like Gecko) Chrome/118.0.0.0 Safari/537.36" 52127
181.222.3.13 - - [06/Nov/2023:09:07:34 -0300] "GET /exemplo6/loading2.gif HTTP/1.1" 404 3593 "https://www.canopusconstrucoes.com.br/pastaonline/mostraproposta.php" "Mozilla/5.0 (Windows NT 10.0; Win64; x64) AppleWebKit/537.36 (KHTML, like Gecko) Chrome/118.0.0.0 Safari/537.36" 7644
191.189.136.193 - - [06/Nov/2023:09:07:34 -0300] "GET /exemplo6/loading2.gif HTTP/1.1" 404 3593 "https://www.canopusconstrucoes.com.br/pastaonline/mostraproposta.php" "Mozilla/5.0 (Windows NT 10.0; Win64; x64) AppleWebKit/537.36 (KHTML, like Gecko) Chrome/118.0.0.0 Safari/537.36" 52128
181.222.3.13 - - [06/Nov/2023:09:07:36 -0300] "GET /pastaonline/mostraproposta.php HTTP/1.1" 200 131318 "https://www.canopusconstrucoes.com.br/pastaonline/mostraproposta.php" "Mozilla/5.0 (Windows NT 10.0; Win64; x64) AppleWebKit/537.36 (KHTML, like Gecko) Chrome/118.0.0.0 Safari/537.36" 7645
191.189.136.193 - - [06/Nov/2023:09:07:36 -0300] "POST /pastaonline/consultaproposta.php?codigo=23760 HTTP/1.1" 200 101310 "https://www.canopusconstrucoes.com.br/pastaonline/mostraproposta.php" "Mozilla/5.0 (Windows NT 10.0; Win64; x64) AppleWebKit/537.36 (KHTML, like Gecko) Chrome/118.0.0.0 Safari/537.36" 52130
181.222.3.13 - - [06/Nov/2023:09:07:36 -0300] "GET /exemplo6/loading2.gif HTTP/1.1" 404 3593 "https://www.canopusconstrucoes.com.br/pastaonline/mostraproposta.php" "Mozilla/5.0 (Windows NT 10.0; Win64; x64) AppleWebKit/537.36 (KHTML, like Gecko) Chrome/118.0.0.0 Safari/537.36" 7646
191.189.136.193 - - [06/Nov/2023:09:07:36 -0300] "GET /exemplo6/loading2.gif HTTP/1.1" 404 3593 "https://www.canopusconstrucoes.com.br/pastaonline/consultaproposta.php?codigo=23760" "Mozilla/5.0 (Windows NT 10.0; Win64; x64) AppleWebKit/537.36 (KHTML, like Gecko) Chrome/118.0.0.0 Safari/537.36" 52129
191.188.205.125 - - [06/Nov/2023:09:08:18 -0300] "GET /contato HTTP/1.1" 200 24961 "https://www.google.com/" "Mozilla/5.0 (Windows NT 10.0; Win64; x64) AppleWebKit/537.36 (KHTML, like Gecko) Chrome/119.0.0.0 Safari/537.36" 63480
191.188.205.125 - - [06/Nov/2023:09:08:18 -0300] "GET /fonts/fonts.css HTTP/1.1" 200 1955 "https://www.canopusconstrucoes.com.br/contato" "Mozilla/5.0 (Windows NT 10.0; Win64; x64) AppleWebKit/537.36 (KHTML, like Gecko) Chrome/119.0.0.0 Safari/537.36" 63481
191.188.205.125 - - [06/Nov/2023:09:08:18 -0300] "GET /css/site/media-queries.css HTTP/1.1" 200 6437 "https://www.canopusconstrucoes.com.br/contato" "Mozilla/5.0 (Windows NT 10.0; Win64; x64) AppleWebKit/537.36 (KHTML, like Gecko) Chrome/119.0.0.0 Safari/537.36" 63493
191.188.205.125 - - [06/Nov/2023:09:08:18 -0300] "GET /img/icons/location.png HTTP/1.1" 200 3113 "https://www.canopusconstrucoes.com.br/contato" "Mozilla/5.0 (Windows NT 10.0; Win64; x64) AppleWebKit/537.36 (KHTML, like Gecko) Chrome/119.0.0.0 Safari/537.36" 63498
191.188.205.125 - - [06/Nov/2023:09:08:18 -0300] "GET /css/site/app.css?v=4 HTTP/1.1" 200 35660 "https://www.canopusconstrucoes.com.br/contato" "Mozilla/5.0 (Windows NT 10.0; Win64; x64) AppleWebKit/537.36 (KHTML, like Gecko) Chrome/119.0.0.0 Safari/537.36" 63497
191.188.205.125 - - [06/Nov/2023:09:08:18 -0300] "GET /css/site/vendor.css HTTP/1.1" 200 142562 "https://www.canopusconstrucoes.com.br/contato" "Mozilla/5.0 (Windows NT 10.0; Win64; x64) AppleWebKit/537.36 (KHTML, like Gecko) Chrome/119.0.0.0 Safari/537.36" 63492
191.188.205.125 - - [06/Nov/2023:09:08:18 -0300] "GET /img/icons/clock.png HTTP/1.1" 200 3206 "https://www.canopusconstrucoes.com.br/contato" "Mozilla/5.0 (Windows NT 10.0; Win64; x64) AppleWebKit/537.36 (KHTML, like Gecko) Chrome/119.0.0.0 Safari/537.36" 63491
191.188.205.125 - - [06/Nov/2023:09:08:18 -0300] "GET /img/icons/phone.png HTTP/1.1" 200 3145 "https://www.canopusconstrucoes.com.br/contato" "Mozilla/5.0 (Windows NT 10.0; Win64; x64) AppleWebKit/537.36 (KHTML, like Gecko) Chrome/119.0.0.0 Safari/537.36" 63505
191.188.205.125 - - [06/Nov/2023:09:08:19 -0300] "GET /img/icons/logo-nav.png HTTP/1.1" 200 9394 "https://www.canopusconstrucoes.com.br/contato" "Mozilla/5.0 (Windows NT 10.0; Win64; x64) AppleWebKit/537.36 (KHTML, like Gecko) Chrome/119.0.0.0 Safari/537.36" 63510
191.188.205.125 - - [06/Nov/2023:09:08:19 -0300] "GET /img/icons/whatsapp.png HTTP/1.1" 200 3215 "https://www.canopusconstrucoes.com.br/contato" "Mozilla/5.0 (Windows NT 10.0; Win64; x64) AppleWebKit/537.36 (KHTML, like Gecko) Chrome/119.0.0.0 Safari/537.36" 63512
191.188.205.125 - - [06/Nov/2023:09:08:19 -0300] "GET /fonts/rubik-regular-webfont.woff2 HTTP/1.1" 200 27212 "https://www.canopusconstrucoes.com.br/fonts/fonts.css" "Mozilla/5.0 (Windows NT 10.0; Win64; x64) AppleWebKit/537.36 (KHTML, like Gecko) Chrome/119.0.0.0 Safari/537.36" 63521
191.188.205.125 - - [06/Nov/2023:09:08:19 -0300] "GET /fonts/rubik-medium-webfont.woff2 HTTP/1.1" 200 26508 "https://www.canopusconstrucoes.com.br/fonts/fonts.css" "Mozilla/5.0 (Windows NT 10.0; Win64; x64) AppleWebKit/537.36 (KHTML, like Gecko) Chrome/119.0.0.0 Safari/537.36" 63520
191.188.205.125 - - [06/Nov/2023:09:08:19 -0300] "GET /fonts/rubik-bold-webfont.woff2 HTTP/1.1" 200 26692 "https://www.canopusconstrucoes.com.br/fonts/fonts.css" "Mozilla/5.0 (Windows NT 10.0; Win64; x64) AppleWebKit/537.36 (KHTML, like Gecko) Chrome/119.0.0.0 Safari/537.36" 63527
191.188.205.125 - - [06/Nov/2023:09:08:19 -0300] "GET /fonts/rubik-light-webfont.woff2 HTTP/1.1" 200 26500 "https://www.canopusconstrucoes.com.br/fonts/fonts.css" "Mozilla/5.0 (Windows NT 10.0; Win64; x64) AppleWebKit/537.36 (KHTML, like Gecko) Chrome/119.0.0.0 Safari/537.36" 63528
191.188.205.125 - - [06/Nov/2023:09:08:19 -0300] "GET /img/icons/phone2.png HTTP/1.1" 200 755 "https://www.canopusconstrucoes.com.br/contato" "Mozilla/5.0 (Windows NT 10.0; Win64; x64) AppleWebKit/537.36 (KHTML, like Gecko) Chrome/119.0.0.0 Safari/537.36" 63522
191.188.205.125 - - [06/Nov/2023:09:08:19 -0300] "GET /img/section-header/contato.jpg HTTP/1.1" 200 51518 "https://www.canopusconstrucoes.com.br/contato" "Mozilla/5.0 (Windows NT 10.0; Win64; x64) AppleWebKit/537.36 (KHTML, like Gecko) Chrome/119.0.0.0 Safari/537.36" 63523
191.188.205.125 - - [06/Nov/2023:09:08:19 -0300] "GET /img/icons/email2.png HTTP/1.1" 200 768 "https://www.canopusconstrucoes.com.br/contato" "Mozilla/5.0 (Windows NT 10.0; Win64; x64) AppleWebKit/537.36 (KHTML, like Gecko) Chrome/119.0.0.0 Safari/537.36" 63546
191.188.205.125 - - [06/Nov/2023:09:08:19 -0300] "GET /img/icons/location3.png HTTP/1.1" 200 761 "https://www.canopusconstrucoes.com.br/contato" "Mozilla/5.0 (Windows NT 10.0; Win64; x64) AppleWebKit/537.36 (KHTML, like Gecko) Chrome/119.0.0.0 Safari/537.36" 63547
191.188.205.125 - - [06/Nov/2023:09:08:19 -0300] "GET /js/site/site.js HTTP/1.1" 200 4249 "https://www.canopusconstrucoes.com.br/contato" "Mozilla/5.0 (Windows NT 10.0; Win64; x64) AppleWebKit/537.36 (KHTML, like Gecko) Chrome/119.0.0.0 Safari/537.36" 63550
191.188.205.125 - - [06/Nov/2023:09:08:19 -0300] "GET /js/controle.js HTTP/1.1" 200 3083 "https://www.canopusconstrucoes.com.br/contato" "Mozilla/5.0 (Windows NT 10.0; Win64; x64) AppleWebKit/537.36 (KHTML, like Gecko) Chrome/119.0.0.0 Safari/537.36" 63553
191.188.205.125 - - [06/Nov/2023:09:08:19 -0300] "GET /img/icons/email.png HTTP/1.1" 200 3128 "https://www.canopusconstrucoes.com.br/contato" "Mozilla/5.0 (Windows NT 10.0; Win64; x64) AppleWebKit/537.36 (KHTML, like Gecko) Chrome/119.0.0.0 Safari/537.36" 63557
191.188.205.125 - - [06/Nov/2023:09:08:19 -0300] "GET /img/icons/person.png HTTP/1.1" 200 3243 "https://www.canopusconstrucoes.com.br/contato" "Mozilla/5.0 (Windows NT 10.0; Win64; x64) AppleWebKit/537.36 (KHTML, like Gecko) Chrome/119.0.0.0 Safari/537.36" 63555
191.188.205.125 - - [06/Nov/2023:09:08:19 -0300] "GET /img/icons/btt.png HTTP/1.1" 200 3799 "https://www.canopusconstrucoes.com.br/contato" "Mozilla/5.0 (Windows NT 10.0; Win64; x64) AppleWebKit/537.36 (KHTML, like Gecko) Chrome/119.0.0.0 Safari/537.36" 63559
191.188.205.125 - - [06/Nov/2023:09:08:19 -0300] "GET /img/icons/logo.png HTTP/1.1" 200 20785 "https://www.canopusconstrucoes.com.br/contato" "Mozilla/5.0 (Windows NT 10.0; Win64; x64) AppleWebKit/537.36 (KHTML, like Gecko) Chrome/119.0.0.0 Safari/537.36" 63567
191.188.205.125 - - [06/Nov/2023:09:08:19 -0300] "GET /img/icons/dot.png HTTP/1.1" 200 2812 "https://www.canopusconstrucoes.com.br/contato" "Mozilla/5.0 (Windows NT 10.0; Win64; x64) AppleWebKit/537.36 (KHTML, like Gecko) Chrome/119.0.0.0 Safari/537.36" 63569
191.188.205.125 - - [06/Nov/2023:09:08:19 -0300] "GET /img/icons/facebook.png HTTP/1.1" 200 518 "https://www.canopusconstrucoes.com.br/contato" "Mozilla/5.0 (Windows NT 10.0; Win64; x64) AppleWebKit/537.36 (KHTML, like Gecko) Chrome/119.0.0.0 Safari/537.36" 63580
191.188.205.125 - - [06/Nov/2023:09:08:19 -0300] "GET /img/icons/instagram.png HTTP/1.1" 200 820 "https://www.canopusconstrucoes.com.br/contato" "Mozilla/5.0 (Windows NT 10.0; Win64; x64) AppleWebKit/537.36 (KHTML, like Gecko) Chrome/119.0.0.0 Safari/537.36" 63579
191.188.205.125 - - [06/Nov/2023:09:08:19 -0300] "GET /js/admin/vendor.js HTTP/1.1" 200 214368 "https://www.canopusconstrucoes.com.br/contato" "Mozilla/5.0 (Windows NT 10.0; Win64; x64) AppleWebKit/537.36 (KHTML, like Gecko) Chrome/119.0.0.0 Safari/537.36" 63552
191.188.205.125 - - [06/Nov/2023:09:08:19 -0300] "GET /js/site/vendor.js HTTP/1.1" 200 254960 "https://www.canopusconstrucoes.com.br/contato" "Mozilla/5.0 (Windows NT 10.0; Win64; x64) AppleWebKit/537.36 (KHTML, like Gecko) Chrome/119.0.0.0 Safari/537.36" 63549
191.188.205.125 - - [06/Nov/2023:09:08:20 -0300] "GET /img/site/favicon.ico HTTP/1.1" 200 1150 "https://www.canopusconstrucoes.com.br/contato" "Mozilla/5.0 (Windows NT 10.0; Win64; x64) AppleWebKit/537.36 (KHTML, like Gecko) Chrome/119.0.0.0 Safari/537.36" 63603
191.189.136.193 - - [06/Nov/2023:09:08:21 -0300] "GET /pastaonline/mostraproposta.php HTTP/1.1" 200 112608 "https://www.canopusconstrucoes.com.br/pastaonline/consultaproposta.php?codigo=26153" "Mozilla/5.0 (Windows NT 10.0; Win64; x64) AppleWebKit/537.36 (KHTML, like Gecko) Chrome/118.0.0.0 Safari/537.36" 61629
191.189.136.193 - - [06/Nov/2023:09:08:22 -0300] "GET /exemplo6/loading2.gif HTTP/1.1" 404 3593 "https://www.canopusconstrucoes.com.br/pastaonline/mostraproposta.php" "Mozilla/5.0 (Windows NT 10.0; Win64; x64) AppleWebKit/537.36 (KHTML, like Gecko) Chrome/118.0.0.0 Safari/537.36" 61630
191.189.136.193 - - [06/Nov/2023:09:08:29 -0300] "POST /pastaonline/consultaproposta.php?codigo=26771 HTTP/1.1" 200 81000 "https://www.canopusconstrucoes.com.br/pastaonline/mostraproposta.php" "Mozilla/5.0 (Windows NT 10.0; Win64; x64) AppleWebKit/537.36 (KHTML, like Gecko) Chrome/118.0.0.0 Safari/537.36" 61632
191.189.136.193 - - [06/Nov/2023:09:08:29 -0300] "GET /exemplo6/loading2.gif HTTP/1.1" 404 3593 "https://www.canopusconstrucoes.com.br/pastaonline/consultaproposta.php?codigo=26771" "Mozilla/5.0 (Windows NT 10.0; Win64; x64) AppleWebKit/537.36 (KHTML, like Gecko) Chrome/118.0.0.0 Safari/537.36" 61633
191.189.136.193 - - [06/Nov/2023:09:08:34 -0300] "POST /pastaonline/mostraproposta.php HTTP/1.1" 200 82860 "https://www.canopusconstrucoes.com.br/pastaonline/mostraproposta.php" "Mozilla/5.0 (Windows NT 10.0; Win64; x64) AppleWebKit/537.36 (KHTML, like Gecko) Chrome/118.0.0.0 Safari/537.36" 54448
191.189.136.193 - - [06/Nov/2023:09:08:34 -0300] "GET /exemplo6/loading2.gif HTTP/1.1" 404 3593 "https://www.canopusconstrucoes.com.br/pastaonline/mostraproposta.php" "Mozilla/5.0 (Windows NT 10.0; Win64; x64) AppleWebKit/537.36 (KHTML, like Gecko) Chrome/118.0.0.0 Safari/537.36" 54449
191.189.136.193 - - [06/Nov/2023:09:08:45 -0300] "POST /pastaonline/consultaproposta.php?codigo=26787 HTTP/1.1" 200 87632 "https://www.canopusconstrucoes.com.br/pastaonline/mostraproposta.php" "Mozilla/5.0 (Windows NT 10.0; Win64; x64) AppleWebKit/537.36 (KHTML, like Gecko) Chrome/118.0.0.0 Safari/537.36" 54452
191.189.136.193 - - [06/Nov/2023:09:08:46 -0300] "GET /exemplo6/loading2.gif HTTP/1.1" 404 3593 "https://www.canopusconstrucoes.com.br/pastaonline/consultaproposta.php?codigo=26787" "Mozilla/5.0 (Windows NT 10.0; Win64; x64) AppleWebKit/537.36 (KHTML, like Gecko) Chrome/118.0.0.0 Safari/537.36" 54451
52.167.144.22 - - [06/Nov/2023:09:08:56 -0300] "GET / HTTP/1.1" 302 221 "-" "Mozilla/5.0 AppleWebKit/537.36 (KHTML, like Gecko; compatible; MicrosoftPreview/2.0; +https://aka.ms/MicrosoftPreview) Chrome/100.0.4896.127 Safari/537.36" 1989
52.167.144.22 - - [06/Nov/2023:09:08:57 -0300] "GET / HTTP/1.1" 200 44257 "-" "Mozilla/5.0 AppleWebKit/537.36 (KHTML, like Gecko; compatible; MicrosoftPreview/2.0; +https://aka.ms/MicrosoftPreview) Chrome/100.0.4896.127 Safari/537.36" 1987
167.250.139.101 - - [06/Nov/2023:09:09:19 -0300] "GET / HTTP/1.1" 200 44257 "https://www.google.com/" "Mozilla/5.0 (Linux; Android 10; K) AppleWebKit/537.36 (KHTML, like Gecko) Chrome/114.0.0.0 Mobile Safari/537.36" 3659
191.189.136.193 - - [06/Nov/2023:09:09:20 -0300] "GET /pastaonline/mostraproposta.php HTTP/1.1" 200 112611 "https://www.canopusconstrucoes.com.br/pastaonline/consultaproposta.php?codigo=23760" "Mozilla/5.0 (Windows NT 10.0; Win64; x64) AppleWebKit/537.36 (KHTML, like Gecko) Chrome/118.0.0.0 Safari/537.36" 52134
167.250.139.101 - - [06/Nov/2023:09:09:21 -0300] "GET /img/icons/location2.png HTTP/1.1" 200 49540 "https://www.canopusconstrucoes.com.br/" "Mozilla/5.0 (Linux; Android 10; K) AppleWebKit/537.36 (KHTML, like Gecko) Chrome/114.0.0.0 Mobile Safari/537.36" 3980
167.250.139.101 - - [06/Nov/2023:09:09:21 -0300] "GET /fonts/rubik-light-webfont.woff2 HTTP/1.1" 200 26500 "https://www.canopusconstrucoes.com.br/fonts/fonts.css" "Mozilla/5.0 (Linux; Android 10; K) AppleWebKit/537.36 (KHTML, like Gecko) Chrome/114.0.0.0 Mobile Safari/537.36" 3637
191.189.136.193 - - [06/Nov/2023:09:09:21 -0300] "GET /exemplo6/loading2.gif HTTP/1.1" 404 3593 "https://www.canopusconstrucoes.com.br/pastaonline/mostraproposta.php" "Mozilla/5.0 (Windows NT 10.0; Win64; x64) AppleWebKit/537.36 (KHTML, like Gecko) Chrome/118.0.0.0 Safari/537.36" 52133
167.250.139.101 - - [06/Nov/2023:09:09:21 -0300] "GET /img/elements/casal.png HTTP/1.1" 200 426591 "https://www.canopusconstrucoes.com.br/" "Mozilla/5.0 (Linux; Android 10; K) AppleWebKit/537.36 (KHTML, like Gecko) Chrome/114.0.0.0 Mobile Safari/537.36" 3738
167.250.139.101 - - [06/Nov/2023:09:09:21 -0300] "GET /img-render/facilidadecompra/m/vantagem-2_6279.png HTTP/1.1" 200 8583 "https://www.canopusconstrucoes.com.br/" "Mozilla/5.0 (Linux; Android 10; K) AppleWebKit/537.36 (KHTML, like Gecko) Chrome/114.0.0.0 Mobile Safari/537.36" 3854
167.250.139.101 - - [06/Nov/2023:09:09:21 -0300] "GET /img-render/facilidadecompra/m/vantagem-1_7754.png HTTP/1.1" 200 33145 "https://www.canopusconstrucoes.com.br/" "Mozilla/5.0 (Linux; Android 10; K) AppleWebKit/537.36 (KHTML, like Gecko) Chrome/114.0.0.0 Mobile Safari/537.36" 3850
167.250.139.101 - - [06/Nov/2023:09:09:21 -0300] "GET /img-render/facilidadecompra/m/vantagem-2_1674.png HTTP/1.1" 200 8604 "https://www.canopusconstrucoes.com.br/" "Mozilla/5.0 (Linux; Android 10; K) AppleWebKit/537.36 (KHTML, like Gecko) Chrome/114.0.0.0 Mobile Safari/537.36" 3588
167.250.139.101 - - [06/Nov/2023:09:09:21 -0300] "GET /img-render/imovel_imagem/m/guarita-3_9870.jpg HTTP/1.1" 200 53376 "https://www.canopusconstrucoes.com.br/" "Mozilla/5.0 (Linux; Android 10; K) AppleWebKit/537.36 (KHTML, like Gecko) Chrome/114.0.0.0 Mobile Safari/537.36" 3897
167.250.139.101 - - [06/Nov/2023:09:09:21 -0300] "GET /img-render/facilidadecompra/m/vantagem-1_5965.png HTTP/1.1" 200 24194 "https://www.canopusconstrucoes.com.br/" "Mozilla/5.0 (Linux; Android 10; K) AppleWebKit/537.36 (KHTML, like Gecko) Chrome/114.0.0.0 Mobile Safari/537.36" 4053
167.250.139.101 - - [06/Nov/2023:09:09:22 -0300] "GET /img/bg/bg-form.jpg HTTP/1.1" 200 90889 "https://www.canopusconstrucoes.com.br/css/site/app.css?v=4" "Mozilla/5.0 (Linux; Android 10; K) AppleWebKit/537.36 (KHTML, like Gecko) Chrome/114.0.0.0 Mobile Safari/537.36" 3673
167.250.139.101 - - [06/Nov/2023:09:09:22 -0300] "GET /img-render/imovel_imagem/m/fachada_2418.jpg HTTP/1.1" 200 42585 "https://www.canopusconstrucoes.com.br/" "Mozilla/5.0 (Linux; Android 10; K) AppleWebKit/537.36 (KHTML, like Gecko) Chrome/114.0.0.0 Mobile Safari/537.36" 3773
167.250.139.101 - - [06/Nov/2023:09:09:22 -0300] "GET /img-render/imovel_imagem/m/photo-2021-06-11-09-39-51_1177.jpg HTTP/1.1" 200 39938 "https://www.canopusconstrucoes.com.br/" "Mozilla/5.0 (Linux; Android 10; K) AppleWebKit/537.36 (KHTML, like Gecko) Chrome/114.0.0.0 Mobile Safari/537.36" 3632
167.250.139.101 - - [06/Nov/2023:09:09:22 -0300] "GET /img-render/imovel_imagem/m/163vg1-arq-im-004-gua-r00_9859.jpg HTTP/1.1" 200 64508 "https://www.canopusconstrucoes.com.br/" "Mozilla/5.0 (Linux; Android 10; K) AppleWebKit/537.36 (KHTML, like Gecko) Chrome/114.0.0.0 Mobile Safari/537.36" 4052
167.250.139.101 - - [06/Nov/2023:09:09:22 -0300] "GET /img-render/imovel_imagem/m/bloco_5646.jpg HTTP/1.1" 200 47633 "https://www.canopusconstrucoes.com.br/" "Mozilla/5.0 (Linux; Android 10; K) AppleWebKit/537.36 (KHTML, like Gecko) Chrome/114.0.0.0 Mobile Safari/537.36" 3834
167.250.139.101 - - [06/Nov/2023:09:09:22 -0300] "GET /img-render/imovel_imagem/m/dji-0046_1731.JPG HTTP/1.1" 200 51458 "https://www.canopusconstrucoes.com.br/" "Mozilla/5.0 (Linux; Android 10; K) AppleWebKit/537.36 (KHTML, like Gecko) Chrome/114.0.0.0 Mobile Safari/537.36" 3594
167.250.139.101 - - [06/Nov/2023:09:09:23 -0300] "GET /img/icons/btn2.png HTTP/1.1" 200 48309 "https://www.canopusconstrucoes.com.br/css/site/app.css?v=4" "Mozilla/5.0 (Linux; Android 10; K) AppleWebKit/537.36 (KHTML, like Gecko) Chrome/114.0.0.0 Mobile Safari/537.36" 4051
191.189.136.193 - - [06/Nov/2023:09:09:24 -0300] "POST /pastaonline/mostraproposta.php HTTP/1.1" 200 86292 "https://www.canopusconstrucoes.com.br/pastaonline/mostraproposta.php" "Mozilla/5.0 (Windows NT 10.0; Win64; x64) AppleWebKit/537.36 (KHTML, like Gecko) Chrome/118.0.0.0 Safari/537.36" 52136
191.189.136.193 - - [06/Nov/2023:09:09:25 -0300] "GET /exemplo6/loading2.gif HTTP/1.1" 404 3593 "https://www.canopusconstrucoes.com.br/pastaonline/mostraproposta.php" "Mozilla/5.0 (Windows NT 10.0; Win64; x64) AppleWebKit/537.36 (KHTML, like Gecko) Chrome/118.0.0.0 Safari/537.36" 52135
191.189.136.193 - - [06/Nov/2023:09:09:28 -0300] "POST /pastaonline/consultaproposta.php?codigo=26586 HTTP/1.1" 200 85638 "https://www.canopusconstrucoes.com.br/pastaonline/mostraproposta.php" "Mozilla/5.0 (Windows NT 10.0; Win64; x64) AppleWebKit/537.36 (KHTML, like Gecko) Chrome/118.0.0.0 Safari/537.36" 52138
191.189.136.193 - - [06/Nov/2023:09:09:28 -0300] "GET /exemplo6/loading2.gif HTTP/1.1" 404 3593 "https://www.canopusconstrucoes.com.br/pastaonline/consultaproposta.php?codigo=26586" "Mozilla/5.0 (Windows NT 10.0; Win64; x64) AppleWebKit/537.36 (KHTML, like Gecko) Chrome/118.0.0.0 Safari/537.36" 52139
191.189.136.193 - - [06/Nov/2023:09:09:31 -0300] "GET /pastaonline/arquivo/20231106-090446-3-0-26817.pdf HTTP/1.1" 200 449052 "https://www.canopusconstrucoes.com.br/pastaonline/consultaproposta.php?codigo=26817" "Mozilla/5.0 (Windows NT 10.0; Win64; x64) AppleWebKit/537.36 (KHTML, like Gecko) Chrome/119.0.0.0 Safari/537.36" 53529
167.250.139.101 - - [06/Nov/2023:09:09:36 -0300] "GET /a-canopus HTTP/1.1" 200 32099 "https://www.canopusconstrucoes.com.br/" "Mozilla/5.0 (Linux; Android 10; K) AppleWebKit/537.36 (KHTML, like Gecko) Chrome/114.0.0.0 Mobile Safari/537.36" 3690
167.250.139.101 - - [06/Nov/2023:09:09:37 -0300] "GET /img-render/parceiro/pp/premios_8195.png HTTP/1.1" 200 7795 "https://www.canopusconstrucoes.com.br/a-canopus" "Mozilla/5.0 (Linux; Android 10; K) AppleWebKit/537.36 (KHTML, like Gecko) Chrome/114.0.0.0 Mobile Safari/537.36" 3780
167.250.139.101 - - [06/Nov/2023:09:09:37 -0300] "GET /img/bg/bg-group.png HTTP/1.1" 200 301404 "https://www.canopusconstrucoes.com.br/css/site/app.css?v=4" "Mozilla/5.0 (Linux; Android 10; K) AppleWebKit/537.36 (KHTML, like Gecko) Chrome/114.0.0.0 Mobile Safari/537.36" 4045
167.250.139.101 - - [06/Nov/2023:09:09:37 -0300] "GET /img-render/parceiro/pp/logo-patio_8992.png HTTP/1.1" 200 12850 "https://www.canopusconstrucoes.com.br/a-canopus" "Mozilla/5.0 (Linux; Android 10; K) AppleWebKit/537.36 (KHTML, like Gecko) Chrome/114.0.0.0 Mobile Safari/537.36" 4052
167.250.139.101 - - [06/Nov/2023:09:09:37 -0300] "GET /img-render/parceiro/pp/logo-postocns_4360.png HTTP/1.1" 200 7255 "https://www.canopusconstrucoes.com.br/a-canopus" "Mozilla/5.0 (Linux; Android 10; K) AppleWebKit/537.36 (KHTML, like Gecko) Chrome/114.0.0.0 Mobile Safari/537.36" 3999
167.250.139.101 - - [06/Nov/2023:09:09:37 -0300] "GET /img-render/parceiro/pp/canopus_4666.png HTTP/1.1" 200 9453 "https://www.canopusconstrucoes.com.br/a-canopus" "Mozilla/5.0 (Linux; Android 10; K) AppleWebKit/537.36 (KHTML, like Gecko) Chrome/114.0.0.0 Mobile Safari/537.36" 3937
167.250.139.101 - - [06/Nov/2023:09:09:37 -0300] "GET /img-render/parceiro/pp/angulo_2281.png HTTP/1.1" 200 11405 "https://www.canopusconstrucoes.com.br/a-canopus" "Mozilla/5.0 (Linux; Android 10; K) AppleWebKit/537.36 (KHTML, like Gecko) Chrome/114.0.0.0 Mobile Safari/537.36" 4039
191.189.136.193 - - [06/Nov/2023:09:09:37 -0300] "GET /pastaonline/arquivo/20231106-090446-4-0-26817.pdf HTTP/1.1" 200 546450 "https://www.canopusconstrucoes.com.br/pastaonline/consultaproposta.php?codigo=26817" "Mozilla/5.0 (Windows NT 10.0; Win64; x64) AppleWebKit/537.36 (KHTML, like Gecko) Chrome/119.0.0.0 Safari/537.36" 53530
191.189.136.193 - - [06/Nov/2023:09:09:41 -0300] "GET /pastaonline/mostraproposta.php HTTP/1.1" 200 112611 "https://www.canopusconstrucoes.com.br/pastaonline/consultaproposta.php?codigo=26586" "Mozilla/5.0 (Windows NT 10.0; Win64; x64) AppleWebKit/537.36 (KHTML, like Gecko) Chrome/118.0.0.0 Safari/537.36" 52141
191.189.136.193 - - [06/Nov/2023:09:09:42 -0300] "GET /exemplo6/loading2.gif HTTP/1.1" 404 3593 "https://www.canopusconstrucoes.com.br/pastaonline/mostraproposta.php" "Mozilla/5.0 (Windows NT 10.0; Win64; x64) AppleWebKit/537.36 (KHTML, like Gecko) Chrome/118.0.0.0 Safari/537.36" 52142
191.189.136.193 - - [06/Nov/2023:09:09:45 -0300] "POST /pastaonline/mostraproposta.php HTTP/1.1" 200 86292 "https://www.canopusconstrucoes.com.br/pastaonline/mostraproposta.php" "Mozilla/5.0 (Windows NT 10.0; Win64; x64) AppleWebKit/537.36 (KHTML, like Gecko) Chrome/118.0.0.0 Safari/537.36" 52143
191.189.136.193 - - [06/Nov/2023:09:09:45 -0300] "GET /exemplo6/loading2.gif HTTP/1.1" 404 3593 "https://www.canopusconstrucoes.com.br/pastaonline/mostraproposta.php" "Mozilla/5.0 (Windows NT 10.0; Win64; x64) AppleWebKit/537.36 (KHTML, like Gecko) Chrome/118.0.0.0 Safari/537.36" 52144
191.189.136.193 - - [06/Nov/2023:09:09:49 -0300] "GET /pastaonline/arquivo/20231106-090446-5-0-26817.pdf HTTP/1.1" 200 149948 "https://www.canopusconstrucoes.com.br/pastaonline/consultaproposta.php?codigo=26817" "Mozilla/5.0 (Windows NT 10.0; Win64; x64) AppleWebKit/537.36 (KHTML, like Gecko) Chrome/119.0.0.0 Safari/537.36" 53534
191.189.136.193 - - [06/Nov/2023:09:09:56 -0300] "POST /pastaonline/consultaproposta.php?codigo=23760 HTTP/1.1" 200 101310 "https://www.canopusconstrucoes.com.br/pastaonline/mostraproposta.php" "Mozilla/5.0 (Windows NT 10.0; Win64; x64) AppleWebKit/537.36 (KHTML, like Gecko) Chrome/118.0.0.0 Safari/537.36" 52145
191.189.136.193 - - [06/Nov/2023:09:09:56 -0300] "GET /exemplo6/loading2.gif HTTP/1.1" 404 3593 "https://www.canopusconstrucoes.com.br/pastaonline/consultaproposta.php?codigo=23760" "Mozilla/5.0 (Windows NT 10.0; Win64; x64) AppleWebKit/537.36 (KHTML, like Gecko) Chrome/118.0.0.0 Safari/537.36" 52146
191.189.136.193 - - [06/Nov/2023:09:10:15 -0300] "GET /pastaonline/cadastramovimentacao.php?codigo=26817 HTTP/1.1" 200 13181 "https://www.canopusconstrucoes.com.br/pastaonline/consultaproposta.php?codigo=26817" "Mozilla/5.0 (Windows NT 10.0; Win64; x64) AppleWebKit/537.36 (KHTML, like Gecko) Chrome/119.0.0.0 Safari/537.36" 53535
191.189.136.193 - - [06/Nov/2023:09:10:17 -0300] "GET /pastaonline/mostraproposta.php HTTP/1.1" 200 112611 "https://www.canopusconstrucoes.com.br/pastaonline/consultaproposta.php?codigo=23760" "Mozilla/5.0 (Windows NT 10.0; Win64; x64) AppleWebKit/537.36 (KHTML, like Gecko) Chrome/118.0.0.0 Safari/537.36" 52147
191.189.136.193 - - [06/Nov/2023:09:10:17 -0300] "GET /exemplo6/loading2.gif HTTP/1.1" 404 3593 "https://www.canopusconstrucoes.com.br/pastaonline/mostraproposta.php" "Mozilla/5.0 (Windows NT 10.0; Win64; x64) AppleWebKit/537.36 (KHTML, like Gecko) Chrome/118.0.0.0 Safari/537.36" 52148
191.189.136.193 - - [06/Nov/2023:09:10:20 -0300] "POST /pastaonline/cadastramovimentacao.php?codigo=26817 HTTP/1.1" 200 13190 "https://www.canopusconstrucoes.com.br/pastaonline/cadastramovimentacao.php?codigo=26817" "Mozilla/5.0 (Windows NT 10.0; Win64; x64) AppleWebKit/537.36 (KHTML, like Gecko) Chrome/119.0.0.0 Safari/537.36" 53537
191.189.136.193 - - [06/Nov/2023:09:10:21 -0300] "POST /pastaonline/mostraproposta.php HTTP/1.1" 200 86292 "https://www.canopusconstrucoes.com.br/pastaonline/mostraproposta.php" "Mozilla/5.0 (Windows NT 10.0; Win64; x64) AppleWebKit/537.36 (KHTML, like Gecko) Chrome/118.0.0.0 Safari/537.36" 52149
191.189.136.193 - - [06/Nov/2023:09:10:23 -0300] "GET /exemplo6/loading2.gif HTTP/1.1" 404 3593 "https://www.canopusconstrucoes.com.br/pastaonline/mostraproposta.php" "Mozilla/5.0 (Windows NT 10.0; Win64; x64) AppleWebKit/537.36 (KHTML, like Gecko) Chrome/118.0.0.0 Safari/537.36" 52150
191.189.136.193 - - [06/Nov/2023:09:10:32 -0300] "POST /pastaonline/consultaproposta.php?codigo=23760 HTTP/1.1" 200 101310 "https://www.canopusconstrucoes.com.br/pastaonline/mostraproposta.php" "Mozilla/5.0 (Windows NT 10.0; Win64; x64) AppleWebKit/537.36 (KHTML, like Gecko) Chrome/118.0.0.0 Safari/537.36" 52152
191.189.136.193 - - [06/Nov/2023:09:10:32 -0300] "GET /exemplo6/loading2.gif HTTP/1.1" 404 3593 "https://www.canopusconstrucoes.com.br/pastaonline/consultaproposta.php?codigo=23760" "Mozilla/5.0 (Windows NT 10.0; Win64; x64) AppleWebKit/537.36 (KHTML, like Gecko) Chrome/118.0.0.0 Safari/537.36" 52151
45.160.192.191 - - [06/Nov/2023:09:10:33 -0300] "GET /pastaonline/mostraproposta.php HTTP/1.1" 302 167407 "-" "Mozilla/5.0 (Windows NT 10.0; Win64; x64) AppleWebKit/537.36 (KHTML, like Gecko) Chrome/118.0.0.0 Safari/537.36" 37215
45.160.192.191 - - [06/Nov/2023:09:10:34 -0300] "GET /pastaonline/login.php HTTP/1.1" 200 17242 "-" "Mozilla/5.0 (Windows NT 10.0; Win64; x64) AppleWebKit/537.36 (KHTML, like Gecko) Chrome/118.0.0.0 Safari/537.36" 36945
45.160.192.191 - - [06/Nov/2023:09:10:35 -0300] "GET /exemplo6/loading2.gif HTTP/1.1" 404 3593 "https://www.canopusconstrucoes.com.br/pastaonline/login.php" "Mozilla/5.0 (Windows NT 10.0; Win64; x64) AppleWebKit/537.36 (KHTML, like Gecko) Chrome/118.0.0.0 Safari/537.36" 36536
45.160.192.191 - - [06/Nov/2023:09:10:40 -0300] "POST /pastaonline/validarsenha.php HTTP/1.1" 200 62 "https://www.canopusconstrucoes.com.br/pastaonline/login.php" "Mozilla/5.0 (Windows NT 10.0; Win64; x64) AppleWebKit/537.36 (KHTML, like Gecko) Chrome/118.0.0.0 Safari/537.36" 36840
45.160.192.191 - - [06/Nov/2023:09:10:41 -0300] "GET /pastaonline/mostraproposta.php HTTP/1.1" 200 167315 "https://www.canopusconstrucoes.com.br/pastaonline/validarsenha.php" "Mozilla/5.0 (Windows NT 10.0; Win64; x64) AppleWebKit/537.36 (KHTML, like Gecko) Chrome/118.0.0.0 Safari/537.36" 36959
45.160.192.191 - - [06/Nov/2023:09:10:42 -0300] "GET /exemplo6/loading2.gif HTTP/1.1" 404 3593 "https://www.canopusconstrucoes.com.br/pastaonline/mostraproposta.php" "Mozilla/5.0 (Windows NT 10.0; Win64; x64) AppleWebKit/537.36 (KHTML, like Gecko) Chrome/118.0.0.0 Safari/537.36" 37231
191.189.136.193 - - [06/Nov/2023:09:10:48 -0300] "GET /pastaonline/mostraproposta.php HTTP/1.1" 200 112610 "https://www.canopusconstrucoes.com.br/pastaonline/consultaproposta.php?codigo=21918" "Mozilla/5.0 (Windows NT 10.0; Win64; x64) AppleWebKit/537.36 (KHTML, like Gecko) Chrome/119.0.0.0 Safari/537.36 Edg/119.0.0.0" 49348
191.189.136.193 - - [06/Nov/2023:09:10:48 -0300] "GET /exemplo6/loading2.gif HTTP/1.1" 404 3593 "https://www.canopusconstrucoes.com.br/pastaonline/mostraproposta.php" "Mozilla/5.0 (Windows NT 10.0; Win64; x64) AppleWebKit/537.36 (KHTML, like Gecko) Chrome/119.0.0.0 Safari/537.36 Edg/119.0.0.0" 49349
191.189.136.193 - - [06/Nov/2023:09:10:49 -0300] "GET /pastaonline/mostraproposta.php HTTP/1.1" 200 112611 "https://www.canopusconstrucoes.com.br/pastaonline/consultaproposta.php?codigo=23760" "Mozilla/5.0 (Windows NT 10.0; Win64; x64) AppleWebKit/537.36 (KHTML, like Gecko) Chrome/118.0.0.0 Safari/537.36" 52154
191.189.136.193 - - [06/Nov/2023:09:10:49 -0300] "GET /exemplo6/loading2.gif HTTP/1.1" 404 3593 "https://www.canopusconstrucoes.com.br/pastaonline/mostraproposta.php" "Mozilla/5.0 (Windows NT 10.0; Win64; x64) AppleWebKit/537.36 (KHTML, like Gecko) Chrome/118.0.0.0 Safari/537.36" 52155
191.189.136.193 - - [06/Nov/2023:09:10:53 -0300] "POST /pastaonline/mostraproposta.php HTTP/1.1" 200 86292 "https://www.canopusconstrucoes.com.br/pastaonline/mostraproposta.php" "Mozilla/5.0 (Windows NT 10.0; Win64; x64) AppleWebKit/537.36 (KHTML, like Gecko) Chrome/118.0.0.0 Safari/537.36" 52156
191.189.136.193 - - [06/Nov/2023:09:10:53 -0300] "GET /exemplo6/loading2.gif HTTP/1.1" 404 3593 "https://www.canopusconstrucoes.com.br/pastaonline/mostraproposta.php" "Mozilla/5.0 (Windows NT 10.0; Win64; x64) AppleWebKit/537.36 (KHTML, like Gecko) Chrome/118.0.0.0 Safari/537.36" 52157
191.189.136.193 - - [06/Nov/2023:09:10:56 -0300] "POST /pastaonline/mostraproposta.php HTTP/1.1" 200 82929 "https://www.canopusconstrucoes.com.br/pastaonline/mostraproposta.php" "Mozilla/5.0 (Windows NT 10.0; Win64; x64) AppleWebKit/537.36 (KHTML, like Gecko) Chrome/119.0.0.0 Safari/537.36 Edg/119.0.0.0" 49354
191.189.136.193 - - [06/Nov/2023:09:10:56 -0300] "GET /exemplo6/loading2.gif HTTP/1.1" 404 3593 "https://www.canopusconstrucoes.com.br/pastaonline/mostraproposta.php" "Mozilla/5.0 (Windows NT 10.0; Win64; x64) AppleWebKit/537.36 (KHTML, like Gecko) Chrome/119.0.0.0 Safari/537.36 Edg/119.0.0.0" 49355
191.189.136.193 - - [06/Nov/2023:09:10:57 -0300] "POST /pastaonline/consultaproposta.php?codigo=22334 HTTP/1.1" 200 93411 "https://www.canopusconstrucoes.com.br/pastaonline/mostraproposta.php" "Mozilla/5.0 (Windows NT 10.0; Win64; x64) AppleWebKit/537.36 (KHTML, like Gecko) Chrome/119.0.0.0 Safari/537.36 Edg/119.0.0.0" 49359
191.189.136.193 - - [06/Nov/2023:09:10:58 -0300] "GET /exemplo6/loading2.gif HTTP/1.1" 404 3593 "https://www.canopusconstrucoes.com.br/pastaonline/consultaproposta.php?codigo=22334" "Mozilla/5.0 (Windows NT 10.0; Win64; x64) AppleWebKit/537.36 (KHTML, like Gecko) Chrome/119.0.0.0 Safari/537.36 Edg/119.0.0.0" 49360
191.189.136.193 - - [06/Nov/2023:09:10:59 -0300] "POST /pastaonline/consultaproposta.php?codigo=26586 HTTP/1.1" 200 85638 "https://www.canopusconstrucoes.com.br/pastaonline/mostraproposta.php" "Mozilla/5.0 (Windows NT 10.0; Win64; x64) AppleWebKit/537.36 (KHTML, like Gecko) Chrome/118.0.0.0 Safari/537.36" 52160
191.189.136.193 - - [06/Nov/2023:09:11:00 -0300] "GET /exemplo6/loading2.gif HTTP/1.1" 404 3593 "https://www.canopusconstrucoes.com.br/pastaonline/consultaproposta.php?codigo=26586" "Mozilla/5.0 (Windows NT 10.0; Win64; x64) AppleWebKit/537.36 (KHTML, like Gecko) Chrome/118.0.0.0 Safari/537.36" 52159
177.51.23.223 - - [06/Nov/2023:09:11:02 -0300] "GET /pastaonline/imagens/email.jpg HTTP/1.1" 200 21116 "-" "Mozilla/5.0 (iPhone; CPU iPhone OS 16_3_1 like Mac OS X) AppleWebKit/605.1.15 (KHTML, like Gecko) Mobile/15E148" 17054
177.51.23.223 - - [06/Nov/2023:09:11:02 -0300] "GET /pastaonline/imagens/email.jpg HTTP/1.1" 200 21116 "-" "Mozilla/5.0 (iPhone; CPU iPhone OS 16_3_1 like Mac OS X) AppleWebKit/605.1.15 (KHTML, like Gecko) Mobile/15E148" 17053
191.189.136.193 - - [06/Nov/2023:09:11:12 -0300] "GET /pastaonline/mostraproposta.php HTTP/1.1" 200 112611 "https://www.canopusconstrucoes.com.br/pastaonline/consultaproposta.php?codigo=26586" "Mozilla/5.0 (Windows NT 10.0; Win64; x64) AppleWebKit/537.36 (KHTML, like Gecko) Chrome/118.0.0.0 Safari/537.36" 52158
191.189.136.193 - - [06/Nov/2023:09:11:12 -0300] "GET /exemplo6/loading2.gif HTTP/1.1" 404 3593 "https://www.canopusconstrucoes.com.br/pastaonline/mostraproposta.php" "Mozilla/5.0 (Windows NT 10.0; Win64; x64) AppleWebKit/537.36 (KHTML, like Gecko) Chrome/118.0.0.0 Safari/537.36" 52161
191.189.136.193 - - [06/Nov/2023:09:11:15 -0300] "POST /pastaonline/mostraproposta.php HTTP/1.1" 200 86292 "https://www.canopusconstrucoes.com.br/pastaonline/mostraproposta.php" "Mozilla/5.0 (Windows NT 10.0; Win64; x64) AppleWebKit/537.36 (KHTML, like Gecko) Chrome/118.0.0.0 Safari/537.36" 52163
191.189.136.193 - - [06/Nov/2023:09:11:16 -0300] "GET /exemplo6/loading2.gif HTTP/1.1" 404 3593 "https://www.canopusconstrucoes.com.br/pastaonline/mostraproposta.php" "Mozilla/5.0 (Windows NT 10.0; Win64; x64) AppleWebKit/537.36 (KHTML, like Gecko) Chrome/118.0.0.0 Safari/537.36" 52162
191.189.136.193 - - [06/Nov/2023:09:11:17 -0300] "POST /pastaonline/consultaproposta.php?codigo=23760 HTTP/1.1" 200 101310 "https://www.canopusconstrucoes.com.br/pastaonline/mostraproposta.php" "Mozilla/5.0 (Windows NT 10.0; Win64; x64) AppleWebKit/537.36 (KHTML, like Gecko) Chrome/118.0.0.0 Safari/537.36" 52165
